Archive member included because of file (symbol)

C:/ProgramData/MATLAB/SupportPackages/R2021b/aIDE/portable/packages/arduino/hardware/sam/1.6.12/variants/arduino_due_x/libsam_sam3x8e_gcc_rel.a(startup_sam3xa.o)
                              (Reset_Handler)
C:/ProgramData/MATLAB/SupportPackages/R2021b/aIDE/portable/packages/arduino/hardware/sam/1.6.12/variants/arduino_due_x/libsam_sam3x8e_gcc_rel.a(uotghs.o)
                              C:/ProgramData/MATLAB/SupportPackages/R2021b/aIDE/portable/packages/arduino/hardware/sam/1.6.12/variants/arduino_due_x/libsam_sam3x8e_gcc_rel.a(startup_sam3xa.o) (UOTGHS_Handler)
C:/Users/ricci/DOCUME~1/MATLAB/R2021b/ARDUIN~1/ARDUIN~2/FASTER~1/libcore.a(hooks.o)
                              arm_m3_cortex_handler.o (sysTickHook)
C:/Users/ricci/DOCUME~1/MATLAB/R2021b/ARDUIN~1/ARDUIN~2/FASTER~1/libcore.a(syscalls_sam3.o)
                              (_sbrk)
C:/Users/ricci/DOCUME~1/MATLAB/R2021b/ARDUIN~1/ARDUIN~2/FASTER~1/libcore.a(wiring.o)
                              MW_SerialRead.o (millis)
C:/Users/ricci/DOCUME~1/MATLAB/R2021b/ARDUIN~1/ARDUIN~2/FASTER~1/libcore.a(wiring_analog.o)
                              callback.o (analogRead)
C:/Users/ricci/DOCUME~1/MATLAB/R2021b/ARDUIN~1/ARDUIN~2/FASTER~1/libcore.a(wiring_digital.o)
                              MW_arduino_digitalio.o (pinMode)
C:/Users/ricci/DOCUME~1/MATLAB/R2021b/ARDUIN~1/ARDUIN~2/FASTER~1/libcore.a(Print.o)
                              MW_SerialWrite.o (Print::print(char const*))
C:/Users/ricci/DOCUME~1/MATLAB/R2021b/ARDUIN~1/ARDUIN~2/FASTER~1/libcore.a(Reset.o)
                              arm_m3_cortex_handler.o (tickReset)
C:/Users/ricci/DOCUME~1/MATLAB/R2021b/ARDUIN~1/ARDUIN~2/FASTER~1/libcore.a(Stream.o)
                              MW_SerialRead.o (Stream::readBytes(char*, unsigned int))
C:/Users/ricci/DOCUME~1/MATLAB/R2021b/ARDUIN~1/ARDUIN~2/FASTER~1/libcore.a(UARTClass.o)
                              MW_SerialRead.o (UARTClass::available())
C:/Users/ricci/DOCUME~1/MATLAB/R2021b/ARDUIN~1/ARDUIN~2/FASTER~1/libcore.a(USARTClass.o)
                              io_wrappers.o (USARTClass::begin(unsigned long))
C:/Users/ricci/DOCUME~1/MATLAB/R2021b/ARDUIN~1/ARDUIN~2/FASTER~1/libcore.a(WString.o)
                              C:/Users/ricci/DOCUME~1/MATLAB/R2021b/ARDUIN~1/ARDUIN~2/FASTER~1/libcore.a(Stream.o) (String::String(char const*))
C:/Users/ricci/DOCUME~1/MATLAB/R2021b/ARDUIN~1/ARDUIN~2/FASTER~1/libcore.a(watchdog.o)
                              MW_ArduinoHWInit.o (watchdogDisable())
C:/Users/ricci/DOCUME~1/MATLAB/R2021b/ARDUIN~1/ARDUIN~2/FASTER~1/libcore.a(variant.o)
                              ert_main.o (init)
C:/Users/ricci/DOCUME~1/MATLAB/R2021b/ARDUIN~1/ARDUIN~2/FASTER~1/libcore.a(dtostrf.o)
                              C:/Users/ricci/DOCUME~1/MATLAB/R2021b/ARDUIN~1/ARDUIN~2/FASTER~1/libcore.a(WString.o) (dtostrf)
C:/Users/ricci/DOCUME~1/MATLAB/R2021b/ARDUIN~1/ARDUIN~2/FASTER~1/libcore.a(itoa.o)
                              C:/Users/ricci/DOCUME~1/MATLAB/R2021b/ARDUIN~1/ARDUIN~2/FASTER~1/libcore.a(WString.o) (ltoa)
C:/Users/ricci/DOCUME~1/MATLAB/R2021b/ARDUIN~1/ARDUIN~2/FASTER~1/libcore.a(abi.o)
                              C:/Users/ricci/DOCUME~1/MATLAB/R2021b/ARDUIN~1/ARDUIN~2/FASTER~1/libcore.a(Print.o) (__cxa_pure_virtual)
C:/Users/ricci/DOCUME~1/MATLAB/R2021b/ARDUIN~1/ARDUIN~2/FASTER~1/libcore.a(RingBuffer.o)
                              C:/Users/ricci/DOCUME~1/MATLAB/R2021b/ARDUIN~1/ARDUIN~2/FASTER~1/libcore.a(variant.o) (RingBuffer::RingBuffer())
C:/ProgramData/MATLAB/SupportPackages/R2021b/aIDE/portable/packages/arduino/hardware/sam/1.6.12/variants/arduino_due_x/libsam_sam3x8e_gcc_rel.a(pio.o)
                              C:/Users/ricci/DOCUME~1/MATLAB/R2021b/ARDUIN~1/ARDUIN~2/FASTER~1/libcore.a(wiring_digital.o) (PIO_PullUp)
C:/ProgramData/MATLAB/SupportPackages/R2021b/aIDE/portable/packages/arduino/hardware/sam/1.6.12/variants/arduino_due_x/libsam_sam3x8e_gcc_rel.a(pmc.o)
                              arduinoARMScheduler.o (pmc_enable_periph_clk)
C:/ProgramData/MATLAB/SupportPackages/R2021b/aIDE/portable/packages/arduino/hardware/sam/1.6.12/variants/arduino_due_x/libsam_sam3x8e_gcc_rel.a(pwmc.o)
                              C:/Users/ricci/DOCUME~1/MATLAB/R2021b/ARDUIN~1/ARDUIN~2/FASTER~1/libcore.a(wiring_analog.o) (PWMC_ConfigureChannel)
C:/ProgramData/MATLAB/SupportPackages/R2021b/aIDE/portable/packages/arduino/hardware/sam/1.6.12/variants/arduino_due_x/libsam_sam3x8e_gcc_rel.a(tc.o)
                              arduinoARMScheduler.o (TC_Configure)
C:/ProgramData/MATLAB/SupportPackages/R2021b/aIDE/portable/packages/arduino/hardware/sam/1.6.12/variants/arduino_due_x/libsam_sam3x8e_gcc_rel.a(timetick.o)
                              arm_m3_cortex_handler.o (TimeTick_Increment)
C:/ProgramData/MATLAB/SupportPackages/R2021b/aIDE/portable/packages/arduino/hardware/sam/1.6.12/variants/arduino_due_x/libsam_sam3x8e_gcc_rel.a(wdt.o)
[...]
Memory Configuration

Name             Origin             Length             Attributes
rom              0x00080000         0x00080000         xr
sram0            0x20000000         0x00010000         xrw
sram1            0x20080000         0x00008000         xrw
ram              0x20070000         0x00018000         xrw
*default*        0x00000000         0xffffffff

Linker script and memory map

LOAD c:/programdata/matlab/supportpackages/r2021b/aide/portable/packages/arduino/tools/arm-none-eabi-gcc/4.8.3-2014q1/bin/../lib/gcc/arm-none-eabi/4.8.3/armv7-m/crti.o
LOAD c:/programdata/matlab/supportpackages/r2021b/aide/portable/packages/arduino/tools/arm-none-eabi-gcc/4.8.3-2014q1/bin/../lib/gcc/arm-none-eabi/4.8.3/armv7-m/crtbegin.o
LOAD c:/programdata/matlab/supportpackages/r2021b/aide/portable/packages/arduino/tools/arm-none-eabi-gcc/4.8.3-2014q1/bin/../lib/gcc/arm-none-eabi/4.8.3/../../../../arm-none-eabi/lib/armv7-m/crt0.o
START GROUP
LOAD C:/ProgramData/MATLAB/SupportPackages/R2021b/aIDE/portable/packages/arduino/hardware/sam/1.6.12/variants/arduino_due_x/libsam_sam3x8e_gcc_rel.a
LOAD MW_arduino_digitalio.o
LOAD ProtocolDecoderUtilities.o
LOAD MW_SerialRead.o
LOAD MW_SerialWrite.o
LOAD board_testa.o
LOAD board_testa_data.o
LOAD callback.o
LOAD arm_m3_cortex_handler.o
LOAD MW_ArduinoHWInit.o
LOAD io_wrappers.o
LOAD arduinoARMScheduler.o
LOAD m3m4m4f_multitasking.o
LOAD ert_main.o
LOAD C:/Users/ricci/DOCUME~1/MATLAB/R2021b/ARDUIN~1/ARDUIN~2/FASTER~1/MW_RebuildSrc_Core.o
LOAD C:/Users/ricci/DOCUME~1/MATLAB/R2021b/ARDUIN~1/ARDUIN~2/FASTER~1/libcore.a
END GROUP
LOAD c:/programdata/matlab/supportpackages/r2021b/aide/portable/packages/arduino/tools/arm-none-eabi-gcc/4.8.3-2014q1/bin/../lib/gcc/arm-none-eabi/4.8.3/../../../../arm-none-eabi/lib/armv7-m\libm.a
LOAD C:/Users/ricci/DOCUME~1/MATLAB/R2021b/ARDUIN~1/ARDUIN~2/FASTER~1\libcore.a
START GROUP
LOAD c:/programdata/matlab/supportpackages/r2021b/aide/portable/packages/arduino/tools/arm-none-eabi-gcc/4.8.3-2014q1/bin/../lib/gcc/arm-none-eabi/4.8.3/armv7-m\libgcc.a
LOAD c:/programdata/matlab/supportpackages/r2021b/aide/portable/packages/arduino/tools/arm-none-eabi-gcc/4.8.3-2014q1/bin/../lib/gcc/arm-none-eabi/4.8.3/../../../../arm-none-eabi/lib/armv7-m\libg.a
LOAD c:/programdata/matlab/supportpackages/r2021b/aide/portable/packages/arduino/tools/arm-none-eabi-gcc/4.8.3-2014q1/bin/../lib/gcc/arm-none-eabi/4.8.3/../../../../arm-none-eabi/lib/armv7-m\libc.a
END GROUP
LOAD c:/programdata/matlab/supportpackages/r2021b/aide/portable/packages/arduino/tools/arm-none-eabi-gcc/4.8.3-2014q1/bin/../lib/gcc/arm-none-eabi/4.8.3/armv7-m/crtend.o
LOAD c:/programdata/matlab/supportpackages/r2021b/aide/portable/packages/arduino/tools/arm-none-eabi-gcc/4.8.3-2014q1/bin/../lib/gcc/arm-none-eabi/4.8.3/armv7-m/crtn.o

.text           0x00080000     0x6c00
                0x00080000                . = ALIGN (0x4)
                0x00080000                _sfixed = .
 *(.vectors .vectors.*)
 .vectors       0x00080000       0xf4 C:/ProgramData/MATLAB/SupportPackages/R2021b/aIDE/portable/packages/arduino/hardware/sam/1.6.12/variants/arduino_due_x/libsam_sam3x8e_gcc_rel.a(startup_sam3xa.o)
                0x00080000                exception_table
 *(.text .text.* .gnu.linkonce.t.*)
 .text          0x000800f4       0x54 c:/programdata/matlab/supportpackages/r2021b/aide/portable/packages/arduino/tools/arm-none-eabi-gcc/4.8.3-2014q1/bin/../lib/gcc/arm-none-eabi/4.8.3/armv7-m/crtbegin.o
 .text.Reset_Handler
                0x00080148       0x78 C:/ProgramData/MATLAB/SupportPackages/R2021b/aIDE/portable/packages/arduino/hardware/sam/1.6.12/variants/arduino_due_x/libsam_sam3x8e_gcc_rel.a(startup_sam3xa.o)
                0x00080148                Reset_Handler
 .text.UOTGHS_Handler
                0x000801c0       0x10 C:/ProgramData/MATLAB/SupportPackages/R2021b/aIDE/portable/packages/arduino/hardware/sam/1.6.12/variants/arduino_due_x/libsam_sam3x8e_gcc_rel.a(uotghs.o)
                0x000801c0                UOTGHS_Handler
 .text.digitalIOSetup
                0x000801d0        0xc MW_arduino_digitalio.o
                0x000801d0                digitalIOSetup
 .text.writeDigitalPin
                0x000801dc        0x8 MW_arduino_digitalio.o
                0x000801dc                writeDigitalPin
 .text.readPacket
                0x000801e4      0x1c4 ProtocolDecoderUtilities.o
                0x000801e4                readPacket
 .text.MW_Serial0_read
                0x000803a8       0x10 MW_SerialRead.o
                0x000803a8                MW_Serial0_read
 .text.MW_Serial1_read
                0x000803b8       0x10 MW_SerialRead.o
                0x000803b8                MW_Serial1_read
 .text.MW_Serial2_read
                0x000803c8       0x10 MW_SerialRead.o
                0x000803c8                MW_Serial2_read
 .text.MW_Serial3_read
                0x000803d8       0x10 MW_SerialRead.o
                0x000803d8                MW_Serial3_read
 .text.fillDataBuffer
                0x000803e8       0x44 MW_SerialRead.o
                0x000803e8                fillDataBuffer
 .text.MW_Serial_read
                0x0008042c       0x64 MW_SerialRead.o
                0x0008042c                MW_Serial_read
 .text.MW_Serial0_available
                0x00080490        0xc MW_SerialRead.o
                0x00080490                MW_Serial0_available
 .text.MW_Serial1_available
                0x0008049c        0xc MW_SerialRead.o
                0x0008049c                MW_Serial1_available
 .text.MW_Serial2_available
                0x000804a8        0xc MW_SerialRead.o
                0x000804a8                MW_Serial2_available
 .text.MW_Serial3_available
                0x000804b4        0xc MW_SerialRead.o
                0x000804b4                MW_Serial3_available
 .text.MW_SCI_Open
                0x000804c0       0x1e MW_SerialWrite.o
                0x000804c0                MW_SCI_Open
 *fill*         0x000804de        0x2 
 .text.MW_Serial_write
                0x000804e0      0x5dc MW_SerialWrite.o
                0x000804e0                MW_Serial_write
 .text.ProtocolDecoderBase_get_DataTyp.constprop.1
                0x00080abc      0x154 board_testa.o
 .text.rt_roundd_snf
                0x00080c10       0x80 board_testa.o
                0x00080c10                rt_roundd_snf
 .text.board_testa_step
                0x00080c90      0x634 board_testa.o
                0x00080c90                board_testa_step
 .text.board_testa_initialize
                0x000812c4      0x160 board_testa.o
                0x000812c4                board_testa_initialize
 .text.board_testa_terminate
                0x00081424       0x58 board_testa.o
                0x00081424                board_testa_terminate
 .text.__halt   0x0008147c        0x2 arm_m3_cortex_handler.o
                0x0008147c                DACC_Handler
                0x0008147c                DebugMon_Handler
                0x0008147c                DMAC_Handler
                0x0008147c                TRNG_Handler
                0x0008147c                HardFault_Handler
                0x0008147c                TC2_Handler
                0x0008147c                TWI1_Handler
                0x0008147c                NMI_Handler
                0x0008147c                TC7_Handler
                0x0008147c                ADC_Handler
                0x0008147c                SMC_Handler
                0x0008147c                RTT_Handler
                0x0008147c                EFC1_Handler
                0x0008147c                PIOB_Handler
                0x0008147c                RTC_Handler
                0x0008147c                UsageFault_Handler
                0x0008147c                TC6_Handler
                0x0008147c                WDT_Handler
                0x0008147c                CAN0_Handler
                0x0008147c                TC4_Handler
                0x0008147c                TC1_Handler
                0x0008147c                HSMCI_Handler
                0x0008147c                TC3_Handler
                0x0008147c                TWI0_Handler
                0x0008147c                PIOA_Handler
                0x0008147c                SSC_Handler
                0x0008147c                EFC0_Handler
                0x0008147c                PMC_Handler
                0x0008147c                PWM_Handler
                0x0008147c                CAN1_Handler
                0x0008147c                MemManage_Handler
                0x0008147c                SUPC_Handler
                0x0008147c                USART2_Handler
                0x0008147c                PIOD_Handler
                0x0008147c                EMAC_Handler
                0x0008147c                PIOC_Handler
                0x0008147c                BusFault_Handler
                0x0008147c                RSTC_Handler
                0x0008147c                TC0_Handler
                0x0008147c                TC5_Handler
                0x0008147c                SPI0_Handler
 .text.SysTick_Handler
                0x0008147e       0x16 arm_m3_cortex_handler.o
                0x0008147e                SysTick_Handler
 .text.MW_Arduino_Init
                0x00081494       0x14 MW_ArduinoHWInit.o
                0x00081494                MW_Arduino_Init
 .text.MW_Arduino_Terminate
                0x000814a8        0x2 MW_ArduinoHWInit.o
                0x000814a8                MW_Arduino_Terminate
 *fill*         0x000814aa        0x2 
 .text.Serial_begin
                0x000814ac       0x34 io_wrappers.o
                0x000814ac                Serial_begin
 .text._ZL13Scheduler_Isrv
                0x000814e0       0x14 arduinoARMScheduler.o
 .text.TC8_Handler
                0x000814f4       0x20 arduinoARMScheduler.o
                0x000814f4                TC8_Handler
 .text.Setup_SchedulerTimer
                0x00081514       0x84 arduinoARMScheduler.o
                0x00081514                Setup_SchedulerTimer
 .text.configureArduinoARMTimer
                0x00081598       0x40 arduinoARMScheduler.o
                0x00081598                configureArduinoARMTimer
 .text.MW_Arduino_Loop
                0x000815d8        0x4 arduinoARMScheduler.o
                0x000815d8                MW_Arduino_Loop
 .text.PendSV_Handler
                0x000815dc       0x3c m3m4m4f_multitasking.o
                0x000815dc                PendSV_Handler
 .text.SVC_Handler
                0x00081618       0x4c m3m4m4f_multitasking.o
                0x00081618                SVC_Handler
 .text.rt_OneStep
                0x00081664       0x30 ert_main.o
                0x00081664                rt_OneStep
 .text.startup.main
                0x00081694       0x6c ert_main.o
                0x00081694                main
 .text.__false  0x00081700        0x4 C:/Users/ricci/DOCUME~1/MATLAB/R2021b/ARDUIN~1/ARDUIN~2/FASTER~1/libcore.a(hooks.o)
                0x00081700                sysTickHook
 .text._sbrk    0x00081704       0x1c C:/Users/ricci/DOCUME~1/MATLAB/R2021b/ARDUIN~1/ARDUIN~2/FASTER~1/libcore.a(syscalls_sam3.o)
                0x00081704                _sbrk
 .text.link     0x00081720        0x6 C:/Users/ricci/DOCUME~1/MATLAB/R2021b/ARDUIN~1/ARDUIN~2/FASTER~1/libcore.a(syscalls_sam3.o)
                0x00081720                link
 .text._close   0x00081726        0x6 C:/Users/ricci/DOCUME~1/MATLAB/R2021b/ARDUIN~1/ARDUIN~2/FASTER~1/libcore.a(syscalls_sam3.o)
                0x00081726                _close
 .text._fstat   0x0008172c        0xa C:/Users/ricci/DOCUME~1/MATLAB/R2021b/ARDUIN~1/ARDUIN~2/FASTER~1/libcore.a(syscalls_sam3.o)
                0x0008172c                _fstat
 .text._isatty  0x00081736        0x4 C:/Users/ricci/DOCUME~1/MATLAB/R2021b/ARDUIN~1/ARDUIN~2/FASTER~1/libcore.a(syscalls_sam3.o)
                0x00081736                _isatty
 .text._lseek   0x0008173a        0x4 C:/Users/ricci/DOCUME~1/MATLAB/R2021b/ARDUIN~1/ARDUIN~2/FASTER~1/libcore.a(syscalls_sam3.o)
                0x0008173a                _lseek
 .text._read    0x0008173e        0x4 C:/Users/ricci/DOCUME~1/MATLAB/R2021b/ARDUIN~1/ARDUIN~2/FASTER~1/libcore.a(syscalls_sam3.o)
                0x0008173e                _read
 *fill*         0x00081742        0x2 
 .text._write   0x00081744       0x24 C:/Users/ricci/DOCUME~1/MATLAB/R2021b/ARDUIN~1/ARDUIN~2/FASTER~1/libcore.a(syscalls_sam3.o)
                0x00081744                _write
 .text._exit    0x00081768        0x2 C:/Users/ricci/DOCUME~1/MATLAB/R2021b/ARDUIN~1/ARDUIN~2/FASTER~1/libcore.a(syscalls_sam3.o)
                0x00081768                _exit
 .text._kill    0x0008176a        0x2 C:/Users/ricci/DOCUME~1/MATLAB/R2021b/ARDUIN~1/ARDUIN~2/FASTER~1/libcore.a(syscalls_sam3.o)
                0x0008176a                _kill
 .text._getpid  0x0008176c        0x6 C:/Users/ricci/DOCUME~1/MATLAB/R2021b/ARDUIN~1/ARDUIN~2/FASTER~1/libcore.a(syscalls_sam3.o)
                0x0008176c                _getpid
 .text.millis   0x00081772        0x4 C:/Users/ricci/DOCUME~1/MATLAB/R2021b/ARDUIN~1/ARDUIN~2/FASTER~1/libcore.a(wiring.o)
                0x00081772                millis
 .text.analogOutputInit
                0x00081776        0x2 C:/Users/ricci/DOCUME~1/MATLAB/R2021b/ARDUIN~1/ARDUIN~2/FASTER~1/libcore.a(wiring_analog.o)
                0x00081776                analogOutputInit
 .text.pinMode  0x00081778      0x108 C:/Users/ricci/DOCUME~1/MATLAB/R2021b/ARDUIN~1/ARDUIN~2/FASTER~1/libcore.a(wiring_digital.o)
                0x00081778                pinMode
 .text.digitalWrite
                0x00081880       0x70 C:/Users/ricci/DOCUME~1/MATLAB/R2021b/ARDUIN~1/ARDUIN~2/FASTER~1/libcore.a(wiring_digital.o)
                0x00081880                digitalWrite
 .text._ZN5Print5writeEPKhj
                0x000818f0       0x22 C:/Users/ricci/DOCUME~1/MATLAB/R2021b/ARDUIN~1/ARDUIN~2/FASTER~1/libcore.a(Print.o)
                0x000818f0                Print::write(unsigned char const*, unsigned int)
 .text._ZN5Print5printEmi.part.3
                0x00081912        0xc C:/Users/ricci/DOCUME~1/MATLAB/R2021b/ARDUIN~1/ARDUIN~2/FASTER~1/libcore.a(Print.o)
 .text._ZN5Print5writeEPKc
                0x0008191e       0x1e C:/Users/ricci/DOCUME~1/MATLAB/R2021b/ARDUIN~1/ARDUIN~2/FASTER~1/libcore.a(Print.o)
                0x0008191e                Print::write(char const*)
 .text._ZN5Print5printEPKc
                0x0008193c        0x8 C:/Users/ricci/DOCUME~1/MATLAB/R2021b/ARDUIN~1/ARDUIN~2/FASTER~1/libcore.a(Print.o)
                0x0008193c                Print::print(char const*)
 .text._ZN5Print5printEc
                0x00081944        0xa C:/Users/ricci/DOCUME~1/MATLAB/R2021b/ARDUIN~1/ARDUIN~2/FASTER~1/libcore.a(Print.o)
                0x00081944                Print::print(char)
 *fill*         0x0008194e        0x2 
 .text._ZN5Print7printlnEv
                0x00081950       0x10 C:/Users/ricci/DOCUME~1/MATLAB/R2021b/ARDUIN~1/ARDUIN~2/FASTER~1/libcore.a(Print.o)
                0x00081950                Print::println()
 .text._ZN5Print11printNumberEmh
                0x00081960       0x3e C:/Users/ricci/DOCUME~1/MATLAB/R2021b/ARDUIN~1/ARDUIN~2/FASTER~1/libcore.a(Print.o)
                0x00081960                Print::printNumber(unsigned long, unsigned char)
 .text._ZN5Print5printEli
                0x0008199e       0x3c C:/Users/ricci/DOCUME~1/MATLAB/R2021b/ARDUIN~1/ARDUIN~2/FASTER~1/libcore.a(Print.o)
                0x0008199e                Print::print(long, int)
 .text._ZN5Print5printEii
                0x000819da        0x4 C:/Users/ricci/DOCUME~1/MATLAB/R2021b/ARDUIN~1/ARDUIN~2/FASTER~1/libcore.a(Print.o)
                0x000819da                Print::print(int, int)
 .text._ZN5Print7printlnEii
                0x000819de       0x14 C:/Users/ricci/DOCUME~1/MATLAB/R2021b/ARDUIN~1/ARDUIN~2/FASTER~1/libcore.a(Print.o)
                0x000819de                Print::println(int, int)
 .text._ZN5Print7printlnEli
                0x000819f2       0x14 C:/Users/ricci/DOCUME~1/MATLAB/R2021b/ARDUIN~1/ARDUIN~2/FASTER~1/libcore.a(Print.o)
                0x000819f2                Print::println(long, int)
 .text._ZN5Print5printEmi
                0x00081a06        0xc C:/Users/ricci/DOCUME~1/MATLAB/R2021b/ARDUIN~1/ARDUIN~2/FASTER~1/libcore.a(Print.o)
                0x00081a06                Print::print(unsigned long, int)
 .text._ZN5Print5printEhi
                0x00081a12        0x4 C:/Users/ricci/DOCUME~1/MATLAB/R2021b/ARDUIN~1/ARDUIN~2/FASTER~1/libcore.a(Print.o)
                0x00081a12                Print::print(unsigned char, int)
 .text._ZN5Print7printlnEhi
                0x00081a16       0x14 C:/Users/ricci/DOCUME~1/MATLAB/R2021b/ARDUIN~1/ARDUIN~2/FASTER~1/libcore.a(Print.o)
                0x00081a16                Print::println(unsigned char, int)
 .text._ZN5Print7printlnEmi
                0x00081a2a       0x14 C:/Users/ricci/DOCUME~1/MATLAB/R2021b/ARDUIN~1/ARDUIN~2/FASTER~1/libcore.a(Print.o)
                0x00081a2a                Print::println(unsigned long, int)
 *fill*         0x00081a3e        0x2 
 .text._ZN5Print10printFloatEdh
                0x00081a40      0x148 C:/Users/ricci/DOCUME~1/MATLAB/R2021b/ARDUIN~1/ARDUIN~2/FASTER~1/libcore.a(Print.o)
                0x00081a40                Print::printFloat(double, unsigned char)
 .text._ZN5Print5printEdi
                0x00081b88        0xa C:/Users/ricci/DOCUME~1/MATLAB/R2021b/ARDUIN~1/ARDUIN~2/FASTER~1/libcore.a(Print.o)
                0x00081b88                Print::print(double, int)
 .text._ZN5Print7printlnEdi
                0x00081b92       0x1c C:/Users/ricci/DOCUME~1/MATLAB/R2021b/ARDUIN~1/ARDUIN~2/FASTER~1/libcore.a(Print.o)
                0x00081b92                Print::println(double, int)
 *fill*         0x00081bae        0x2 
 .text.tickReset
                0x00081bb0       0x20 C:/Users/ricci/DOCUME~1/MATLAB/R2021b/ARDUIN~1/ARDUIN~2/FASTER~1/libcore.a(Reset.o)
                0x00081bb0                tickReset
 .text._ZN6Stream9timedReadEv
                0x00081bd0       0x2a C:/Users/ricci/DOCUME~1/MATLAB/R2021b/ARDUIN~1/ARDUIN~2/FASTER~1/libcore.a(Stream.o)
                0x00081bd0                Stream::timedRead()
 .text._ZN6Stream9readBytesEPcj
                0x00081bfa       0x22 C:/Users/ricci/DOCUME~1/MATLAB/R2021b/ARDUIN~1/ARDUIN~2/FASTER~1/libcore.a(Stream.o)
                0x00081bfa                Stream::readBytes(char*, unsigned int)
 .text._ZN9UARTClasscvbEv
                0x00081c1c        0x4 C:/Users/ricci/DOCUME~1/MATLAB/R2021b/ARDUIN~1/ARDUIN~2/FASTER~1/libcore.a(UARTClass.o)
                0x00081c1c                UARTClass::operator bool()
 .text._ZN9UARTClass9availableEv
                0x00081c20       0x12 C:/Users/ricci/DOCUME~1/MATLAB/R2021b/ARDUIN~1/ARDUIN~2/FASTER~1/libcore.a(UARTClass.o)
                0x00081c20                UARTClass::available()
 .text._ZN9UARTClass4peekEv
                0x00081c32       0x1c C:/Users/ricci/DOCUME~1/MATLAB/R2021b/ARDUIN~1/ARDUIN~2/FASTER~1/libcore.a(UARTClass.o)
                0x00081c32                UARTClass::peek()
 .text._ZN9UARTClass4readEv
                0x00081c4e       0x2a C:/Users/ricci/DOCUME~1/MATLAB/R2021b/ARDUIN~1/ARDUIN~2/FASTER~1/libcore.a(UARTClass.o)
                0x00081c4e                UARTClass::read()
 .text._ZN9UARTClass5flushEv
                0x00081c78       0x18 C:/Users/ricci/DOCUME~1/MATLAB/R2021b/ARDUIN~1/ARDUIN~2/FASTER~1/libcore.a(UARTClass.o)
                0x00081c78                UARTClass::flush()
 .text._ZN9UARTClass5writeEh
                0x00081c90       0x54 C:/Users/ricci/DOCUME~1/MATLAB/R2021b/ARDUIN~1/ARDUIN~2/FASTER~1/libcore.a(UARTClass.o)
                0x00081c90                UARTClass::write(unsigned char)
 .text._ZN9UARTClass3endEv
                0x00081ce4       0x3c C:/Users/ricci/DOCUME~1/MATLAB/R2021b/ARDUIN~1/ARDUIN~2/FASTER~1/libcore.a(UARTClass.o)
                0x00081ce4                UARTClass::end()
 .text._ZN9UARTClassC2EP4Uart4IRQnmP10RingBufferS4_
                0x00081d20       0x24 C:/Users/ricci/DOCUME~1/MATLAB/R2021b/ARDUIN~1/ARDUIN~2/FASTER~1/libcore.a(UARTClass.o)
                0x00081d20                UARTClass::UARTClass(Uart*, IRQn, unsigned long, RingBuffer*, RingBuffer*)
                0x00081d20                UARTClass::UARTClass(Uart*, IRQn, unsigned long, RingBuffer*, RingBuffer*)
 .text._ZN9UARTClass4initEmm
                0x00081d44       0x70 C:/Users/ricci/DOCUME~1/MATLAB/R2021b/ARDUIN~1/ARDUIN~2/FASTER~1/libcore.a(UARTClass.o)
                0x00081d44                UARTClass::init(unsigned long, unsigned long)
 .text._ZN9UARTClass5beginEm
                0x00081db4        0x8 C:/Users/ricci/DOCUME~1/MATLAB/R2021b/ARDUIN~1/ARDUIN~2/FASTER~1/libcore.a(UARTClass.o)
                0x00081db4                UARTClass::begin(unsigned long)
 .text._ZN9UARTClass10IrqHandlerEv
                0x00081dbc       0x5a C:/Users/ricci/DOCUME~1/MATLAB/R2021b/ARDUIN~1/ARDUIN~2/FASTER~1/libcore.a(UARTClass.o)
                0x00081dbc                UARTClass::IrqHandler()
 .text._ZN10USARTClass5beginEm
                0x00081e16        0x8 C:/Users/ricci/DOCUME~1/MATLAB/R2021b/ARDUIN~1/ARDUIN~2/FASTER~1/libcore.a(USARTClass.o)
                0x00081e16                USARTClass::begin(unsigned long)
 *fill*         0x00081e1e        0x2 
 .text._ZN10USARTClassC2EP5Usart4IRQnmP10RingBufferS4_
                0x00081e20       0x24 C:/Users/ricci/DOCUME~1/MATLAB/R2021b/ARDUIN~1/ARDUIN~2/FASTER~1/libcore.a(USARTClass.o)
                0x00081e20                USARTClass::USARTClass(Usart*, IRQn, unsigned long, RingBuffer*, RingBuffer*)
                0x00081e20                USARTClass::USARTClass(Usart*, IRQn, unsigned long, RingBuffer*, RingBuffer*)
 .text._Z15watchdogDisablev
                0x00081e44        0xc C:/Users/ricci/DOCUME~1/MATLAB/R2021b/ARDUIN~1/ARDUIN~2/FASTER~1/libcore.a(watchdog.o)
                0x00081e44                watchdogDisable()
 .text.UART_Handler
                0x00081e50        0xc C:/Users/ricci/DOCUME~1/MATLAB/R2021b/ARDUIN~1/ARDUIN~2/FASTER~1/libcore.a(variant.o)
                0x00081e50                UART_Handler
 .text.USART0_Handler
                0x00081e5c        0xc C:/Users/ricci/DOCUME~1/MATLAB/R2021b/ARDUIN~1/ARDUIN~2/FASTER~1/libcore.a(variant.o)
                0x00081e5c                USART0_Handler
 .text.USART1_Handler
                0x00081e68        0xc C:/Users/ricci/DOCUME~1/MATLAB/R2021b/ARDUIN~1/ARDUIN~2/FASTER~1/libcore.a(variant.o)
                0x00081e68                USART1_Handler
 .text.USART3_Handler
                0x00081e74        0xc C:/Users/ricci/DOCUME~1/MATLAB/R2021b/ARDUIN~1/ARDUIN~2/FASTER~1/libcore.a(variant.o)
                0x00081e74                USART3_Handler
 .text.init     0x00081e80      0x128 C:/Users/ricci/DOCUME~1/MATLAB/R2021b/ARDUIN~1/ARDUIN~2/FASTER~1/libcore.a(variant.o)
                0x00081e80                init
 .text.startup._GLOBAL__sub_I_g_APinDescription
                0x00081fa8       0xd4 C:/Users/ricci/DOCUME~1/MATLAB/R2021b/ARDUIN~1/ARDUIN~2/FASTER~1/libcore.a(variant.o)
 .text._ZN10RingBufferC2Ev
                0x0008207c       0x1a C:/Users/ricci/DOCUME~1/MATLAB/R2021b/ARDUIN~1/ARDUIN~2/FASTER~1/libcore.a(RingBuffer.o)
                0x0008207c                RingBuffer::RingBuffer()
                0x0008207c                RingBuffer::RingBuffer()
 .text._ZN10RingBuffer10store_charEh
                0x00082096       0x1e C:/Users/ricci/DOCUME~1/MATLAB/R2021b/ARDUIN~1/ARDUIN~2/FASTER~1/libcore.a(RingBuffer.o)
                0x00082096                RingBuffer::store_char(unsigned char)
 .text.PIO_PullUp
                0x000820b4        0xa C:/ProgramData/MATLAB/SupportPackages/R2021b/aIDE/portable/packages/arduino/hardware/sam/1.6.12/variants/arduino_due_x/libsam_sam3x8e_gcc_rel.a(pio.o)
                0x000820b4                PIO_PullUp
 .text.PIO_SetPeripheral
                0x000820be       0x26 C:/ProgramData/MATLAB/SupportPackages/R2021b/aIDE/portable/packages/arduino/hardware/sam/1.6.12/variants/arduino_due_x/libsam_sam3x8e_gcc_rel.a(pio.o)
                0x000820be                PIO_SetPeripheral
 .text.PIO_SetInput
                0x000820e4       0x26 C:/ProgramData/MATLAB/SupportPackages/R2021b/aIDE/portable/packages/arduino/hardware/sam/1.6.12/variants/arduino_due_x/libsam_sam3x8e_gcc_rel.a(pio.o)
                0x000820e4                PIO_SetInput
 .text.PIO_SetOutput
                0x0008210a       0x24 C:/ProgramData/MATLAB/SupportPackages/R2021b/aIDE/portable/packages/arduino/hardware/sam/1.6.12/variants/arduino_due_x/libsam_sam3x8e_gcc_rel.a(pio.o)
                0x0008210a                PIO_SetOutput
 *fill*         0x0008212e        0x2 
 .text.PIO_Configure
                0x00082130       0x64 C:/ProgramData/MATLAB/SupportPackages/R2021b/aIDE/portable/packages/arduino/hardware/sam/1.6.12/variants/arduino_due_x/libsam_sam3x8e_gcc_rel.a(pio.o)
                0x00082130                PIO_Configure
 .text.PIO_GetOutputDataStatus
                0x00082194       0x14 C:/ProgramData/MATLAB/SupportPackages/R2021b/aIDE/portable/packages/arduino/hardware/sam/1.6.12/variants/arduino_due_x/libsam_sam3x8e_gcc_rel.a(pio.o)
                0x00082194                PIO_GetOutputDataStatus
 .text.pmc_enable_periph_clk
                0x000821a8       0x44 C:/ProgramData/MATLAB/SupportPackages/R2021b/aIDE/portable/packages/arduino/hardware/sam/1.6.12/variants/arduino_due_x/libsam_sam3x8e_gcc_rel.a(pmc.o)
                0x000821a8                pmc_enable_periph_clk
 .text.pmc_disable_periph_clk
                0x000821ec       0x40 C:/ProgramData/MATLAB/SupportPackages/R2021b/aIDE/portable/packages/arduino/hardware/sam/1.6.12/variants/arduino_due_x/libsam_sam3x8e_gcc_rel.a(pmc.o)
                0x000821ec                pmc_disable_periph_clk
 .text.pmc_set_writeprotect
                0x0008222c       0x1c C:/ProgramData/MATLAB/SupportPackages/R2021b/aIDE/portable/packages/arduino/hardware/sam/1.6.12/variants/arduino_due_x/libsam_sam3x8e_gcc_rel.a(pmc.o)
                0x0008222c                pmc_set_writeprotect
 .text.TC_Configure
                0x00082248       0x38 C:/ProgramData/MATLAB/SupportPackages/R2021b/aIDE/portable/packages/arduino/hardware/sam/1.6.12/variants/arduino_due_x/libsam_sam3x8e_gcc_rel.a(tc.o)
                0x00082248                TC_Configure
 .text.TC_Start
                0x00082280       0x2c C:/ProgramData/MATLAB/SupportPackages/R2021b/aIDE/portable/packages/arduino/hardware/sam/1.6.12/variants/arduino_due_x/libsam_sam3x8e_gcc_rel.a(tc.o)
                0x00082280                TC_Start
 .text.TC_GetStatus
                0x000822ac        0x8 C:/ProgramData/MATLAB/SupportPackages/R2021b/aIDE/portable/packages/arduino/hardware/sam/1.6.12/variants/arduino_due_x/libsam_sam3x8e_gcc_rel.a(tc.o)
                0x000822ac                TC_GetStatus
 .text.TC_SetRC
                0x000822b4        0x8 C:/ProgramData/MATLAB/SupportPackages/R2021b/aIDE/portable/packages/arduino/hardware/sam/1.6.12/variants/arduino_due_x/libsam_sam3x8e_gcc_rel.a(tc.o)
                0x000822b4                TC_SetRC
 .text.TimeTick_Increment
                0x000822bc       0x10 C:/ProgramData/MATLAB/SupportPackages/R2021b/aIDE/portable/packages/arduino/hardware/sam/1.6.12/variants/arduino_due_x/libsam_sam3x8e_gcc_rel.a(timetick.o)
                0x000822bc                TimeTick_Increment
 .text.GetTickCount
                0x000822cc        0xc C:/ProgramData/MATLAB/SupportPackages/R2021b/aIDE/portable/packages/arduino/hardware/sam/1.6.12/variants/arduino_due_x/libsam_sam3x8e_gcc_rel.a(timetick.o)
                0x000822cc                GetTickCount
 .text.WDT_Disable
                0x000822d8        0x8 C:/ProgramData/MATLAB/SupportPackages/R2021b/aIDE/portable/packages/arduino/hardware/sam/1.6.12/variants/arduino_due_x/libsam_sam3x8e_gcc_rel.a(wdt.o)
                0x000822d8                WDT_Disable
 .text.SystemInit
                0x000822e0       0x88 C:/ProgramData/MATLAB/SupportPackages/R2021b/aIDE/portable/packages/arduino/hardware/sam/1.6.12/variants/arduino_due_x/libsam_sam3x8e_gcc_rel.a(system_sam3xa.o)
                0x000822e0                SystemInit
 .text.adc_init
                0x00082368       0x98 C:/ProgramData/MATLAB/SupportPackages/R2021b/aIDE/portable/packages/arduino/hardware/sam/1.6.12/variants/arduino_due_x/libsam_sam3x8e_gcc_rel.a(adc.o)
                0x00082368                adc_init
 .text.adc_configure_trigger
                0x00082400        0xe C:/ProgramData/MATLAB/SupportPackages/R2021b/aIDE/portable/packages/arduino/hardware/sam/1.6.12/variants/arduino_due_x/libsam_sam3x8e_gcc_rel.a(adc.o)
                0x00082400                adc_configure_trigger
 .text.adc_configure_timing
                0x0008240e       0x1a C:/ProgramData/MATLAB/SupportPackages/R2021b/aIDE/portable/packages/arduino/hardware/sam/1.6.12/variants/arduino_due_x/libsam_sam3x8e_gcc_rel.a(adc.o)
                0x0008240e                adc_configure_timing
 .text.adc_disable_channel
                0x00082428        0xa C:/ProgramData/MATLAB/SupportPackages/R2021b/aIDE/portable/packages/arduino/hardware/sam/1.6.12/variants/arduino_due_x/libsam_sam3x8e_gcc_rel.a(adc.o)
                0x00082428                adc_disable_channel
 .text.adc_disable_all_channel
                0x00082432        0x8 C:/ProgramData/MATLAB/SupportPackages/R2021b/aIDE/portable/packages/arduino/hardware/sam/1.6.12/variants/arduino_due_x/libsam_sam3x8e_gcc_rel.a(adc.o)
                0x00082432                adc_disable_all_channel
 .text.adc_disable_interrupt
                0x0008243a        0x4 C:/ProgramData/MATLAB/SupportPackages/R2021b/aIDE/portable/packages/arduino/hardware/sam/1.6.12/variants/arduino_due_x/libsam_sam3x8e_gcc_rel.a(adc.o)
                0x0008243a                adc_disable_interrupt
 *fill*         0x0008243e        0x2 
 .text.ceil     0x00082440      0x120 c:/programdata/matlab/supportpackages/r2021b/aide/portable/packages/arduino/tools/arm-none-eabi-gcc/4.8.3-2014q1/bin/../lib/gcc/arm-none-eabi/4.8.3/../../../../arm-none-eabi/lib/armv7-m\libm.a(lib_a-s_ceil.o)
                0x00082440                ceil
 .text.floor    0x00082560      0x120 c:/programdata/matlab/supportpackages/r2021b/aide/portable/packages/arduino/tools/arm-none-eabi-gcc/4.8.3-2014q1/bin/../lib/gcc/arm-none-eabi/4.8.3/../../../../arm-none-eabi/lib/armv7-m\libm.a(lib_a-s_floor.o)
                0x00082560                floor
 .text.__fpclassifyd
                0x00082680       0x50 c:/programdata/matlab/supportpackages/r2021b/aide/portable/packages/arduino/tools/arm-none-eabi-gcc/4.8.3-2014q1/bin/../lib/gcc/arm-none-eabi/4.8.3/../../../../arm-none-eabi/lib/armv7-m\libm.a(lib_a-s_fpclassify.o)
                0x00082680                __fpclassifyd
 .text          0x000826d0      0x370 c:/programdata/matlab/supportpackages/r2021b/aide/portable/packages/arduino/tools/arm-none-eabi-gcc/4.8.3-2014q1/bin/../lib/gcc/arm-none-eabi/4.8.3/armv7-m\libgcc.a(_arm_addsubdf3.o)
                0x000826d0                __aeabi_drsub
                0x000826d8                __aeabi_dsub
                0x000826d8                __subdf3
                0x000826dc                __aeabi_dadd
                0x000826dc                __adddf3
                0x00082954                __floatunsidf
                0x00082954                __aeabi_ui2d
                0x00082974                __floatsidf
                0x00082974                __aeabi_i2d
                0x00082998                __aeabi_f2d
                0x00082998                __extendsfdf2
                0x000829d4                __floatundidf
                0x000829d4                __aeabi_ul2d
                0x000829e4                __floatdidf
                0x000829e4                __aeabi_l2d
 .text          0x00082a40      0x424 c:/programdata/matlab/supportpackages/r2021b/aide/portable/packages/arduino/tools/arm-none-eabi-gcc/4.8.3-2014q1/bin/../lib/gcc/arm-none-eabi/4.8.3/armv7-m\libgcc.a(_arm_muldivdf3.o)
                0x00082a40                __aeabi_dmul
                0x00082a40                __muldf3
                0x00082c94                __divdf3
                0x00082c94                __aeabi_ddiv
 .text          0x00082e64      0x110 c:/programdata/matlab/supportpackages/r2021b/aide/portable/packages/arduino/tools/arm-none-eabi-gcc/4.8.3-2014q1/bin/../lib/gcc/arm-none-eabi/4.8.3/armv7-m\libgcc.a(_arm_cmpdf2.o)
                0x00082e64                __gtdf2
                0x00082e64                __gedf2
                0x00082e6c                __ltdf2
                0x00082e6c                __ledf2
                0x00082e74                __nedf2
                0x00082e74                __eqdf2
                0x00082e74                __cmpdf2
                0x00082ef0                __aeabi_cdrcmple
                0x00082f00                __aeabi_cdcmpeq
                0x00082f00                __aeabi_cdcmple
                0x00082f10                __aeabi_dcmpeq
                0x00082f24                __aeabi_dcmplt
                0x00082f38                __aeabi_dcmple
                0x00082f4c                __aeabi_dcmpge
                0x00082f60                __aeabi_dcmpgt
 .text          0x00082f74       0x50 c:/programdata/matlab/supportpackages/r2021b/aide/portable/packages/arduino/tools/arm-none-eabi-gcc/4.8.3-2014q1/bin/../lib/gcc/arm-none-eabi/4.8.3/armv7-m\libgcc.a(_arm_fixdfsi.o)
                0x00082f74                __aeabi_d2iz
                0x00082f74                __fixdfsi
 .text          0x00082fc4       0x40 c:/programdata/matlab/supportpackages/r2021b/aide/portable/packages/arduino/tools/arm-none-eabi-gcc/4.8.3-2014q1/bin/../lib/gcc/arm-none-eabi/4.8.3/armv7-m\libgcc.a(_arm_fixunsdfsi.o)
                0x00082fc4                __aeabi_d2uiz
                0x00082fc4                __fixunsdfsi
 .text.__assert_func
                0x00083004       0x3c c:/programdata/matlab/supportpackages/r2021b/aide/portable/packages/arduino/tools/arm-none-eabi-gcc/4.8.3-2014q1/bin/../lib/gcc/arm-none-eabi/4.8.3/../../../../arm-none-eabi/lib/armv7-m\libg.a(lib_a-assert.o)
                0x00083004                __assert_func
 .text.fiprintf
                0x00083040       0x28 c:/programdata/matlab/supportpackages/r2021b/aide/portable/packages/arduino/tools/arm-none-eabi-gcc/4.8.3-2014q1/bin/../lib/gcc/arm-none-eabi/4.8.3/../../../../arm-none-eabi/lib/armv7-m\libg.a(lib_a-fiprintf.o)
                0x00083040                fiprintf
 .text.__libc_init_array
                0x00083068       0x50 c:/programdata/matlab/supportpackages/r2021b/aide/portable/packages/arduino/tools/arm-none-eabi-gcc/4.8.3-2014q1/bin/../lib/gcc/arm-none-eabi/4.8.3/../../../../arm-none-eabi/lib/armv7-m\libg.a(lib_a-init.o)
                0x00083068                __libc_init_array
 .text.malloc   0x000830b8       0x10 c:/programdata/matlab/supportpackages/r2021b/aide/portable/packages/arduino/tools/arm-none-eabi-gcc/4.8.3-2014q1/bin/../lib/gcc/arm-none-eabi/4.8.3/../../../../arm-none-eabi/lib/armv7-m\libg.a(lib_a-malloc.o)
                0x000830b8                malloc
 .text._malloc_r
                0x000830c8      0x538 c:/programdata/matlab/supportpackages/r2021b/aide/portable/packages/arduino/tools/arm-none-eabi-gcc/4.8.3-2014q1/bin/../lib/gcc/arm-none-eabi/4.8.3/../../../../arm-none-eabi/lib/armv7-m\libg.a(lib_a-mallocr.o)
                0x000830c8                _malloc_r
 .text.memcmp   0x00083600       0x68 c:/programdata/matlab/supportpackages/r2021b/aide/portable/packages/arduino/tools/arm-none-eabi-gcc/4.8.3-2014q1/bin/../lib/gcc/arm-none-eabi/4.8.3/../../../../arm-none-eabi/lib/armv7-m\libg.a(lib_a-memcmp.o)
                0x00083600                memcmp
 .text          0x00083668       0xec c:/programdata/matlab/supportpackages/r2021b/aide/portable/packages/arduino/tools/arm-none-eabi-gcc/4.8.3-2014q1/bin/../lib/gcc/arm-none-eabi/4.8.3/../../../../arm-none-eabi/lib/armv7-m\libg.a(lib_a-memcpy.o)
                0x00083668                memcpy
 .text.memmove  0x00083754       0xcc c:/programdata/matlab/supportpackages/r2021b/aide/portable/packages/arduino/tools/arm-none-eabi-gcc/4.8.3-2014q1/bin/../lib/gcc/arm-none-eabi/4.8.3/../../../../arm-none-eabi/lib/armv7-m\libg.a(lib_a-memmove.o)
                0x00083754                memmove
 .text.memset   0x00083820       0x94 c:/programdata/matlab/supportpackages/r2021b/aide/portable/packages/arduino/tools/arm-none-eabi-gcc/4.8.3-2014q1/bin/../lib/gcc/arm-none-eabi/4.8.3/../../../../arm-none-eabi/lib/armv7-m\libg.a(lib_a-memset.o)
                0x00083820                memset
 .text.__malloc_lock
                0x000838b4        0x4 c:/programdata/matlab/supportpackages/r2021b/aide/portable/packages/arduino/tools/arm-none-eabi-gcc/4.8.3-2014q1/bin/../lib/gcc/arm-none-eabi/4.8.3/../../../../arm-none-eabi/lib/armv7-m\libg.a(lib_a-mlock.o)
                0x000838b4                __malloc_lock
 .text.__malloc_unlock
                0x000838b8        0x4 c:/programdata/matlab/supportpackages/r2021b/aide/portable/packages/arduino/tools/arm-none-eabi-gcc/4.8.3-2014q1/bin/../lib/gcc/arm-none-eabi/4.8.3/../../../../arm-none-eabi/lib/armv7-m\libg.a(lib_a-mlock.o)
                0x000838b8                __malloc_unlock
 .text._realloc_r
                0x000838bc      0x3c0 c:/programdata/matlab/supportpackages/r2021b/aide/portable/packages/arduino/tools/arm-none-eabi-gcc/4.8.3-2014q1/bin/../lib/gcc/arm-none-eabi/4.8.3/../../../../arm-none-eabi/lib/armv7-m\libg.a(lib_a-reallocr.o)
                0x000838bc                _realloc_r
 .text._sbrk_r  0x00083c7c       0x24 c:/programdata/matlab/supportpackages/r2021b/aide/portable/packages/arduino/tools/arm-none-eabi-gcc/4.8.3-2014q1/bin/../lib/gcc/arm-none-eabi/4.8.3/../../../../arm-none-eabi/lib/armv7-m\libg.a(lib_a-sbrkr.o)
                0x00083c7c                _sbrk_r
 .text.strlen   0x00083ca0       0x60 c:/programdata/matlab/supportpackages/r2021b/aide/portable/packages/arduino/tools/arm-none-eabi-gcc/4.8.3-2014q1/bin/../lib/gcc/arm-none-eabi/4.8.3/../../../../arm-none-eabi/lib/armv7-m\libg.a(lib_a-strlen.o)
                0x00083ca0                strlen
 .text.kill     0x00083d00       0x10 c:/programdata/matlab/supportpackages/r2021b/aide/portable/packages/arduino/tools/arm-none-eabi-gcc/4.8.3-2014q1/bin/../lib/gcc/arm-none-eabi/4.8.3/../../../../arm-none-eabi/lib/armv7-m\libg.a(lib_a-syskill.o)
                0x00083d00                kill
 .text.__sprint_r.part.0
                0x00083d10       0x78 c:/programdata/matlab/supportpackages/r2021b/aide/portable/packages/arduino/tools/arm-none-eabi-gcc/4.8.3-2014q1/bin/../lib/gcc/arm-none-eabi/4.8.3/../../../../arm-none-eabi/lib/armv7-m\libg.a(lib_a-vfiprintf.o)
 .text._vfiprintf_r
                0x00083d88      0xc54 c:/programdata/matlab/supportpackages/r2021b/aide/portable/packages/arduino/tools/arm-none-eabi-gcc/4.8.3-2014q1/bin/../lib/gcc/arm-none-eabi/4.8.3/../../../../arm-none-eabi/lib/armv7-m\libg.a(lib_a-vfiprintf.o)
                0x00083d88                _vfiprintf_r
 .text.__sbprintf
                0x000849dc       0x7c c:/programdata/matlab/supportpackages/r2021b/aide/portable/packages/arduino/tools/arm-none-eabi-gcc/4.8.3-2014q1/bin/../lib/gcc/arm-none-eabi/4.8.3/../../../../arm-none-eabi/lib/armv7-m\libg.a(lib_a-vfiprintf.o)
 .text.__swsetup_r
                0x00084a58       0xc4 c:/programdata/matlab/supportpackages/r2021b/aide/portable/packages/arduino/tools/arm-none-eabi-gcc/4.8.3-2014q1/bin/../lib/gcc/arm-none-eabi/4.8.3/../../../../arm-none-eabi/lib/armv7-m\libg.a(lib_a-wsetup.o)
                0x00084a58                __swsetup_r
 .text.startup.register_fini
                0x00084b1c       0x14 c:/programdata/matlab/supportpackages/r2021b/aide/portable/packages/arduino/tools/arm-none-eabi-gcc/4.8.3-2014q1/bin/../lib/gcc/arm-none-eabi/4.8.3/../../../../arm-none-eabi/lib/armv7-m\libg.a(lib_a-__call_atexit.o)
 .text.abort    0x00084b30       0x10 c:/programdata/matlab/supportpackages/r2021b/aide/portable/packages/arduino/tools/arm-none-eabi-gcc/4.8.3-2014q1/bin/../lib/gcc/arm-none-eabi/4.8.3/../../../../arm-none-eabi/lib/armv7-m\libg.a(lib_a-abort.o)
                0x00084b30                abort
 .text.atexit   0x00084b40        0xc c:/programdata/matlab/supportpackages/r2021b/aide/portable/packages/arduino/tools/arm-none-eabi-gcc/4.8.3-2014q1/bin/../lib/gcc/arm-none-eabi/4.8.3/../../../../arm-none-eabi/lib/armv7-m\libg.a(lib_a-atexit.o)
                0x00084b40                atexit
 .text.__sflush_r
                0x00084b4c      0x148 c:/programdata/matlab/supportpackages/r2021b/aide/portable/packages/arduino/tools/arm-none-eabi-gcc/4.8.3-2014q1/bin/../lib/gcc/arm-none-eabi/4.8.3/../../../../arm-none-eabi/lib/armv7-m\libg.a(lib_a-fflush.o)
                0x00084b4c                __sflush_r
 .text._fflush_r
                0x00084c94       0x2c c:/programdata/matlab/supportpackages/r2021b/aide/portable/packages/arduino/tools/arm-none-eabi-gcc/4.8.3-2014q1/bin/../lib/gcc/arm-none-eabi/4.8.3/../../../../arm-none-eabi/lib/armv7-m\libg.a(lib_a-fflush.o)
                0x00084c94                _fflush_r
 .text._cleanup_r
                0x00084cc0        0xc c:/programdata/matlab/supportpackages/r2021b/aide/portable/packages/arduino/tools/arm-none-eabi-gcc/4.8.3-2014q1/bin/../lib/gcc/arm-none-eabi/4.8.3/../../../../arm-none-eabi/lib/armv7-m\libg.a(lib_a-findfp.o)
                0x00084cc0                _cleanup_r
 .text.__sinit  0x00084ccc       0xf4 c:/programdata/matlab/supportpackages/r2021b/aide/portable/packages/arduino/tools/arm-none-eabi-gcc/4.8.3-2014q1/bin/../lib/gcc/arm-none-eabi/4.8.3/../../../../arm-none-eabi/lib/armv7-m\libg.a(lib_a-findfp.o)
                0x00084ccc                __sinit
 .text.__sfp_lock_acquire
                0x00084dc0        0x4 c:/programdata/matlab/supportpackages/r2021b/aide/portable/packages/arduino/tools/arm-none-eabi-gcc/4.8.3-2014q1/bin/../lib/gcc/arm-none-eabi/4.8.3/../../../../arm-none-eabi/lib/armv7-m\libg.a(lib_a-findfp.o)
                0x00084dc0                __sfp_lock_acquire
 .text.__sfp_lock_release
                0x00084dc4        0x4 c:/programdata/matlab/supportpackages/r2021b/aide/portable/packages/arduino/tools/arm-none-eabi-gcc/4.8.3-2014q1/bin/../lib/gcc/arm-none-eabi/4.8.3/../../../../arm-none-eabi/lib/armv7-m\libg.a(lib_a-findfp.o)
                0x00084dc4                __sfp_lock_release
 .text.__libc_fini_array
                0x00084dc8       0x30 c:/programdata/matlab/supportpackages/r2021b/aide/portable/packages/arduino/tools/arm-none-eabi-gcc/4.8.3-2014q1/bin/../lib/gcc/arm-none-eabi/4.8.3/../../../../arm-none-eabi/lib/armv7-m\libg.a(lib_a-fini.o)
                0x00084dc8                __libc_fini_array
 .text._fputwc_r
                0x00084df8       0xc0 c:/programdata/matlab/supportpackages/r2021b/aide/portable/packages/arduino/tools/arm-none-eabi-gcc/4.8.3-2014q1/bin/../lib/gcc/arm-none-eabi/4.8.3/../../../../arm-none-eabi/lib/armv7-m\libg.a(lib_a-fputwc.o)
                0x00084df8                _fputwc_r
 .text._malloc_trim_r
                0x00084eb8       0x9c c:/programdata/matlab/supportpackages/r2021b/aide/portable/packages/arduino/tools/arm-none-eabi-gcc/4.8.3-2014q1/bin/../lib/gcc/arm-none-eabi/4.8.3/../../../../arm-none-eabi/lib/armv7-m\libg.a(lib_a-freer.o)
                0x00084eb8                _malloc_trim_r
 .text._free_r  0x00084f54      0x198 c:/programdata/matlab/supportpackages/r2021b/aide/portable/packages/arduino/tools/arm-none-eabi-gcc/4.8.3-2014q1/bin/../lib/gcc/arm-none-eabi/4.8.3/../../../../arm-none-eabi/lib/armv7-m\libg.a(lib_a-freer.o)
                0x00084f54                _free_r
 .text.__sfvwrite_r
                0x000850ec      0x314 c:/programdata/matlab/supportpackages/r2021b/aide/portable/packages/arduino/tools/arm-none-eabi-gcc/4.8.3-2014q1/bin/../lib/gcc/arm-none-eabi/4.8.3/../../../../arm-none-eabi/lib/armv7-m\libg.a(lib_a-fvwrite.o)
                0x000850ec                __sfvwrite_r
 .text._fwalk   0x00085400       0x48 c:/programdata/matlab/supportpackages/r2021b/aide/portable/packages/arduino/tools/arm-none-eabi-gcc/4.8.3-2014q1/bin/../lib/gcc/arm-none-eabi/4.8.3/../../../../arm-none-eabi/lib/armv7-m\libg.a(lib_a-fwalk.o)
                0x00085400                _fwalk
 .text.__locale_charset
                0x00085448        0x8 c:/programdata/matlab/supportpackages/r2021b/aide/portable/packages/arduino/tools/arm-none-eabi-gcc/4.8.3-2014q1/bin/../lib/gcc/arm-none-eabi/4.8.3/../../../../arm-none-eabi/lib/armv7-m\libg.a(lib_a-locale.o)
                0x00085448                __locale_charset
 .text.__locale_mb_cur_max
                0x00085450        0xc c:/programdata/matlab/supportpackages/r2021b/aide/portable/packages/arduino/tools/arm-none-eabi-gcc/4.8.3-2014q1/bin/../lib/gcc/arm-none-eabi/4.8.3/../../../../arm-none-eabi/lib/armv7-m\libg.a(lib_a-locale.o)
                0x00085450                __locale_mb_cur_max
 .text.__smakebuf_r
                0x0008545c       0xe0 c:/programdata/matlab/supportpackages/r2021b/aide/portable/packages/arduino/tools/arm-none-eabi-gcc/4.8.3-2014q1/bin/../lib/gcc/arm-none-eabi/4.8.3/../../../../arm-none-eabi/lib/armv7-m\libg.a(lib_a-makebuf.o)
                0x0008545c                __smakebuf_r
 .text.memchr   0x0008553c       0x94 c:/programdata/matlab/supportpackages/r2021b/aide/portable/packages/arduino/tools/arm-none-eabi-gcc/4.8.3-2014q1/bin/../lib/gcc/arm-none-eabi/4.8.3/../../../../arm-none-eabi/lib/armv7-m\libg.a(lib_a-memchr-stub.o)
                0x0008553c                memchr
 .text._raise_r
                0x000855d0       0x58 c:/programdata/matlab/supportpackages/r2021b/aide/portable/packages/arduino/tools/arm-none-eabi-gcc/4.8.3-2014q1/bin/../lib/gcc/arm-none-eabi/4.8.3/../../../../arm-none-eabi/lib/armv7-m\libg.a(lib_a-signal.o)
                0x000855d0                _raise_r
 .text.raise    0x00085628       0x10 c:/programdata/matlab/supportpackages/r2021b/aide/portable/packages/arduino/tools/arm-none-eabi-gcc/4.8.3-2014q1/bin/../lib/gcc/arm-none-eabi/4.8.3/../../../../arm-none-eabi/lib/armv7-m\libg.a(lib_a-signal.o)
                0x00085628                raise
 .text._kill_r  0x00085638       0x28 c:/programdata/matlab/supportpackages/r2021b/aide/portable/packages/arduino/tools/arm-none-eabi-gcc/4.8.3-2014q1/bin/../lib/gcc/arm-none-eabi/4.8.3/../../../../arm-none-eabi/lib/armv7-m\libg.a(lib_a-signalr.o)
                0x00085638                _kill_r
 .text._getpid_r
                0x00085660        0x4 c:/programdata/matlab/supportpackages/r2021b/aide/portable/packages/arduino/tools/arm-none-eabi-gcc/4.8.3-2014q1/bin/../lib/gcc/arm-none-eabi/4.8.3/../../../../arm-none-eabi/lib/armv7-m\libg.a(lib_a-signalr.o)
                0x00085660                _getpid_r
 .text.__sread  0x00085664       0x24 c:/programdata/matlab/supportpackages/r2021b/aide/portable/packages/arduino/tools/arm-none-eabi-gcc/4.8.3-2014q1/bin/../lib/gcc/arm-none-eabi/4.8.3/../../../../arm-none-eabi/lib/armv7-m\libg.a(lib_a-stdio.o)
                0x00085664                __sread
 .text.__swrite
                0x00085688       0x38 c:/programdata/matlab/supportpackages/r2021b/aide/portable/packages/arduino/tools/arm-none-eabi-gcc/4.8.3-2014q1/bin/../lib/gcc/arm-none-eabi/4.8.3/../../../../arm-none-eabi/lib/armv7-m\libg.a(lib_a-stdio.o)
                0x00085688                __swrite
 .text.__sseek  0x000856c0       0x20 c:/programdata/matlab/supportpackages/r2021b/aide/portable/packages/arduino/tools/arm-none-eabi-gcc/4.8.3-2014q1/bin/../lib/gcc/arm-none-eabi/4.8.3/../../../../arm-none-eabi/lib/armv7-m\libg.a(lib_a-stdio.o)
                0x000856c0                __sseek
 .text.__sclose
                0x000856e0        0x8 c:/programdata/matlab/supportpackages/r2021b/aide/portable/packages/arduino/tools/arm-none-eabi-gcc/4.8.3-2014q1/bin/../lib/gcc/arm-none-eabi/4.8.3/../../../../arm-none-eabi/lib/armv7-m\libg.a(lib_a-stdio.o)
                0x000856e0                __sclose
 .text.__swbuf_r
                0x000856e8       0xa8 c:/programdata/matlab/supportpackages/r2021b/aide/portable/packages/arduino/tools/arm-none-eabi-gcc/4.8.3-2014q1/bin/../lib/gcc/arm-none-eabi/4.8.3/../../../../arm-none-eabi/lib/armv7-m\libg.a(lib_a-wbuf.o)
                0x000856e8                __swbuf_r
 .text._wcrtomb_r
                0x00085790       0x50 c:/programdata/matlab/supportpackages/r2021b/aide/portable/packages/arduino/tools/arm-none-eabi-gcc/4.8.3-2014q1/bin/../lib/gcc/arm-none-eabi/4.8.3/../../../../arm-none-eabi/lib/armv7-m\libg.a(lib_a-wcrtomb.o)
                0x00085790                _wcrtomb_r
 .text.__ascii_wctomb
                0x000857e0       0x1c c:/programdata/matlab/supportpackages/r2021b/aide/portable/packages/arduino/tools/arm-none-eabi-gcc/4.8.3-2014q1/bin/../lib/gcc/arm-none-eabi/4.8.3/../../../../arm-none-eabi/lib/armv7-m\libg.a(lib_a-wctomb_r.o)
                0x000857e0                __ascii_wctomb
 .text._write_r
                0x000857fc       0x28 c:/programdata/matlab/supportpackages/r2021b/aide/portable/packages/arduino/tools/arm-none-eabi-gcc/4.8.3-2014q1/bin/../lib/gcc/arm-none-eabi/4.8.3/../../../../arm-none-eabi/lib/armv7-m\libg.a(lib_a-writer.o)
                0x000857fc                _write_r
 .text.__register_exitproc
                0x00085824       0xa8 c:/programdata/matlab/supportpackages/r2021b/aide/portable/packages/arduino/tools/arm-none-eabi-gcc/4.8.3-2014q1/bin/../lib/gcc/arm-none-eabi/4.8.3/../../../../arm-none-eabi/lib/armv7-m\libg.a(lib_a-__atexit.o)
                0x00085824                __register_exitproc
 .text._close_r
                0x000858cc       0x24 c:/programdata/matlab/supportpackages/r2021b/aide/portable/packages/arduino/tools/arm-none-eabi-gcc/4.8.3-2014q1/bin/../lib/gcc/arm-none-eabi/4.8.3/../../../../arm-none-eabi/lib/armv7-m\libg.a(lib_a-closer.o)
                0x000858cc                _close_r
 .text._fclose_r
                0x000858f0       0x80 c:/programdata/matlab/supportpackages/r2021b/aide/portable/packages/arduino/tools/arm-none-eabi-gcc/4.8.3-2014q1/bin/../lib/gcc/arm-none-eabi/4.8.3/../../../../arm-none-eabi/lib/armv7-m\libg.a(lib_a-fclose.o)
                0x000858f0                _fclose_r
 .text.fclose   0x00085970       0x10 c:/programdata/matlab/supportpackages/r2021b/aide/portable/packages/arduino/tools/arm-none-eabi-gcc/4.8.3-2014q1/bin/../lib/gcc/arm-none-eabi/4.8.3/../../../../arm-none-eabi/lib/armv7-m\libg.a(lib_a-fclose.o)
                0x00085970                fclose
 .text._fstat_r
                0x00085980       0x28 c:/programdata/matlab/supportpackages/r2021b/aide/portable/packages/arduino/tools/arm-none-eabi-gcc/4.8.3-2014q1/bin/../lib/gcc/arm-none-eabi/4.8.3/../../../../arm-none-eabi/lib/armv7-m\libg.a(lib_a-fstatr.o)
                0x00085980                _fstat_r
 .text._isatty_r
                0x000859a8       0x24 c:/programdata/matlab/supportpackages/r2021b/aide/portable/packages/arduino/tools/arm-none-eabi-gcc/4.8.3-2014q1/bin/../lib/gcc/arm-none-eabi/4.8.3/../../../../arm-none-eabi/lib/armv7-m\libg.a(lib_a-isattyr.o)
                0x000859a8                _isatty_r
 .text._lseek_r
                0x000859cc       0x28 c:/programdata/matlab/supportpackages/r2021b/aide/portable/packages/arduino/tools/arm-none-eabi-gcc/4.8.3-2014q1/bin/../lib/gcc/arm-none-eabi/4.8.3/../../../../arm-none-eabi/lib/armv7-m\libg.a(lib_a-lseekr.o)
                0x000859cc                _lseek_r
 .text._read_r  0x000859f4       0x28 c:/programdata/matlab/supportpackages/r2021b/aide/portable/packages/arduino/tools/arm-none-eabi-gcc/4.8.3-2014q1/bin/../lib/gcc/arm-none-eabi/4.8.3/../../../../arm-none-eabi/lib/armv7-m\libg.a(lib_a-readr.o)
                0x000859f4                _read_r
 .text          0x00085a1c       0x2c c:/programdata/matlab/supportpackages/r2021b/aide/portable/packages/arduino/tools/arm-none-eabi-gcc/4.8.3-2014q1/bin/../lib/gcc/arm-none-eabi/4.8.3/armv7-m\libgcc.a(_aeabi_uldivmod.o)
                0x00085a1c                __aeabi_uldivmod
 .text          0x00085a48       0x60 c:/programdata/matlab/supportpackages/r2021b/aide/portable/packages/arduino/tools/arm-none-eabi-gcc/4.8.3-2014q1/bin/../lib/gcc/arm-none-eabi/4.8.3/armv7-m\libgcc.a(bpabi.o)
                0x00085a48                __gnu_ldivmod_helper
                0x00085a78                __gnu_uldivmod_helper
 .text          0x00085aa8        0x4 c:/programdata/matlab/supportpackages/r2021b/aide/portable/packages/arduino/tools/arm-none-eabi-gcc/4.8.3-2014q1/bin/../lib/gcc/arm-none-eabi/4.8.3/armv7-m\libgcc.a(_dvmd_tls.o)
                0x00085aa8                __aeabi_idiv0
                0x00085aa8                __aeabi_ldiv0
 .text          0x00085aac      0x2a0 c:/programdata/matlab/supportpackages/r2021b/aide/portable/packages/arduino/tools/arm-none-eabi-gcc/4.8.3-2014q1/bin/../lib/gcc/arm-none-eabi/4.8.3/armv7-m\libgcc.a(_divdi3.o)
                0x00085aac                __divdi3
 .text          0x00085d4c      0x290 c:/programdata/matlab/supportpackages/r2021b/aide/portable/packages/arduino/tools/arm-none-eabi-gcc/4.8.3-2014q1/bin/../lib/gcc/arm-none-eabi/4.8.3/armv7-m\libgcc.a(_udivdi3.o)
                0x00085d4c                __udivdi3
 *(.glue_7t)
 .glue_7t       0x00000000        0x0 linker stubs
 *(.glue_7)
 .glue_7        0x00000000        0x0 linker stubs
 *(.rodata .rodata* .gnu.linkonce.r.*)
 .rodata.tmp_2.9896
                0x00085fdc        0x5 board_testa.o
 .rodata.tmp_1.9895
                0x00085fe1        0x5 board_testa.o
 *fill*         0x00085fe6        0x2 
 .rodata.board_testa_M
                0x00085fe8        0x4 board_testa.o
                0x00085fe8                board_testa_M
 .rodata.tmp_0.9894
                0x00085fec        0x5 board_testa.o
 .rodata.tmp_3.9897
                0x00085ff1        0x5 board_testa.o
 .rodata.str1.1
                0x00085ff6        0xf C:/Users/ricci/DOCUME~1/MATLAB/R2021b/ARDUIN~1/ARDUIN~2/FASTER~1/libcore.a(Print.o)
 *fill*         0x00086005        0x3 
 .rodata._ZTV9UARTClass
                0x00086008       0x30 C:/Users/ricci/DOCUME~1/MATLAB/R2021b/ARDUIN~1/ARDUIN~2/FASTER~1/libcore.a(UARTClass.o)
                0x00086008                vtable for UARTClass
 .rodata._ZTV10USARTClass
                0x00086038       0x30 C:/Users/ricci/DOCUME~1/MATLAB/R2021b/ARDUIN~1/ARDUIN~2/FASTER~1/libcore.a(USARTClass.o)
                0x00086038                vtable for USARTClass
 .rodata.g_APinDescription
                0x00086068      0xa2c C:/Users/ricci/DOCUME~1/MATLAB/R2021b/ARDUIN~1/ARDUIN~2/FASTER~1/libcore.a(variant.o)
                0x00086068                g_APinDescription
 .rodata.__func__.6792
                0x00086a94        0xd C:/ProgramData/MATLAB/SupportPackages/R2021b/aIDE/portable/packages/arduino/hardware/sam/1.6.12/variants/arduino_due_x/libsam_sam3x8e_gcc_rel.a(tc.o)
 .rodata.str1.1
                0x00086aa1       0x54 C:/ProgramData/MATLAB/SupportPackages/R2021b/aIDE/portable/packages/arduino/hardware/sam/1.6.12/variants/arduino_due_x/libsam_sam3x8e_gcc_rel.a(tc.o)
 .rodata.__func__.6798
                0x00086af5        0x9 C:/ProgramData/MATLAB/SupportPackages/R2021b/aIDE/portable/packages/arduino/hardware/sam/1.6.12/variants/arduino_due_x/libsam_sam3x8e_gcc_rel.a(tc.o)
 *fill*         0x00086afe        0x2 
 .rodata        0x00086b00       0x40 C:/ProgramData/MATLAB/SupportPackages/R2021b/aIDE/portable/packages/arduino/hardware/sam/1.6.12/variants/arduino_due_x/libsam_sam3x8e_gcc_rel.a(adc.o)
 .rodata.str1.4
                0x00086b40       0x3f c:/programdata/matlab/supportpackages/r2021b/aide/portable/packages/arduino/tools/arm-none-eabi-gcc/4.8.3-2014q1/bin/../lib/gcc/arm-none-eabi/4.8.3/../../../../arm-none-eabi/lib/armv7-m\libg.a(lib_a-assert.o)
                                 0x44 (size before relaxing)
 *fill*         0x00086b7f        0x1 
 .rodata.str1.4
                0x00086b80        0x2 c:/programdata/matlab/supportpackages/r2021b/aide/portable/packages/arduino/tools/arm-none-eabi-gcc/4.8.3-2014q1/bin/../lib/gcc/arm-none-eabi/4.8.3/../../../../arm-none-eabi/lib/armv7-m\libg.a(lib_a-impure.o)
                                  0x4 (size before relaxing)
 *fill*         0x00086b82        0x2 
 .rodata._global_impure_ptr
                0x00086b84        0x4 c:/programdata/matlab/supportpackages/r2021b/aide/portable/packages/arduino/tools/arm-none-eabi-gcc/4.8.3-2014q1/bin/../lib/gcc/arm-none-eabi/4.8.3/../../../../arm-none-eabi/lib/armv7-m\libg.a(lib_a-impure.o)
                0x00086b84                _global_impure_ptr
 .rodata.blanks.6717
                0x00086b88       0x10 c:/programdata/matlab/supportpackages/r2021b/aide/portable/packages/arduino/tools/arm-none-eabi-gcc/4.8.3-2014q1/bin/../lib/gcc/arm-none-eabi/4.8.3/../../../../arm-none-eabi/lib/armv7-m\libg.a(lib_a-vfiprintf.o)
 .rodata.str1.4
                0x00086b98       0x30 c:/programdata/matlab/supportpackages/r2021b/aide/portable/packages/arduino/tools/arm-none-eabi-gcc/4.8.3-2014q1/bin/../lib/gcc/arm-none-eabi/4.8.3/../../../../arm-none-eabi/lib/armv7-m\libg.a(lib_a-vfiprintf.o)
 .rodata.zeroes.6718
                0x00086bc8       0x10 c:/programdata/matlab/supportpackages/r2021b/aide/portable/packages/arduino/tools/arm-none-eabi-gcc/4.8.3-2014q1/bin/../lib/gcc/arm-none-eabi/4.8.3/../../../../arm-none-eabi/lib/armv7-m\libg.a(lib_a-vfiprintf.o)
 *(.ARM.extab* .gnu.linkonce.armextab.*)
                0x00086bd8                . = ALIGN (0x4)
 *(.init)
 .init          0x00086bd8        0x4 c:/programdata/matlab/supportpackages/r2021b/aide/portable/packages/arduino/tools/arm-none-eabi-gcc/4.8.3-2014q1/bin/../lib/gcc/arm-none-eabi/4.8.3/armv7-m/crti.o
                0x00086bd8                _init
 .init          0x00086bdc        0x8 c:/programdata/matlab/supportpackages/r2021b/aide/portable/packages/arduino/tools/arm-none-eabi-gcc/4.8.3-2014q1/bin/../lib/gcc/arm-none-eabi/4.8.3/armv7-m/crtn.o
                0x00086be4                . = ALIGN (0x4)
                0x00086be4                __preinit_array_start = .
 *(.preinit_array)
                0x00086be4                __preinit_array_end = .
                0x00086be4                . = ALIGN (0x4)
                0x00086be4                __init_array_start = .
 *(SORT(.init_array.*))
 .init_array.00000
                0x00086be4        0x4 c:/programdata/matlab/supportpackages/r2021b/aide/portable/packages/arduino/tools/arm-none-eabi-gcc/4.8.3-2014q1/bin/../lib/gcc/arm-none-eabi/4.8.3/../../../../arm-none-eabi/lib/armv7-m\libg.a(lib_a-__call_atexit.o)
 *(.init_array)
 .init_array    0x00086be8        0x4 c:/programdata/matlab/supportpackages/r2021b/aide/portable/packages/arduino/tools/arm-none-eabi-gcc/4.8.3-2014q1/bin/../lib/gcc/arm-none-eabi/4.8.3/armv7-m/crtbegin.o
 .init_array    0x00086bec        0x4 C:/Users/ricci/DOCUME~1/MATLAB/R2021b/ARDUIN~1/ARDUIN~2/FASTER~1/libcore.a(variant.o)
                0x00086bf0                __init_array_end = .
                0x00086bf0                . = ALIGN (0x4)
 *crtbegin.o(.ctors)
 *(EXCLUDE_FILE(*crtend.o) .ctors)
 *(SORT(.ctors.*))
 *crtend.o(.ctors)
                0x00086bf0                . = ALIGN (0x4)
 *(.fini)
 .fini          0x00086bf0        0x4 c:/programdata/matlab/supportpackages/r2021b/aide/portable/packages/arduino/tools/arm-none-eabi-gcc/4.8.3-2014q1/bin/../lib/gcc/arm-none-eabi/4.8.3/armv7-m/crti.o
                0x00086bf0                _fini
 .fini          0x00086bf4        0x8 c:/programdata/matlab/supportpackages/r2021b/aide/portable/packages/arduino/tools/arm-none-eabi-gcc/4.8.3-2014q1/bin/../lib/gcc/arm-none-eabi/4.8.3/armv7-m/crtn.o
                0x00086bfc                . = ALIGN (0x4)
                0x00086bfc                __fini_array_start = .
 *(.fini_array)
 .fini_array    0x00086bfc        0x4 c:/programdata/matlab/supportpackages/r2021b/aide/portable/packages/arduino/tools/arm-none-eabi-gcc/4.8.3-2014q1/bin/../lib/gcc/arm-none-eabi/4.8.3/armv7-m/crtbegin.o
 *(SORT(.fini_array.*))
                0x00086c00                __fini_array_end = .
 *crtbegin.o(.dtors)
 *(EXCLUDE_FILE(*crtend.o) .dtors)
 *(SORT(.dtors.*))
 *crtend.o(.dtors)
                0x00086c00                . = ALIGN (0x4)
                0x00086c00                _efixed = .
                0x00086c00                PROVIDE (__exidx_start, .)

.vfp11_veneer   0x00086c00        0x0
 .vfp11_veneer  0x00000000        0x0 linker stubs

.v4_bx          0x00086c00        0x0
 .v4_bx         0x00000000        0x0 linker stubs

.iplt           0x00086c00        0x0
 .iplt          0x00000000        0x0 c:/programdata/matlab/supportpackages/r2021b/aide/portable/packages/arduino/tools/arm-none-eabi-gcc/4.8.3-2014q1/bin/../lib/gcc/arm-none-eabi/4.8.3/armv7-m/crtbegin.o

.ARM.exidx      0x00086c00        0x8
 *(.ARM.exidx* .gnu.linkonce.armexidx.*)
 .ARM.exidx     0x00086c00        0x8 c:/programdata/matlab/supportpackages/r2021b/aide/portable/packages/arduino/tools/arm-none-eabi-gcc/4.8.3-2014q1/bin/../lib/gcc/arm-none-eabi/4.8.3/armv7-m\libgcc.a(_divdi3.o)
 .ARM.exidx     0x00086c08        0x0 c:/programdata/matlab/supportpackages/r2021b/aide/portable/packages/arduino/tools/arm-none-eabi-gcc/4.8.3-2014q1/bin/../lib/gcc/arm-none-eabi/4.8.3/armv7-m\libgcc.a(_udivdi3.o)
                                  0x8 (size before relaxing)
                0x00086c08                PROVIDE (__exidx_end, .)

.eh_frame       0x00086c08        0x0
 .eh_frame      0x00086c08        0x0 c:/programdata/matlab/supportpackages/r2021b/aide/portable/packages/arduino/tools/arm-none-eabi-gcc/4.8.3-2014q1/bin/../lib/gcc/arm-none-eabi/4.8.3/armv7-m/crtbegin.o

.rel.dyn        0x00086c08        0x0
 .rel.iplt      0x00000000        0x0 c:/programdata/matlab/supportpackages/r2021b/aide/portable/packages/arduino/tools/arm-none-eabi-gcc/4.8.3-2014q1/bin/../lib/gcc/arm-none-eabi/4.8.3/armv7-m/crtbegin.o

.jcr            0x00086c08        0x0
 .jcr           0x00086c08        0x0 c:/programdata/matlab/supportpackages/r2021b/aide/portable/packages/arduino/tools/arm-none-eabi-gcc/4.8.3-2014q1/bin/../lib/gcc/arm-none-eabi/4.8.3/armv7-m/crtbegin.o

.igot.plt       0x00086c08        0x0
 .igot.plt      0x00000000        0x0 c:/programdata/matlab/supportpackages/r2021b/aide/portable/packages/arduino/tools/arm-none-eabi-gcc/4.8.3-2014q1/bin/../lib/gcc/arm-none-eabi/4.8.3/armv7-m/crtbegin.o
                0x00086c08                . = ALIGN (0x4)
                0x00086c08                _etext = .

.relocate       0x20070000      0x8d4 load address 0x00086c08
                0x20070000                . = ALIGN (0x4)
                0x20070000                _srelocate = .
 *(.ramfunc .ramfunc.*)
 .ramfunc       0x20070000       0x2c C:/Users/ricci/DOCUME~1/MATLAB/R2021b/ARDUIN~1/ARDUIN~2/FASTER~1/libcore.a(Reset.o)
                0x20070000                banzai
 *(.data .data.*)
 .data.available_func_ptr
                0x2007002c       0x10 MW_SerialRead.o
                0x2007002c                available_func_ptr
 .data.read_func_ptr
                0x2007003c       0x10 MW_SerialRead.o
                0x2007003c                read_func_ptr
 *fill*         0x2007004c        0x4 
 .data.board_testa_P
                0x20070050       0x18 board_testa_data.o
                0x20070050                board_testa_P
 .data._ZL5ticks
                0x20070068        0x4 C:/Users/ricci/DOCUME~1/MATLAB/R2021b/ARDUIN~1/ARDUIN~2/FASTER~1/libcore.a(Reset.o)
 .data.SystemCoreClock
                0x2007006c        0x4 C:/ProgramData/MATLAB/SupportPackages/R2021b/aIDE/portable/packages/arduino/hardware/sam/1.6.12/variants/arduino_due_x/libsam_sam3x8e_gcc_rel.a(system_sam3xa.o)
                0x2007006c                SystemCoreClock
 .data.impure_data
                0x20070070      0x428 c:/programdata/matlab/supportpackages/r2021b/aide/portable/packages/arduino/tools/arm-none-eabi-gcc/4.8.3-2014q1/bin/../lib/gcc/arm-none-eabi/4.8.3/../../../../arm-none-eabi/lib/armv7-m\libg.a(lib_a-impure.o)
 .data._impure_ptr
                0x20070498        0x4 c:/programdata/matlab/supportpackages/r2021b/aide/portable/packages/arduino/tools/arm-none-eabi-gcc/4.8.3-2014q1/bin/../lib/gcc/arm-none-eabi/4.8.3/../../../../arm-none-eabi/lib/armv7-m\libg.a(lib_a-impure.o)
                0x20070498                _impure_ptr
 .data.__malloc_av_
                0x2007049c      0x408 c:/programdata/matlab/supportpackages/r2021b/aide/portable/packages/arduino/tools/arm-none-eabi-gcc/4.8.3-2014q1/bin/../lib/gcc/arm-none-eabi/4.8.3/../../../../arm-none-eabi/lib/armv7-m\libg.a(lib_a-mallocr.o)
                0x2007049c                __malloc_av_
 .data.__malloc_trim_threshold
                0x200708a4        0x4 c:/programdata/matlab/supportpackages/r2021b/aide/portable/packages/arduino/tools/arm-none-eabi-gcc/4.8.3-2014q1/bin/../lib/gcc/arm-none-eabi/4.8.3/../../../../arm-none-eabi/lib/armv7-m\libg.a(lib_a-mallocr.o)
                0x200708a4                __malloc_trim_threshold
 .data.__malloc_sbrk_base
                0x200708a8        0x4 c:/programdata/matlab/supportpackages/r2021b/aide/portable/packages/arduino/tools/arm-none-eabi-gcc/4.8.3-2014q1/bin/../lib/gcc/arm-none-eabi/4.8.3/../../../../arm-none-eabi/lib/armv7-m\libg.a(lib_a-mallocr.o)
                0x200708a8                __malloc_sbrk_base
 .data.lc_ctype_charset
                0x200708ac       0x20 c:/programdata/matlab/supportpackages/r2021b/aide/portable/packages/arduino/tools/arm-none-eabi-gcc/4.8.3-2014q1/bin/../lib/gcc/arm-none-eabi/4.8.3/../../../../arm-none-eabi/lib/armv7-m\libg.a(lib_a-locale.o)
 .data.__mb_cur_max
                0x200708cc        0x4 c:/programdata/matlab/supportpackages/r2021b/aide/portable/packages/arduino/tools/arm-none-eabi-gcc/4.8.3-2014q1/bin/../lib/gcc/arm-none-eabi/4.8.3/../../../../arm-none-eabi/lib/armv7-m\libg.a(lib_a-locale.o)
                0x200708cc                __mb_cur_max
 .data.__wctomb
                0x200708d0        0x4 c:/programdata/matlab/supportpackages/r2021b/aide/portable/packages/arduino/tools/arm-none-eabi-gcc/4.8.3-2014q1/bin/../lib/gcc/arm-none-eabi/4.8.3/../../../../arm-none-eabi/lib/armv7-m\libg.a(lib_a-wctomb_r.o)
                0x200708d0                __wctomb
                0x200708d4                . = ALIGN (0x4)
                0x200708d4                _erelocate = .

.bss            0x200708d4      0x780 load address 0x000874dc
                0x200708d4                . = ALIGN (0x4)
                0x200708d4                _sbss = .
                0x200708d4                _szero = .
 *(.bss .bss.*)
 .bss           0x200708d4       0x1c c:/programdata/matlab/supportpackages/r2021b/aide/portable/packages/arduino/tools/arm-none-eabi-gcc/4.8.3-2014q1/bin/../lib/gcc/arm-none-eabi/4.8.3/armv7-m/crtbegin.o
 .bss.gpf_isr   0x200708f0        0x4 C:/ProgramData/MATLAB/SupportPackages/R2021b/aIDE/portable/packages/arduino/hardware/sam/1.6.12/variants/arduino_due_x/libsam_sam3x8e_gcc_rel.a(uotghs.o)
                0x200708f0                gpf_isr
 .bss.decodingState
                0x200708f4        0x1 ProtocolDecoderUtilities.o
 *fill*         0x200708f5        0x1 
 .bss.dataBufferIndex.4751
                0x200708f6        0x2 ProtocolDecoderUtilities.o
 .bss.numHeaderBytesReceived.4753
                0x200708f8        0x1 ProtocolDecoderUtilities.o
 .bss.numTerminatorBytesReceived.4752
                0x200708f9        0x1 ProtocolDecoderUtilities.o
 *fill*         0x200708fa        0x2 
 .bss.board_testa_M_
                0x200708fc        0x4 board_testa.o
 .bss.OverrunFlag
                0x20070900        0x1 ert_main.o
 *fill*         0x20070901        0x3 
 .bss.IsrOverrun
                0x20070904        0x4 ert_main.o
                0x20070904                IsrOverrun
 .bss.heap.6420
                0x20070908        0x4 C:/Users/ricci/DOCUME~1/MATLAB/R2021b/ARDUIN~1/ARDUIN~2/FASTER~1/libcore.a(syscalls_sam3.o)
 .bss.tx_buffer2
                0x2007090c       0x88 C:/Users/ricci/DOCUME~1/MATLAB/R2021b/ARDUIN~1/ARDUIN~2/FASTER~1/libcore.a(variant.o)
                0x2007090c                tx_buffer2
 .bss.tx_buffer1
                0x20070994       0x88 C:/Users/ricci/DOCUME~1/MATLAB/R2021b/ARDUIN~1/ARDUIN~2/FASTER~1/libcore.a(variant.o)
                0x20070994                tx_buffer1
 .bss.Serial    0x20070a1c       0x24 C:/Users/ricci/DOCUME~1/MATLAB/R2021b/ARDUIN~1/ARDUIN~2/FASTER~1/libcore.a(variant.o)
                0x20070a1c                Serial
 .bss.rx_buffer1
                0x20070a40       0x88 C:/Users/ricci/DOCUME~1/MATLAB/R2021b/ARDUIN~1/ARDUIN~2/FASTER~1/libcore.a(variant.o)
                0x20070a40                rx_buffer1
 .bss.Serial1   0x20070ac8       0x28 C:/Users/ricci/DOCUME~1/MATLAB/R2021b/ARDUIN~1/ARDUIN~2/FASTER~1/libcore.a(variant.o)
                0x20070ac8                Serial1
 .bss.Serial2   0x20070af0       0x28 C:/Users/ricci/DOCUME~1/MATLAB/R2021b/ARDUIN~1/ARDUIN~2/FASTER~1/libcore.a(variant.o)
                0x20070af0                Serial2
 .bss.Serial3   0x20070b18       0x28 C:/Users/ricci/DOCUME~1/MATLAB/R2021b/ARDUIN~1/ARDUIN~2/FASTER~1/libcore.a(variant.o)
                0x20070b18                Serial3
 .bss.tx_buffer3
                0x20070b40       0x88 C:/Users/ricci/DOCUME~1/MATLAB/R2021b/ARDUIN~1/ARDUIN~2/FASTER~1/libcore.a(variant.o)
                0x20070b40                tx_buffer3
 .bss.tx_buffer4
                0x20070bc8       0x88 C:/Users/ricci/DOCUME~1/MATLAB/R2021b/ARDUIN~1/ARDUIN~2/FASTER~1/libcore.a(variant.o)
                0x20070bc8                tx_buffer4
 .bss.g_pinStatus
                0x20070c50       0x4f C:/Users/ricci/DOCUME~1/MATLAB/R2021b/ARDUIN~1/ARDUIN~2/FASTER~1/libcore.a(variant.o)
                0x20070c50                g_pinStatus
 *fill*         0x20070c9f        0x1 
 .bss.rx_buffer2
                0x20070ca0       0x88 C:/Users/ricci/DOCUME~1/MATLAB/R2021b/ARDUIN~1/ARDUIN~2/FASTER~1/libcore.a(variant.o)
                0x20070ca0                rx_buffer2
 .bss.rx_buffer3
                0x20070d28       0x88 C:/Users/ricci/DOCUME~1/MATLAB/R2021b/ARDUIN~1/ARDUIN~2/FASTER~1/libcore.a(variant.o)
                0x20070d28                rx_buffer3
 .bss.rx_buffer4
                0x20070db0       0x88 C:/Users/ricci/DOCUME~1/MATLAB/R2021b/ARDUIN~1/ARDUIN~2/FASTER~1/libcore.a(variant.o)
                0x20070db0                rx_buffer4
 .bss._dwTickCount
                0x20070e38        0x4 C:/ProgramData/MATLAB/SupportPackages/R2021b/aIDE/portable/packages/arduino/hardware/sam/1.6.12/variants/arduino_due_x/libsam_sam3x8e_gcc_rel.a(timetick.o)
 .bss.__malloc_max_total_mem
                0x20070e3c        0x4 c:/programdata/matlab/supportpackages/r2021b/aide/portable/packages/arduino/tools/arm-none-eabi-gcc/4.8.3-2014q1/bin/../lib/gcc/arm-none-eabi/4.8.3/../../../../arm-none-eabi/lib/armv7-m\libg.a(lib_a-mallocr.o)
                0x20070e3c                __malloc_max_total_mem
 .bss.__malloc_max_sbrked_mem
                0x20070e40        0x4 c:/programdata/matlab/supportpackages/r2021b/aide/portable/packages/arduino/tools/arm-none-eabi-gcc/4.8.3-2014q1/bin/../lib/gcc/arm-none-eabi/4.8.3/../../../../arm-none-eabi/lib/armv7-m\libg.a(lib_a-mallocr.o)
                0x20070e40                __malloc_max_sbrked_mem
 .bss.__malloc_top_pad
                0x20070e44        0x4 c:/programdata/matlab/supportpackages/r2021b/aide/portable/packages/arduino/tools/arm-none-eabi-gcc/4.8.3-2014q1/bin/../lib/gcc/arm-none-eabi/4.8.3/../../../../arm-none-eabi/lib/armv7-m\libg.a(lib_a-mallocr.o)
                0x20070e44                __malloc_top_pad
 .bss.__malloc_current_mallinfo
                0x20070e48       0x28 c:/programdata/matlab/supportpackages/r2021b/aide/portable/packages/arduino/tools/arm-none-eabi-gcc/4.8.3-2014q1/bin/../lib/gcc/arm-none-eabi/4.8.3/../../../../arm-none-eabi/lib/armv7-m\libg.a(lib_a-mallocr.o)
                0x20070e48                __malloc_current_mallinfo
 *(COMMON)
 COMMON         0x20070e70      0x1d8 board_testa.o
                0x20070e70                board_testa_DW
                0x20070f90                board_testa_B
 COMMON         0x20071048        0x4 m3m4m4f_multitasking.o
                0x20071048                taskToSchedule
 COMMON         0x2007104c        0x2 ert_main.o
                0x2007104c                runModel
                0x2007104d                stopRequested
 *fill*         0x2007104e        0x2 
 COMMON         0x20071050        0x4 c:/programdata/matlab/supportpackages/r2021b/aide/portable/packages/arduino/tools/arm-none-eabi-gcc/4.8.3-2014q1/bin/../lib/gcc/arm-none-eabi/4.8.3/../../../../arm-none-eabi/lib/armv7-m\libg.a(lib_a-reent.o)
                0x20071050                errno
                0x20071054                . = ALIGN (0x4)
                0x20071054                _ebss = .
                0x20071054                _ezero = .
                0x20071054                . = ALIGN (0x4)
                0x20071054                _end = .

.stack_dummy    0x20071054        0x0
 *(.stack*)
                0x20088000                __StackTop = (ORIGIN (ram) + 0x18000)
                0x20088000                __StackLimit = (__StackTop - SIZEOF (.stack_dummy))
                0x20088000                PROVIDE (_sstack, __StackLimit)
                0x20088000                PROVIDE (_estack, __StackTop)
OUTPUT(../board_testa.elf elf32-littlearm)

.ARM.attributes
                0x00000000       0x29
 .ARM.attributes
                0x00000000       0x1d c:/programdata/matlab/supportpackages/r2021b/aide/portable/packages/arduino/tools/arm-none-eabi-gcc/4.8.3-2014q1/bin/../lib/gcc/arm-none-eabi/4.8.3/armv7-m/crti.o
 .ARM.attributes
                0x0000001d       0x2d c:/programdata/matlab/supportpackages/r2021b/aide/portable/packages/arduino/tools/arm-none-eabi-gcc/4.8.3-2014q1/bin/../lib/gcc/arm-none-eabi/4.8.3/armv7-m/crtbegin.o
 .ARM.attributes
                0x0000004a       0x33 C:/ProgramData/MATLAB/SupportPackages/R2021b/aIDE/portable/packages/arduino/hardware/sam/1.6.12/variants/arduino_due_x/libsam_sam3x8e_gcc_rel.a(startup_sam3xa.o)
 .ARM.attributes
                0x0000007d       0x33 C:/ProgramData/MATLAB/SupportPackages/R2021b/aIDE/portable/packages/arduino/hardware/sam/1.6.12/variants/arduino_due_x/libsam_sam3x8e_gcc_rel.a(uotghs.o)
 .ARM.attributes
                0x000000b0       0x33 MW_arduino_digitalio.o
 .ARM.attributes
                0x000000e3       0x33 ProtocolDecoderUtilities.o
 .ARM.attributes
                0x00000116       0x33 MW_SerialRead.o
 .ARM.attributes
                0x00000149       0x33 MW_SerialWrite.o
 .ARM.attributes
                0x0000017c       0x33 board_testa.o
 .ARM.attributes
                0x000001af       0x33 board_testa_data.o
 .ARM.attributes
                0x000001e2       0x33 arm_m3_cortex_handler.o
 .ARM.attributes
                0x00000215       0x33 MW_ArduinoHWInit.o
 .ARM.attributes
                0x00000248       0x33 io_wrappers.o
 .ARM.attributes
                0x0000027b       0x33 arduinoARMScheduler.o
 .ARM.attributes
                0x000002ae       0x33 m3m4m4f_multitasking.o
 .ARM.attributes
                0x000002e1       0x33 ert_main.o
 .ARM.attributes
                0x00000314       0x33 C:/Users/ricci/DOCUME~1/MATLAB/R2021b/ARDUIN~1/ARDUIN~2/FASTER~1/libcore.a(hooks.o)
 .ARM.attributes
                0x00000347       0x33 C:/Users/ricci/DOCUME~1/MATLAB/R2021b/ARDUIN~1/ARDUIN~2/FASTER~1/libcore.a(syscalls_sam3.o)
 .ARM.attributes
                0x0000037a       0x33 C:/Users/ricci/DOCUME~1/MATLAB/R2021b/ARDUIN~1/ARDUIN~2/FASTER~1/libcore.a(wiring.o)
 .ARM.attributes
                0x000003ad       0x33 C:/Users/ricci/DOCUME~1/MATLAB/R2021b/ARDUIN~1/ARDUIN~2/FASTER~1/libcore.a(wiring_analog.o)
 .ARM.attributes
                0x000003e0       0x33 C:/Users/ricci/DOCUME~1/MATLAB/R2021b/ARDUIN~1/ARDUIN~2/FASTER~1/libcore.a(wiring_digital.o)
 .ARM.attributes
                0x00000413       0x33 C:/Users/ricci/DOCUME~1/MATLAB/R2021b/ARDUIN~1/ARDUIN~2/FASTER~1/libcore.a(Print.o)
 .ARM.attributes
                0x00000446       0x33 C:/Users/ricci/DOCUME~1/MATLAB/R2021b/ARDUIN~1/ARDUIN~2/FASTER~1/libcore.a(Reset.o)
 .ARM.attributes
                0x00000479       0x33 C:/Users/ricci/DOCUME~1/MATLAB/R2021b/ARDUIN~1/ARDUIN~2/FASTER~1/libcore.a(Stream.o)
 .ARM.attributes
                0x000004ac       0x33 C:/Users/ricci/DOCUME~1/MATLAB/R2021b/ARDUIN~1/ARDUIN~2/FASTER~1/libcore.a(UARTClass.o)
 .ARM.attributes
                0x000004df       0x33 C:/Users/ricci/DOCUME~1/MATLAB/R2021b/ARDUIN~1/ARDUIN~2/FASTER~1/libcore.a(USARTClass.o)
 .ARM.attributes
                0x00000512       0x33 C:/Users/ricci/DOCUME~1/MATLAB/R2021b/ARDUIN~1/ARDUIN~2/FASTER~1/libcore.a(watchdog.o)
 .ARM.attributes
                0x00000545       0x33 C:/Users/ricci/DOCUME~1/MATLAB/R2021b/ARDUIN~1/ARDUIN~2/FASTER~1/libcore.a(variant.o)
 .ARM.attributes
                0x00000578       0x33 C:/Users/ricci/DOCUME~1/MATLAB/R2021b/ARDUIN~1/ARDUIN~2/FASTER~1/libcore.a(RingBuffer.o)
 .ARM.attributes
                0x000005ab       0x33 C:/ProgramData/MATLAB/SupportPackages/R2021b/aIDE/portable/packages/arduino/hardware/sam/1.6.12/variants/arduino_due_x/libsam_sam3x8e_gcc_rel.a(pio.o)
 .ARM.attributes
                0x000005de       0x33 C:/ProgramData/MATLAB/SupportPackages/R2021b/aIDE/portable/packages/arduino/hardware/sam/1.6.12/variants/arduino_due_x/libsam_sam3x8e_gcc_rel.a(pmc.o)
 .ARM.attributes
                0x00000611       0x33 C:/ProgramData/MATLAB/SupportPackages/R2021b/aIDE/portable/packages/arduino/hardware/sam/1.6.12/variants/arduino_due_x/libsam_sam3x8e_gcc_rel.a(tc.o)
 .ARM.attributes
                0x00000644       0x33 C:/ProgramData/MATLAB/SupportPackages/R2021b/aIDE/portable/packages/arduino/hardware/sam/1.6.12/variants/arduino_due_x/libsam_sam3x8e_gcc_rel.a(timetick.o)
 .ARM.attributes
                0x00000677       0x33 C:/ProgramData/MATLAB/SupportPackages/R2021b/aIDE/portable/packages/arduino/hardware/sam/1.6.12/variants/arduino_due_x/libsam_sam3x8e_gcc_rel.a(wdt.o)
 .ARM.attributes
                0x000006aa       0x33 C:/ProgramData/MATLAB/SupportPackages/R2021b/aIDE/portable/packages/arduino/hardware/sam/1.6.12/variants/arduino_due_x/libsam_sam3x8e_gcc_rel.a(system_sam3xa.o)
 .ARM.attributes
                0x000006dd       0x33 C:/ProgramData/MATLAB/SupportPackages/R2021b/aIDE/portable/packages/arduino/hardware/sam/1.6.12/variants/arduino_due_x/libsam_sam3x8e_gcc_rel.a(adc.o)
 .ARM.attributes
                0x00000710       0x2d c:/programdata/matlab/supportpackages/r2021b/aide/portable/packages/arduino/tools/arm-none-eabi-gcc/4.8.3-2014q1/bin/../lib/gcc/arm-none-eabi/4.8.3/../../../../arm-none-eabi/lib/armv7-m\libm.a(lib_a-s_ceil.o)
 .ARM.attributes
                0x0000073d       0x2d c:/programdata/matlab/supportpackages/r2021b/aide/portable/packages/arduino/tools/arm-none-eabi-gcc/4.8.3-2014q1/bin/../lib/gcc/arm-none-eabi/4.8.3/../../../../arm-none-eabi/lib/armv7-m\libm.a(lib_a-s_floor.o)
 .ARM.attributes
                0x0000076a       0x2d c:/programdata/matlab/supportpackages/r2021b/aide/portable/packages/arduino/tools/arm-none-eabi-gcc/4.8.3-2014q1/bin/../lib/gcc/arm-none-eabi/4.8.3/../../../../arm-none-eabi/lib/armv7-m\libm.a(lib_a-s_fpclassify.o)
 .ARM.attributes
                0x00000797       0x1d c:/programdata/matlab/supportpackages/r2021b/aide/portable/packages/arduino/tools/arm-none-eabi-gcc/4.8.3-2014q1/bin/../lib/gcc/arm-none-eabi/4.8.3/armv7-m\libgcc.a(_arm_addsubdf3.o)
 .ARM.attributes
                0x000007b4       0x1d c:/programdata/matlab/supportpackages/r2021b/aide/portable/packages/arduino/tools/arm-none-eabi-gcc/4.8.3-2014q1/bin/../lib/gcc/arm-none-eabi/4.8.3/armv7-m\libgcc.a(_arm_muldivdf3.o)
 .ARM.attributes
                0x000007d1       0x1d c:/programdata/matlab/supportpackages/r2021b/aide/portable/packages/arduino/tools/arm-none-eabi-gcc/4.8.3-2014q1/bin/../lib/gcc/arm-none-eabi/4.8.3/armv7-m\libgcc.a(_arm_cmpdf2.o)
 .ARM.attributes
                0x000007ee       0x1d c:/programdata/matlab/supportpackages/r2021b/aide/portable/packages/arduino/tools/arm-none-eabi-gcc/4.8.3-2014q1/bin/../lib/gcc/arm-none-eabi/4.8.3/armv7-m\libgcc.a(_arm_fixdfsi.o)
 .ARM.attributes
                0x0000080b       0x1d c:/programdata/matlab/supportpackages/r2021b/aide/portable/packages/arduino/tools/arm-none-eabi-gcc/4.8.3-2014q1/bin/../lib/gcc/arm-none-eabi/4.8.3/armv7-m\libgcc.a(_arm_fixunsdfsi.o)
 .ARM.attributes
                0x00000828       0x2d c:/programdata/matlab/supportpackages/r2021b/aide/portable/packages/arduino/tools/arm-none-eabi-gcc/4.8.3-2014q1/bin/../lib/gcc/arm-none-eabi/4.8.3/../../../../arm-none-eabi/lib/armv7-m\libg.a(lib_a-assert.o)
 .ARM.attributes
                0x00000855       0x2d c:/programdata/matlab/supportpackages/r2021b/aide/portable/packages/arduino/tools/arm-none-eabi-gcc/4.8.3-2014q1/bin/../lib/gcc/arm-none-eabi/4.8.3/../../../../arm-none-eabi/lib/armv7-m\libg.a(lib_a-fiprintf.o)
 .ARM.attributes
                0x00000882       0x2d c:/programdata/matlab/supportpackages/r2021b/aide/portable/packages/arduino/tools/arm-none-eabi-gcc/4.8.3-2014q1/bin/../lib/gcc/arm-none-eabi/4.8.3/../../../../arm-none-eabi/lib/armv7-m\libg.a(lib_a-impure.o)
 .ARM.attributes
                0x000008af       0x2d c:/programdata/matlab/supportpackages/r2021b/aide/portable/packages/arduino/tools/arm-none-eabi-gcc/4.8.3-2014q1/bin/../lib/gcc/arm-none-eabi/4.8.3/../../../../arm-none-eabi/lib/armv7-m\libg.a(lib_a-init.o)
 .ARM.attributes
                0x000008dc       0x2d c:/programdata/matlab/supportpackages/r2021b/aide/portable/packages/arduino/tools/arm-none-eabi-gcc/4.8.3-2014q1/bin/../lib/gcc/arm-none-eabi/4.8.3/../../../../arm-none-eabi/lib/armv7-m\libg.a(lib_a-malloc.o)
 .ARM.attributes
                0x00000909       0x2d c:/programdata/matlab/supportpackages/r2021b/aide/portable/packages/arduino/tools/arm-none-eabi-gcc/4.8.3-2014q1/bin/../lib/gcc/arm-none-eabi/4.8.3/../../../../arm-none-eabi/lib/armv7-m\libg.a(lib_a-mallocr.o)
 .ARM.attributes
                0x00000936       0x2d c:/programdata/matlab/supportpackages/r2021b/aide/portable/packages/arduino/tools/arm-none-eabi-gcc/4.8.3-2014q1/bin/../lib/gcc/arm-none-eabi/4.8.3/../../../../arm-none-eabi/lib/armv7-m\libg.a(lib_a-memcmp.o)
 .ARM.attributes
                0x00000963       0x1b c:/programdata/matlab/supportpackages/r2021b/aide/portable/packages/arduino/tools/arm-none-eabi-gcc/4.8.3-2014q1/bin/../lib/gcc/arm-none-eabi/4.8.3/../../../../arm-none-eabi/lib/armv7-m\libg.a(lib_a-memcpy.o)
 .ARM.attributes
                0x0000097e       0x2d c:/programdata/matlab/supportpackages/r2021b/aide/portable/packages/arduino/tools/arm-none-eabi-gcc/4.8.3-2014q1/bin/../lib/gcc/arm-none-eabi/4.8.3/../../../../arm-none-eabi/lib/armv7-m\libg.a(lib_a-memmove.o)
 .ARM.attributes
                0x000009ab       0x2d c:/programdata/matlab/supportpackages/r2021b/aide/portable/packages/arduino/tools/arm-none-eabi-gcc/4.8.3-2014q1/bin/../lib/gcc/arm-none-eabi/4.8.3/../../../../arm-none-eabi/lib/armv7-m\libg.a(lib_a-memset.o)
 .ARM.attributes
                0x000009d8       0x2d c:/programdata/matlab/supportpackages/r2021b/aide/portable/packages/arduino/tools/arm-none-eabi-gcc/4.8.3-2014q1/bin/../lib/gcc/arm-none-eabi/4.8.3/../../../../arm-none-eabi/lib/armv7-m\libg.a(lib_a-mlock.o)
 .ARM.attributes
                0x00000a05       0x2d c:/programdata/matlab/supportpackages/r2021b/aide/portable/packages/arduino/tools/arm-none-eabi-gcc/4.8.3-2014q1/bin/../lib/gcc/arm-none-eabi/4.8.3/../../../../arm-none-eabi/lib/armv7-m\libg.a(lib_a-reallocr.o)
 .ARM.attributes
                0x00000a32       0x2d c:/programdata/matlab/supportpackages/r2021b/aide/portable/packages/arduino/tools/arm-none-eabi-gcc/4.8.3-2014q1/bin/../lib/gcc/arm-none-eabi/4.8.3/../../../../arm-none-eabi/lib/armv7-m\libg.a(lib_a-sbrkr.o)
 .ARM.attributes
                0x00000a5f       0x2d c:/programdata/matlab/supportpackages/r2021b/aide/portable/packages/arduino/tools/arm-none-eabi-gcc/4.8.3-2014q1/bin/../lib/gcc/arm-none-eabi/4.8.3/../../../../arm-none-eabi/lib/armv7-m\libg.a(lib_a-strlen.o)
 .ARM.attributes
                0x00000a8c       0x2d c:/programdata/matlab/supportpackages/r2021b/aide/portable/packages/arduino/tools/arm-none-eabi-gcc/4.8.3-2014q1/bin/../lib/gcc/arm-none-eabi/4.8.3/../../../../arm-none-eabi/lib/armv7-m\libg.a(lib_a-syskill.o)
 .ARM.attributes
                0x00000ab9       0x2d c:/programdata/matlab/supportpackages/r2021b/aide/portable/packages/arduino/tools/arm-none-eabi-gcc/4.8.3-2014q1/bin/../lib/gcc/arm-none-eabi/4.8.3/../../../../arm-none-eabi/lib/armv7-m\libg.a(lib_a-vfiprintf.o)
 .ARM.attributes
                0x00000ae6       0x2d c:/programdata/matlab/supportpackages/r2021b/aide/portable/packages/arduino/tools/arm-none-eabi-gcc/4.8.3-2014q1/bin/../lib/gcc/arm-none-eabi/4.8.3/../../../../arm-none-eabi/lib/armv7-m\libg.a(lib_a-wsetup.o)
 .ARM.attributes
                0x00000b13       0x2d c:/programdata/matlab/supportpackages/r2021b/aide/portable/packages/arduino/tools/arm-none-eabi-gcc/4.8.3-2014q1/bin/../lib/gcc/arm-none-eabi/4.8.3/../../../../arm-none-eabi/lib/armv7-m\libg.a(lib_a-__call_atexit.o)
 .ARM.attributes
                0x00000b40       0x2d c:/programdata/matlab/supportpackages/r2021b/aide/portable/packages/arduino/tools/arm-none-eabi-gcc/4.8.3-2014q1/bin/../lib/gcc/arm-none-eabi/4.8.3/../../../../arm-none-eabi/lib/armv7-m\libg.a(lib_a-abort.o)
 .ARM.attributes
                0x00000b6d       0x2d c:/programdata/matlab/supportpackages/r2021b/aide/portable/packages/arduino/tools/arm-none-eabi-gcc/4.8.3-2014q1/bin/../lib/gcc/arm-none-eabi/4.8.3/../../../../arm-none-eabi/lib/armv7-m\libg.a(lib_a-atexit.o)
 .ARM.attributes
                0x00000b9a       0x2d c:/programdata/matlab/supportpackages/r2021b/aide/portable/packages/arduino/tools/arm-none-eabi-gcc/4.8.3-2014q1/bin/../lib/gcc/arm-none-eabi/4.8.3/../../../../arm-none-eabi/lib/armv7-m\libg.a(lib_a-fflush.o)
 .ARM.attributes
                0x00000bc7       0x2d c:/programdata/matlab/supportpackages/r2021b/aide/portable/packages/arduino/tools/arm-none-eabi-gcc/4.8.3-2014q1/bin/../lib/gcc/arm-none-eabi/4.8.3/../../../../arm-none-eabi/lib/armv7-m\libg.a(lib_a-findfp.o)
 .ARM.attributes
                0x00000bf4       0x2d c:/programdata/matlab/supportpackages/r2021b/aide/portable/packages/arduino/tools/arm-none-eabi-gcc/4.8.3-2014q1/bin/../lib/gcc/arm-none-eabi/4.8.3/../../../../arm-none-eabi/lib/armv7-m\libg.a(lib_a-fini.o)
 .ARM.attributes
                0x00000c21       0x2d c:/programdata/matlab/supportpackages/r2021b/aide/portable/packages/arduino/tools/arm-none-eabi-gcc/4.8.3-2014q1/bin/../lib/gcc/arm-none-eabi/4.8.3/../../../../arm-none-eabi/lib/armv7-m\libg.a(lib_a-fputwc.o)
 .ARM.attributes
                0x00000c4e       0x2d c:/programdata/matlab/supportpackages/r2021b/aide/portable/packages/arduino/tools/arm-none-eabi-gcc/4.8.3-2014q1/bin/../lib/gcc/arm-none-eabi/4.8.3/../../../../arm-none-eabi/lib/armv7-m\libg.a(lib_a-freer.o)
 .ARM.attributes
                0x00000c7b       0x2d c:/programdata/matlab/supportpackages/r2021b/aide/portable/packages/arduino/tools/arm-none-eabi-gcc/4.8.3-2014q1/bin/../lib/gcc/arm-none-eabi/4.8.3/../../../../arm-none-eabi/lib/armv7-m\libg.a(lib_a-fvwrite.o)
 .ARM.attributes
                0x00000ca8       0x2d c:/programdata/matlab/supportpackages/r2021b/aide/portable/packages/arduino/tools/arm-none-eabi-gcc/4.8.3-2014q1/bin/../lib/gcc/arm-none-eabi/4.8.3/../../../../arm-none-eabi/lib/armv7-m\libg.a(lib_a-fwalk.o)
 .ARM.attributes
                0x00000cd5       0x2d c:/programdata/matlab/supportpackages/r2021b/aide/portable/packages/arduino/tools/arm-none-eabi-gcc/4.8.3-2014q1/bin/../lib/gcc/arm-none-eabi/4.8.3/../../../../arm-none-eabi/lib/armv7-m\libg.a(lib_a-locale.o)
 .ARM.attributes
                0x00000d02       0x2d c:/programdata/matlab/supportpackages/r2021b/aide/portable/packages/arduino/tools/arm-none-eabi-gcc/4.8.3-2014q1/bin/../lib/gcc/arm-none-eabi/4.8.3/../../../../arm-none-eabi/lib/armv7-m\libg.a(lib_a-makebuf.o)
 .ARM.attributes
                0x00000d2f       0x2d c:/programdata/matlab/supportpackages/r2021b/aide/portable/packages/arduino/tools/arm-none-eabi-gcc/4.8.3-2014q1/bin/../lib/gcc/arm-none-eabi/4.8.3/../../../../arm-none-eabi/lib/armv7-m\libg.a(lib_a-memchr-stub.o)
 .ARM.attributes
                0x00000d5c       0x2d c:/programdata/matlab/supportpackages/r2021b/aide/portable/packages/arduino/tools/arm-none-eabi-gcc/4.8.3-2014q1/bin/../lib/gcc/arm-none-eabi/4.8.3/../../../../arm-none-eabi/lib/armv7-m\libg.a(lib_a-reent.o)
 .ARM.attributes
                0x00000d89       0x2d c:/programdata/matlab/supportpackages/r2021b/aide/portable/packages/arduino/tools/arm-none-eabi-gcc/4.8.3-2014q1/bin/../lib/gcc/arm-none-eabi/4.8.3/../../../../arm-none-eabi/lib/armv7-m\libg.a(lib_a-signal.o)
 .ARM.attributes
                0x00000db6       0x2d c:/programdata/matlab/supportpackages/r2021b/aide/portable/packages/arduino/tools/arm-none-eabi-gcc/4.8.3-2014q1/bin/../lib/gcc/arm-none-eabi/4.8.3/../../../../arm-none-eabi/lib/armv7-m\libg.a(lib_a-signalr.o)
 .ARM.attributes
                0x00000de3       0x2d c:/programdata/matlab/supportpackages/r2021b/aide/portable/packages/arduino/tools/arm-none-eabi-gcc/4.8.3-2014q1/bin/../lib/gcc/arm-none-eabi/4.8.3/../../../../arm-none-eabi/lib/armv7-m\libg.a(lib_a-stdio.o)
 .ARM.attributes
                0x00000e10       0x2d c:/programdata/matlab/supportpackages/r2021b/aide/portable/packages/arduino/tools/arm-none-eabi-gcc/4.8.3-2014q1/bin/../lib/gcc/arm-none-eabi/4.8.3/../../../../arm-none-eabi/lib/armv7-m\libg.a(lib_a-wbuf.o)
 .ARM.attributes
                0x00000e3d       0x2d c:/programdata/matlab/supportpackages/r2021b/aide/portable/packages/arduino/tools/arm-none-eabi-gcc/4.8.3-2014q1/bin/../lib/gcc/arm-none-eabi/4.8.3/../../../../arm-none-eabi/lib/armv7-m\libg.a(lib_a-wcrtomb.o)
 .ARM.attributes
                0x00000e6a       0x2d c:/programdata/matlab/supportpackages/r2021b/aide/portable/packages/arduino/tools/arm-none-eabi-gcc/4.8.3-2014q1/bin/../lib/gcc/arm-none-eabi/4.8.3/../../../../arm-none-eabi/lib/armv7-m\libg.a(lib_a-wctomb_r.o)
 .ARM.attributes
                0x00000e97       0x2d c:/programdata/matlab/supportpackages/r2021b/aide/portable/packages/arduino/tools/arm-none-eabi-gcc/4.8.3-2014q1/bin/../lib/gcc/arm-none-eabi/4.8.3/../../../../arm-none-eabi/lib/armv7-m\libg.a(lib_a-writer.o)
 .ARM.attributes
                0x00000ec4       0x2d c:/programdata/matlab/supportpackages/r2021b/aide/portable/packages/arduino/tools/arm-none-eabi-gcc/4.8.3-2014q1/bin/../lib/gcc/arm-none-eabi/4.8.3/../../../../arm-none-eabi/lib/armv7-m\libg.a(lib_a-__atexit.o)
 .ARM.attributes
                0x00000ef1       0x2d c:/programdata/matlab/supportpackages/r2021b/aide/portable/packages/arduino/tools/arm-none-eabi-gcc/4.8.3-2014q1/bin/../lib/gcc/arm-none-eabi/4.8.3/../../../../arm-none-eabi/lib/armv7-m\libg.a(lib_a-closer.o)
 .ARM.attributes
                0x00000f1e       0x2d c:/programdata/matlab/supportpackages/r2021b/aide/portable/packages/arduino/tools/arm-none-eabi-gcc/4.8.3-2014q1/bin/../lib/gcc/arm-none-eabi/4.8.3/../../../../arm-none-eabi/lib/armv7-m\libg.a(lib_a-fclose.o)
 .ARM.attributes
                0x00000f4b       0x2d c:/programdata/matlab/supportpackages/r2021b/aide/portable/packages/arduino/tools/arm-none-eabi-gcc/4.8.3-2014q1/bin/../lib/gcc/arm-none-eabi/4.8.3/../../../../arm-none-eabi/lib/armv7-m\libg.a(lib_a-fstatr.o)
 .ARM.attributes
                0x00000f78       0x2d c:/programdata/matlab/supportpackages/r2021b/aide/portable/packages/arduino/tools/arm-none-eabi-gcc/4.8.3-2014q1/bin/../lib/gcc/arm-none-eabi/4.8.3/../../../../arm-none-eabi/lib/armv7-m\libg.a(lib_a-isattyr.o)
 .ARM.attributes
                0x00000fa5       0x2d c:/programdata/matlab/supportpackages/r2021b/aide/portable/packages/arduino/tools/arm-none-eabi-gcc/4.8.3-2014q1/bin/../lib/gcc/arm-none-eabi/4.8.3/../../../../arm-none-eabi/lib/armv7-m\libg.a(lib_a-lseekr.o)
 .ARM.attributes
                0x00000fd2       0x2d c:/programdata/matlab/supportpackages/r2021b/aide/portable/packages/arduino/tools/arm-none-eabi-gcc/4.8.3-2014q1/bin/../lib/gcc/arm-none-eabi/4.8.3/../../../../arm-none-eabi/lib/armv7-m\libg.a(lib_a-readr.o)
 .ARM.attributes
                0x00000fff       0x1d c:/programdata/matlab/supportpackages/r2021b/aide/portable/packages/arduino/tools/arm-none-eabi-gcc/4.8.3-2014q1/bin/../lib/gcc/arm-none-eabi/4.8.3/armv7-m\libgcc.a(_aeabi_uldivmod.o)
 .ARM.attributes
                0x0000101c       0x2d c:/programdata/matlab/supportpackages/r2021b/aide/portable/packages/arduino/tools/arm-none-eabi-gcc/4.8.3-2014q1/bin/../lib/gcc/arm-none-eabi/4.8.3/armv7-m\libgcc.a(bpabi.o)
 .ARM.attributes
                0x00001049       0x1d c:/programdata/matlab/supportpackages/r2021b/aide/portable/packages/arduino/tools/arm-none-eabi-gcc/4.8.3-2014q1/bin/../lib/gcc/arm-none-eabi/4.8.3/armv7-m\libgcc.a(_dvmd_tls.o)
 .ARM.attributes
                0x00001066       0x2d c:/programdata/matlab/supportpackages/r2021b/aide/portable/packages/arduino/tools/arm-none-eabi-gcc/4.8.3-2014q1/bin/../lib/gcc/arm-none-eabi/4.8.3/armv7-m\libgcc.a(_divdi3.o)
 .ARM.attributes
                0x00001093       0x2d c:/programdata/matlab/supportpackages/r2021b/aide/portable/packages/arduino/tools/arm-none-eabi-gcc/4.8.3-2014q1/bin/../lib/gcc/arm-none-eabi/4.8.3/armv7-m\libgcc.a(_udivdi3.o)
 .ARM.attributes
                0x000010c0       0x1d c:/programdata/matlab/supportpackages/r2021b/aide/portable/packages/arduino/tools/arm-none-eabi-gcc/4.8.3-2014q1/bin/../lib/gcc/arm-none-eabi/4.8.3/armv7-m/crtn.o

.comment        0x00000000       0x70
 .comment       0x00000000       0x70 C:/ProgramData/MATLAB/SupportPackages/R2021b/aIDE/portable/packages/arduino/hardware/sam/1.6.12/variants/arduino_due_x/libsam_sam3x8e_gcc_rel.a(startup_sam3xa.o)
                                 0x71 (size before relaxing)
 .comment       0x00000000       0x71 C:/ProgramData/MATLAB/SupportPackages/R2021b/aIDE/portable/packages/arduino/hardware/sam/1.6.12/variants/arduino_due_x/libsam_sam3x8e_gcc_rel.a(uotghs.o)
 .comment       0x00000000       0x71 MW_arduino_digitalio.o
 .comment       0x00000000       0x71 ProtocolDecoderUtilities.o
 .comment       0x00000000       0x71 MW_SerialRead.o