Archive member included because of file (symbol)

C:/ProgramData/MATLAB/SupportPackages/R2021b/aIDE/portable/packages/arduino/hardware/sam/1.6.12/variants/arduino_due_x/libsam_sam3x8e_gcc_rel.a(startup_sam3xa.o)
                              (Reset_Handler)
C:/ProgramData/MATLAB/SupportPackages/R2021b/aIDE/portable/packages/arduino/hardware/sam/1.6.12/variants/arduino_due_x/libsam_sam3x8e_gcc_rel.a(uotghs.o)
                              C:/ProgramData/MATLAB/SupportPackages/R2021b/aIDE/portable/packages/arduino/hardware/sam/1.6.12/variants/arduino_due_x/libsam_sam3x8e_gcc_rel.a(startup_sam3xa.o) (UOTGHS_Handler)
C:/Users/ricci/DOCUME~1/MATLAB/R2021b/ARDUIN~1/ARDUIN~2/FASTER~1/libcore.a(hooks.o)
                              arm_m3_cortex_handler.o (sysTickHook)
C:/Users/ricci/DOCUME~1/MATLAB/R2021b/ARDUIN~1/ARDUIN~2/FASTER~1/libcore.a(itoa.o)
                              double2ascii_wrapper.o (itoa)
C:/Users/ricci/DOCUME~1/MATLAB/R2021b/ARDUIN~1/ARDUIN~2/FASTER~1/libcore.a(syscalls_sam3.o)
                              (_sbrk)
C:/Users/ricci/DOCUME~1/MATLAB/R2021b/ARDUIN~1/ARDUIN~2/FASTER~1/libcore.a(wiring.o)
                              MW_SerialRead.o (millis)
C:/Users/ricci/DOCUME~1/MATLAB/R2021b/ARDUIN~1/ARDUIN~2/FASTER~1/libcore.a(wiring_analog.o)
                              callback.o (analogRead)
C:/Users/ricci/DOCUME~1/MATLAB/R2021b/ARDUIN~1/ARDUIN~2/FASTER~1/libcore.a(wiring_digital.o)
                              MW_arduino_digitalio.o (pinMode)
C:/Users/ricci/DOCUME~1/MATLAB/R2021b/ARDUIN~1/ARDUIN~2/FASTER~1/libcore.a(Print.o)
                              MW_SerialWrite.o (Print::print(char const*))
C:/Users/ricci/DOCUME~1/MATLAB/R2021b/ARDUIN~1/ARDUIN~2/FASTER~1/libcore.a(Reset.o)
                              arm_m3_cortex_handler.o (tickReset)
C:/Users/ricci/DOCUME~1/MATLAB/R2021b/ARDUIN~1/ARDUIN~2/FASTER~1/libcore.a(Stream.o)
                              MW_SerialRead.o (Stream::readBytes(char*, unsigned int))
C:/Users/ricci/DOCUME~1/MATLAB/R2021b/ARDUIN~1/ARDUIN~2/FASTER~1/libcore.a(UARTClass.o)
                              MW_SerialRead.o (UARTClass::available())
C:/Users/ricci/DOCUME~1/MATLAB/R2021b/ARDUIN~1/ARDUIN~2/FASTER~1/libcore.a(USARTClass.o)
                              io_wrappers.o (USARTClass::begin(unsigned long))
C:/Users/ricci/DOCUME~1/MATLAB/R2021b/ARDUIN~1/ARDUIN~2/FASTER~1/libcore.a(WString.o)
                              C:/Users/ricci/DOCUME~1/MATLAB/R2021b/ARDUIN~1/ARDUIN~2/FASTER~1/libcore.a(Stream.o) (String::String(char const*))
C:/Users/ricci/DOCUME~1/MATLAB/R2021b/ARDUIN~1/ARDUIN~2/FASTER~1/libcore.a(watchdog.o)
                              MW_ArduinoHWInit.o (watchdogDisable())
C:/Users/ricci/DOCUME~1/MATLAB/R2021b/ARDUIN~1/ARDUIN~2/FASTER~1/libcore.a(variant.o)
                              ert_main.o (init)
C:/Users/ricci/DOCUME~1/MATLAB/R2021b/ARDUIN~1/ARDUIN~2/FASTER~1/libcore.a(dtostrf.o)
                              C:/Users/ricci/DOCUME~1/MATLAB/R2021b/ARDUIN~1/ARDUIN~2/FASTER~1/libcore.a(WString.o) (dtostrf)
C:/Users/ricci/DOCUME~1/MATLAB/R2021b/ARDUIN~1/ARDUIN~2/FASTER~1/libcore.a(abi.o)
                              C:/Users/ricci/DOCUME~1/MATLAB/R2021b/ARDUIN~1/ARDUIN~2/FASTER~1/libcore.a(Print.o) (__cxa_pure_virtual)
C:/Users/ricci/DOCUME~1/MATLAB/R2021b/ARDUIN~1/ARDUIN~2/FASTER~1/libcore.a(RingBuffer.o)
                              C:/Users/ricci/DOCUME~1/MATLAB/R2021b/ARDUIN~1/ARDUIN~2/FASTER~1/libcore.a(variant.o) (RingBuffer::RingBuffer())
C:/ProgramData/MATLAB/SupportPackages/R2021b/aIDE/portable/packages/arduino/hardware/sam/1.6.12/variants/arduino_due_x/libsam_sam3x8e_gcc_rel.a(pio.o)
                              C:/Users/ricci/DOCUME~1/MATLAB/R2021b/ARDUIN~1/ARDUIN~2/FASTER~1/libcore.a(wiring_digital.o) (PIO_PullUp)
C:/ProgramData/MATLAB/SupportPackages/R2021b/aIDE/portable/packages/arduino/hardware/sam/1.6.12/variants/arduino_due_x/libsam_sam3x8e_gcc_rel.a(pmc.o)
                              arduinoARMScheduler.o (pmc_enable_periph_clk)
C:/ProgramData/MATLAB/SupportPackages/R2021b/aIDE/portable/packages/arduino/hardware/sam/1.6.12/variants/arduino_due_x/libsam_sam3x8e_gcc_rel.a(pwmc.o)
                              C:/Users/ricci/DOCUME~1/MATLAB/R2021b/ARDUIN~1/ARDUIN~2/FASTER~1/libcore.a(wiring_analog.o) (PWMC_ConfigureChannel)
C:/ProgramData/MATLAB/SupportPackages/R2021b/aIDE/portable/packages/arduino/hardware/sam/1.6.12/variants/arduino_due_x/libsam_sam3x8e_gcc_rel.a(tc.o)
                              arduinoARMScheduler.o (TC_Configure)
C:/ProgramData/MATLAB/SupportPackages/R2021b/aIDE/portable/packages/arduino/hardware/sam/1.6.12/variants/arduino_due_x/libsam_sam3x8e_gcc_rel.a(timetick.o)
                              arm_m3_cortex_handler.o (TimeTick_Increment)
C:/ProgramData/MATLAB/SupportPackages/R2021b/aIDE/portable/packages/arduino/hardware/sam/1.6.12/variants/arduino_due_x/libsam_sam3x8e_gcc_rel.a(wdt.o)
[...]
Memory Configuration

Name             Origin             Length             Attributes
rom              0x00080000         0x00080000         xr
sram0            0x20000000         0x00010000         xrw
sram1            0x20080000         0x00008000         xrw
ram              0x20070000         0x00018000         xrw
*default*        0x00000000         0xffffffff

Linker script and memory map

LOAD c:/programdata/matlab/supportpackages/r2021b/aide/portable/packages/arduino/tools/arm-none-eabi-gcc/4.8.3-2014q1/bin/../lib/gcc/arm-none-eabi/4.8.3/armv7-m/crti.o
LOAD c:/programdata/matlab/supportpackages/r2021b/aide/portable/packages/arduino/tools/arm-none-eabi-gcc/4.8.3-2014q1/bin/../lib/gcc/arm-none-eabi/4.8.3/armv7-m/crtbegin.o
LOAD c:/programdata/matlab/supportpackages/r2021b/aide/portable/packages/arduino/tools/arm-none-eabi-gcc/4.8.3-2014q1/bin/../lib/gcc/arm-none-eabi/4.8.3/../../../../arm-none-eabi/lib/armv7-m/crt0.o
START GROUP
LOAD C:/ProgramData/MATLAB/SupportPackages/R2021b/aIDE/portable/packages/arduino/hardware/sam/1.6.12/variants/arduino_due_x/libsam_sam3x8e_gcc_rel.a
LOAD MW_arduino_digitalio.o
LOAD ProtocolDecoderUtilities.o
LOAD MW_SerialRead.o
LOAD MW_SerialWrite.o
LOAD xcp_ext_mode.o
LOAD board_programmer.o
LOAD board_programmer_data.o
LOAD rtGetInf.o
LOAD rtGetNaN.o
LOAD rt_nonfinite.o
LOAD callback.o
LOAD xcp_ext_common.o
LOAD xcp_ext_classic_trigger.o
LOAD xcp.o
LOAD xcp_standard.o
LOAD xcp_daq.o
LOAD xcp_calibration.o
LOAD xcp_fifo.o
LOAD xcp_transport.o
LOAD xcp_mem_default.o
LOAD xcp_drv_rtiostream.o
LOAD xcp_frame_serial.o
LOAD xcp_ext_param_default_serial.o
LOAD double2ascii_wrapper.o
LOAD arm_m3_cortex_handler.o
LOAD MW_ArduinoHWInit.o
LOAD io_wrappers.o
LOAD arduinoARMScheduler.o
LOAD m3m4m4f_multitasking.o
LOAD rtiostream_serial_daemon.o
LOAD sys_arch.o
LOAD ert_main.o
LOAD C:/Users/ricci/DOCUME~1/MATLAB/R2021b/ARDUIN~1/ARDUIN~2/FASTER~1/MW_RebuildSrc_Core.o
LOAD C:/Users/ricci/DOCUME~1/MATLAB/R2021b/ARDUIN~1/ARDUIN~2/FASTER~1/libcore.a
END GROUP
LOAD c:/programdata/matlab/supportpackages/r2021b/aide/portable/packages/arduino/tools/arm-none-eabi-gcc/4.8.3-2014q1/bin/../lib/gcc/arm-none-eabi/4.8.3/../../../../arm-none-eabi/lib/armv7-m\libm.a
LOAD C:/Users/ricci/DOCUME~1/MATLAB/R2021b/ARDUIN~1/ARDUIN~2/FASTER~1\libcore.a
START GROUP
LOAD c:/programdata/matlab/supportpackages/r2021b/aide/portable/packages/arduino/tools/arm-none-eabi-gcc/4.8.3-2014q1/bin/../lib/gcc/arm-none-eabi/4.8.3/armv7-m\libgcc.a
LOAD c:/programdata/matlab/supportpackages/r2021b/aide/portable/packages/arduino/tools/arm-none-eabi-gcc/4.8.3-2014q1/bin/../lib/gcc/arm-none-eabi/4.8.3/../../../../arm-none-eabi/lib/armv7-m\libg.a
LOAD c:/programdata/matlab/supportpackages/r2021b/aide/portable/packages/arduino/tools/arm-none-eabi-gcc/4.8.3-2014q1/bin/../lib/gcc/arm-none-eabi/4.8.3/../../../../arm-none-eabi/lib/armv7-m\libc.a
END GROUP
LOAD c:/programdata/matlab/supportpackages/r2021b/aide/portable/packages/arduino/tools/arm-none-eabi-gcc/4.8.3-2014q1/bin/../lib/gcc/arm-none-eabi/4.8.3/armv7-m/crtend.o
LOAD c:/programdata/matlab/supportpackages/r2021b/aide/portable/packages/arduino/tools/arm-none-eabi-gcc/4.8.3-2014q1/bin/../lib/gcc/arm-none-eabi/4.8.3/armv7-m/crtn.o

.text           0x00080000    0x12554
                0x00080000                . = ALIGN (0x4)
                0x00080000                _sfixed = .
 *(.vectors .vectors.*)
 .vectors       0x00080000       0xf4 C:/ProgramData/MATLAB/SupportPackages/R2021b/aIDE/portable/packages/arduino/hardware/sam/1.6.12/variants/arduino_due_x/libsam_sam3x8e_gcc_rel.a(startup_sam3xa.o)
                0x00080000                exception_table
 *(.text .text.* .gnu.linkonce.t.*)
 .text          0x000800f4       0x54 c:/programdata/matlab/supportpackages/r2021b/aide/portable/packages/arduino/tools/arm-none-eabi-gcc/4.8.3-2014q1/bin/../lib/gcc/arm-none-eabi/4.8.3/armv7-m/crtbegin.o
 .text.Reset_Handler
                0x00080148       0x78 C:/ProgramData/MATLAB/SupportPackages/R2021b/aIDE/portable/packages/arduino/hardware/sam/1.6.12/variants/arduino_due_x/libsam_sam3x8e_gcc_rel.a(startup_sam3xa.o)
                0x00080148                Reset_Handler
 .text.UOTGHS_Handler
                0x000801c0       0x10 C:/ProgramData/MATLAB/SupportPackages/R2021b/aIDE/portable/packages/arduino/hardware/sam/1.6.12/variants/arduino_due_x/libsam_sam3x8e_gcc_rel.a(uotghs.o)
                0x000801c0                UOTGHS_Handler
 .text.digitalIOSetup
                0x000801d0        0xc MW_arduino_digitalio.o
                0x000801d0                digitalIOSetup
 .text.writeDigitalPin
                0x000801dc        0x8 MW_arduino_digitalio.o
                0x000801dc                writeDigitalPin
 .text.readDigitalPin
                0x000801e4        0xe MW_arduino_digitalio.o
                0x000801e4                readDigitalPin
 *fill*         0x000801f2        0x2 
 .text.readPacket
                0x000801f4      0x1c4 ProtocolDecoderUtilities.o
                0x000801f4                readPacket
 .text.MW_Serial0_read
                0x000803b8       0x10 MW_SerialRead.o
                0x000803b8                MW_Serial0_read
 .text.MW_Serial1_read
                0x000803c8       0x10 MW_SerialRead.o
                0x000803c8                MW_Serial1_read
 .text.MW_Serial2_read
                0x000803d8       0x10 MW_SerialRead.o
                0x000803d8                MW_Serial2_read
 .text.MW_Serial3_read
                0x000803e8       0x10 MW_SerialRead.o
                0x000803e8                MW_Serial3_read
 .text.fillDataBuffer
                0x000803f8       0x44 MW_SerialRead.o
                0x000803f8                fillDataBuffer
 .text.MW_Serial_read
                0x0008043c       0x64 MW_SerialRead.o
                0x0008043c                MW_Serial_read
 .text.MW_Serial0_available
                0x000804a0        0xc MW_SerialRead.o
                0x000804a0                MW_Serial0_available
 .text.MW_Serial1_available
                0x000804ac        0xc MW_SerialRead.o
                0x000804ac                MW_Serial1_available
 .text.MW_Serial2_available
                0x000804b8        0xc MW_SerialRead.o
                0x000804b8                MW_Serial2_available
 .text.MW_Serial3_available
                0x000804c4        0xc MW_SerialRead.o
                0x000804c4                MW_Serial3_available
 .text.MW_SCI_Open
                0x000804d0       0x1e MW_SerialWrite.o
                0x000804d0                MW_SCI_Open
 *fill*         0x000804ee        0x2 
 .text.MW_Serial_write
                0x000804f0      0x5dc MW_SerialWrite.o
                0x000804f0                MW_Serial_write
 .text.extmodeParseArgs
                0x00080acc        0x4 xcp_ext_mode.o
                0x00080acc                extmodeParseArgs
 .text.extmodeInit
                0x00080ad0       0xa0 xcp_ext_mode.o
                0x00080ad0                extmodeInit
 .text.extmodeWaitForHostRequest
                0x00080b70       0x94 xcp_ext_mode.o
                0x00080b70                extmodeWaitForHostRequest
 .text.extmodeEvent
                0x00080c04       0x7c xcp_ext_mode.o
                0x00080c04                extmodeEvent
 .text.extmodeBackgroundRun
                0x00080c80        0x6 xcp_ext_mode.o
                0x00080c80                extmodeBackgroundRun
 *fill*         0x00080c86        0x2 
 .text.extmodeReset
                0x00080c88       0x2c xcp_ext_mode.o
                0x00080c88                extmodeReset
 .text.extmodeStopRequested
                0x00080cb4        0xc xcp_ext_mode.o
                0x00080cb4                extmodeStopRequested
 .text.extmodeSimulationComplete
                0x00080cc0        0xc xcp_ext_mode.o
                0x00080cc0                extmodeSimulationComplete
 .text.ProtocolEncoderBase_get_DataTyp.constprop.5
                0x00080ccc      0x118 board_programmer.o
 .text.ProtocolDecoderBase_get_DataTyp.constprop.6
                0x00080de4      0x15c board_programmer.o
 .text.plook_lincg
                0x00080f40       0x8e board_programmer.o
                0x00080f40                plook_lincg
 .text.sMultiWordMul
                0x00080fce      0x192 board_programmer.o
                0x00080fce                sMultiWordMul
 .text.Double2MultiWord
                0x00081160       0xe0 board_programmer.o
                0x00081160                Double2MultiWord
 .text.MultiWordAdd
                0x00081240       0x3c board_programmer.o
                0x00081240                MultiWordAdd
 .text.sMultiWord2Double
                0x0008127c       0x9e board_programmer.o
                0x0008127c                sMultiWord2Double
 *fill*         0x0008131a        0x2 
 .text.board_programmer_SetEventsForThisBaseStep
                0x0008131c       0x24 board_programmer.o
                0x0008131c                board_programmer_SetEventsForThisBaseStep
 .text.board_pr_MovingAverage_Init
                0x00081340       0x38 board_programmer.o
                0x00081340                board_pr_MovingAverage_Init
 .text.board_p_MovingAverage_Reset
                0x00081378       0x38 board_programmer.o
                0x00081378                board_p_MovingAverage_Reset
 .text.board_p_MovingAverage_Start
                0x000813b0       0x1c board_programmer.o
                0x000813b0                board_p_MovingAverage_Start
 .text.board_program_MovingAverage
                0x000813cc      0x1a4 board_programmer.o
                0x000813cc                board_program_MovingAverage
 .text.board_pr_MovingAverage_Term
                0x00081570       0x26 board_programmer.o
                0x00081570                board_pr_MovingAverage_Term
 .text.board_pro_controlloPP1_Init
                0x00081596       0x52 board_programmer.o
                0x00081596                board_pro_controlloPP1_Init
 .text.board_pr_controlloPP1_Reset
                0x000815e8       0x52 board_programmer.o
                0x000815e8                board_pr_controlloPP1_Reset
 .text.board_pr_controlloPP1_Start
                0x0008163a       0x1c board_programmer.o
                0x0008163a                board_pr_controlloPP1_Start
 *fill*         0x00081656        0x2 
 .text.board_programm_controlloPP1
                0x00081658      0x228 board_programmer.o
                0x00081658                board_programm_controlloPP1
 .text.board_pro_controlloPP1_Term
                0x00081880       0x16 board_programmer.o
                0x00081880                board_pro_controlloPP1_Term
 *fill*         0x00081896        0x2 
 .text.board__MovingAverage_p_Init
                0x00081898       0x34 board_programmer.o
                0x00081898                board__MovingAverage_p_Init
 .text.board_MovingAverage_g_Start
                0x000818cc       0x1c board_programmer.o
                0x000818cc                board_MovingAverage_g_Start
 .text.board_progr_MovingAverage_p
                0x000818e8      0x1a8 board_programmer.o
                0x000818e8                board_progr_MovingAverage_p
 .text.board__MovingAverage_d_Term
                0x00081a90       0x26 board_programmer.o
                0x00081a90                board__MovingAverage_d_Term
 *fill*         0x00081ab6        0x2 
 .text.rt_roundd_snf
                0x00081ab8       0x80 board_programmer.o
                0x00081ab8                rt_roundd_snf
 .text.board_programmer_step0
                0x00081b38       0x8c board_programmer.o
                0x00081b38                board_programmer_step0
 .text.board_programmer_step1
                0x00081bc4      0x6a4 board_programmer.o
                0x00081bc4                board_programmer_step1
 .text.board_programmer_step2
                0x00082268     0x1490 board_programmer.o
                0x00082268                board_programmer_step2
 .text.board_programmer_initialize
                0x000836f8      0x3d8 board_programmer.o
                0x000836f8                board_programmer_initialize
 .text.board_programmer_terminate
                0x00083ad0       0xc8 board_programmer.o
                0x00083ad0                board_programmer_terminate
 .text.rtGetInf
                0x00083b98        0xc rtGetInf.o
                0x00083b98                rtGetInf
 .text.rtGetInfF
                0x00083ba4        0x6 rtGetInf.o
                0x00083ba4                rtGetInfF
 *fill*         0x00083baa        0x2 
 .text.rtGetMinusInf
                0x00083bac        0xc rtGetInf.o
                0x00083bac                rtGetMinusInf
 .text.rtGetMinusInfF
                0x00083bb8        0x8 rtGetInf.o
                0x00083bb8                rtGetMinusInfF
 .text.rtGetNaN
                0x00083bc0        0xc rtGetNaN.o
                0x00083bc0                rtGetNaN
 .text.rtGetNaNF
                0x00083bcc        0x8 rtGetNaN.o
                0x00083bcc                rtGetNaNF
 .text.rt_InitInfAndNaN
                0x00083bd4       0x54 rt_nonfinite.o
                0x00083bd4                rt_InitInfAndNaN
 .text.rtIsInf  0x00083c28       0x38 rt_nonfinite.o
                0x00083c28                rtIsInf
 .text.rtIsNaN  0x00083c60       0x28 rt_nonfinite.o
                0x00083c60                rtIsNaN
 .text.touchRead
                0x00083c88       0xca callback.o
                0x00083c88                touchRead
 *fill*         0x00083d52        0x6 
 .text.xcpExtModeUpdateTime
                0x00083d58       0xd8 xcp_ext_common.o
                0x00083d58                xcpExtModeUpdateTime
 .text.xcpExtModeGetUpdatedTimestamp
                0x00083e30       0x40 xcp_ext_common.o
                0x00083e30                xcpExtModeGetUpdatedTimestamp
 .text.xcpExtModeInit
                0x00083e70       0x32 xcp_ext_common.o
                0x00083e70                xcpExtModeInit
 .text.xcpExtModeRunBackground
                0x00083ea2       0x7a xcp_ext_common.o
                0x00083ea2                xcpExtModeRunBackground
 .text.xcpExtModeReset
                0x00083f1c       0x94 xcp_ext_common.o
                0x00083f1c                xcpExtModeReset
 .text.xcpExtModeClassicTriggerInit
                0x00083fb0       0x4c xcp_ext_classic_trigger.o
                0x00083fb0                xcpExtModeClassicTriggerInit
 .text.xcpExtModeClassicTriggerEnabled
                0x00083ffc      0x330 xcp_ext_classic_trigger.o
                0x00083ffc                xcpExtModeClassicTriggerEnabled
 .text.xcpExtModeClassicTriggerReset
                0x0008432c       0xbc xcp_ext_classic_trigger.o
                0x0008432c                xcpExtModeClassicTriggerReset
 .text.xcpExtModeClassicTriggerForceEnableStatusUpdate
                0x000843e8       0x50 xcp_ext_classic_trigger.o
                0x000843e8                xcpExtModeClassicTriggerForceEnableStatusUpdate
 .text.unknownInputPacketHandler
                0x00084438        0xa xcp.o
 .text.discardInputPacketHandler
                0x00084442       0x10 xcp.o
 .text.genericOutputPacketHandler
                0x00084452       0x64 xcp.o
                0x00084452                genericOutputPacketHandler
 *fill*         0x000844b6        0x2 
 .text.xcpStatusGet
                0x000844b8        0xc xcp.o
                0x000844b8                xcpStatusGet
 .text.xcpStatusSet
                0x000844c4        0xc xcp.o
                0x000844c4                xcpStatusSet
 .text.xcpSessionStatusGet
                0x000844d0        0xc xcp.o
                0x000844d0                xcpSessionStatusGet
 .text.xcpSessionStatusSetMask
                0x000844dc       0x10 xcp.o
                0x000844dc                xcpSessionStatusSetMask
 .text.xcpSessionStatusClearMask
                0x000844ec       0x10 xcp.o
                0x000844ec                xcpSessionStatusClearMask
 .text.xcpResourceProtectionStatusGet
                0x000844fc        0xc xcp.o
                0x000844fc                xcpResourceProtectionStatusGet
 .text.xcpSessionConfigurationIdGet
                0x00084508        0xc xcp.o
                0x00084508                xcpSessionConfigurationIdGet
 .text.xcpFindPacket
                0x00084514       0x26 xcp.o
                0x00084514                xcpFindPacket
 *fill*         0x0008453a        0x2 
 .text.xcpInit  0x0008453c       0x40 xcp.o
                0x0008453c                xcpInit
 .text.xcpRun   0x0008457c      0x174 xcp.o
                0x0008457c                xcpRun
 .text.xcpEventExternalTimestamp
                0x000846f0       0x14 xcp.o
                0x000846f0                xcpEventExternalTimestamp
 .text.xcpGetStatus
                0x00084704        0xc xcp.o
                0x00084704                xcpGetStatus
 .text.xcpReset
                0x00084710       0x28 xcp.o
                0x00084710                xcpReset
 .text.getStatusInputPacketHandler
                0x00084738        0x8 xcp_standard.o
 .text.getPacket
                0x00084740        0xc xcp_standard.o
 .text.uploadInputPacketHandler
                0x0008474c       0x40 xcp_standard.o
 .text.synchInputPacketHandler
                0x0008478c       0x1c xcp_standard.o
 .text.getStatusOutputPacketHandler
                0x000847a8       0x26 xcp_standard.o
 .text.disconnectInputPacketHandler
                0x000847ce       0x22 xcp_standard.o
 .text.connectInputPacketHandler
                0x000847f0       0x32 xcp_standard.o
 .text.connectOutputPacketHandler
                0x00084822       0x38 xcp_standard.o
 *fill*         0x0008485a        0x2 
 .text.xcpStandardInit
                0x0008485c       0x10 xcp_standard.o
                0x0008485c                xcpStandardInit
 .text.xcpStandardGetPacketLookup
                0x0008486c        0xc xcp_standard.o
                0x0008486c                xcpStandardGetPacketLookup
 .text.xcpStandardReset
                0x00084878        0xc xcp_standard.o
                0x00084878                xcpStandardReset
 .text.xcpStandardGetAddressFromMta
                0x00084884        0xc xcp_standard.o
                0x00084884                xcpStandardGetAddressFromMta
 .text.xcpStandardSetMta
                0x00084890       0x14 xcp_standard.o
                0x00084890                xcpStandardSetMta
 .text.shortUploadInputPacketHandler
                0x000848a4       0x40 xcp_standard.o
 .text.setMTAInputPacketHandler
                0x000848e4       0x22 xcp_standard.o
 *fill*         0x00084906        0x2 
 .text.xcpStandardIncrementMta
                0x00084908       0x10 xcp_standard.o
                0x00084908                xcpStandardIncrementMta
 .text.shortUploadOutputPacketHandler
                0x00084918       0x44 xcp_standard.o
 .text.uploadOutputPacketHandler
                0x0008495c       0x44 xcp_standard.o
 .text.isActiveDaqList
                0x000849a0       0x1c xcp_daq.o
 .text.noActiveDaqLists
                0x000849bc       0x2c xcp_daq.o
 .text.isValidDaqPtr
                0x000849e8       0x40 xcp_daq.o
 .text.setDaqPtrInputPacketHandler
                0x00084a28       0x48 xcp_daq.o
 .text.writeDaqInputPacketHandler
                0x00084a70       0x88 xcp_daq.o
 .text.setDaqListModeInputPacketHandler
                0x00084af8       0x84 xcp_daq.o
 .text.getDaqProcessorInfoInputPacketHandler
                0x00084b7c        0x8 xcp_daq.o
 .text.getDaqResolutionInfoInputPacketHandler
                0x00084b84        0x8 xcp_daq.o
 .text.getDaqResolutionInfoOutputPacketHandler
                0x00084b8c       0x28 xcp_daq.o
 .text.getDaqProcessorInfoOutputPacketHandler
                0x00084bb4       0x2a xcp_daq.o
 *fill*         0x00084bde        0x2 
 .text.getPacket
                0x00084be0        0xc xcp_daq.o
 .text.allocOdtEntryInputPacketHandler
                0x00084bec       0x94 xcp_daq.o
 .text.allocOdtInputPacketHandler
                0x00084c80       0x84 xcp_daq.o
 .text.allocDaqInputPacketHandler
                0x00084d04       0x7c xcp_daq.o
 .text.createDaqReservedPool
                0x00084d80       0x4a xcp_daq.o
 *fill*         0x00084dca        0x2 
 .text.startStopDaqListOutputPacketHandler
                0x00084dcc       0x28 xcp_daq.o
 .text.xcpDaqWriteLock.isra.2
                0x00084df4       0x28 xcp_daq.o
 .text.xcpDaqWriteUnlock.isra.3
                0x00084e1c        0xc xcp_daq.o
 .text.startStopDaqListInputPacketHandler
                0x00084e28      0x1b4 xcp_daq.o
 .text.startStopSynchInputPacketHandler
                0x00084fdc      0x130 xcp_daq.o
 .text.xcpDaqInit
                0x0008510c       0x2c xcp_daq.o
                0x0008510c                xcpDaqInit
 .text.xcpDaqGetPacketLookup
                0x00085138        0xc xcp_daq.o
                0x00085138                xcpDaqGetPacketLookup
 .text.xcpDaqEvent
                0x00085144      0x1c4 xcp_daq.o
                0x00085144                xcpDaqEvent
 .text.xcpDaqLock
                0x00085308        0x4 xcp_daq.o
                0x00085308                xcpDaqLock
 .text.xcpDaqUnlock
                0x0008530c        0x4 xcp_daq.o
                0x0008530c                xcpDaqUnlock
 .text.xcpResetDaqListStatus
                0x00085310       0xbc xcp_daq.o
                0x00085310                xcpResetDaqListStatus
 .text.freeDaqInputPacketHandler
                0x000853cc       0x22 xcp_daq.o
 *fill*         0x000853ee        0x2 
 .text.xcpDaqReset
                0x000853f0       0x1c xcp_daq.o
                0x000853f0                xcpDaqReset
 .text.getPacket
                0x0008540c        0xc xcp_calibration.o
 .text.shortDownloadInputPacketHandler
                0x00085418       0x4c xcp_calibration.o
 .text.downloadInputPacketHandler
                0x00085464       0x50 xcp_calibration.o
 .text.xcpCalibrationInit
                0x000854b4       0x10 xcp_calibration.o
                0x000854b4                xcpCalibrationInit
 .text.xcpCalibrationGetPacketLookup
                0x000854c4        0xc xcp_calibration.o
                0x000854c4                xcpCalibrationGetPacketLookup
 .text.xcpCalibrationReset
                0x000854d0        0x2 xcp_calibration.o
                0x000854d0                xcpCalibrationReset
 .text.xcpFifoInit
                0x000854d2        0x8 xcp_fifo.o
                0x000854d2                xcpFifoInit
 .text.xcpFifoEnqueue
                0x000854da        0xc xcp_fifo.o
                0x000854da                xcpFifoEnqueue
 .text.xcpFifoDequeue
                0x000854e6       0x12 xcp_fifo.o
                0x000854e6                xcpFifoDequeue
 .text.xcpFifoEnqueueHead
                0x000854f8        0xc xcp_fifo.o
                0x000854f8                xcpFifoEnqueueHead
 .text.xcpFifoReset
                0x00085504        0x8 xcp_fifo.o
                0x00085504                xcpFifoReset
 .text.xcpTransportEmptyTxFifo
                0x0008550c       0x40 xcp_transport.o
 .text.xcpTransportEmptyRxFifo
                0x0008554c       0x38 xcp_transport.o
 .text.xcpTransportTxReady
                0x00085584        0x4 xcp_transport.o
                0x00085584                xcpTransportTxReady
 .text.xcpTransportTxTrigger
                0x00085588        0x4 xcp_transport.o
                0x00085588                xcpTransportTxTrigger
 .text.xcpTransportTx
                0x0008558c       0x88 xcp_transport.o
                0x0008558c                xcpTransportTx
 .text.xcpTransportRx
                0x00085614       0x54 xcp_transport.o
                0x00085614                xcpTransportRx
 .text.xcpTransportPacketOffset
                0x00085668        0xa xcp_transport.o
                0x00085668                xcpTransportPacketOffset
 *fill*         0x00085672        0x2 
 .text.xcpTransportTxPacketSet
                0x00085674       0x8c xcp_transport.o
                0x00085674                xcpTransportTxPacketSet
 .text.xcpTransportRxPacketGet
                0x00085700       0x80 xcp_transport.o
                0x00085700                xcpTransportRxPacketGet
 .text.xcpTransportMsgBufferSize
                0x00085780       0x28 xcp_transport.o
                0x00085780                xcpTransportMsgBufferSize
 .text.xcpTransportInit
                0x000857a8       0x7c xcp_transport.o
                0x000857a8                xcpTransportInit
 .text.xcpTransportMaxDtoSize
                0x00085824        0x4 xcp_transport.o
                0x00085824                xcpTransportMaxDtoSize
 .text.xcpTransportMaxCtoSize
                0x00085828        0x4 xcp_transport.o
                0x00085828                xcpTransportMaxCtoSize
 .text.xcpTransportRestart
                0x0008582c       0x16 xcp_transport.o
                0x0008582c                xcpTransportRestart
 .text.xcpTransportResynch
                0x00085842       0x12 xcp_transport.o
                0x00085842                xcpTransportResynch
 .text.xcpTransportCtoReservedMemPoolId
                0x00085854        0xc xcp_transport.o
                0x00085854                xcpTransportCtoReservedMemPoolId
 .text.xcpTransportReset
                0x00085860       0x54 xcp_transport.o
                0x00085860                xcpTransportReset
 .text.xcpInitializePoolMemoryArea
                0x000858b4       0x24 xcp_mem_default.o
 .text.xcpMemInit
                0x000858d8       0x94 xcp_mem_default.o
                0x000858d8                xcpMemInit
 .text.xcpMemAlloc
                0x0008596c       0x64 xcp_mem_default.o
                0x0008596c                xcpMemAlloc
 .text.xcpMemFree
                0x000859d0       0x80 xcp_mem_default.o
                0x000859d0                xcpMemFree
 .text.xcpMemReservedPoolCreate
                0x00085a50       0xe0 xcp_mem_default.o
                0x00085a50                xcpMemReservedPoolCreate
 .text.xcpMemReservedPoolDestroy
                0x00085b30       0xa4 xcp_mem_default.o
                0x00085b30                xcpMemReservedPoolDestroy
 .text.xcpMemCustomPoolCreate
                0x00085bd4       0x4c xcp_mem_default.o
                0x00085bd4                xcpMemCustomPoolCreate
 .text.xcpMemCustomPoolDestroy
                0x00085c20       0x2c xcp_mem_default.o
                0x00085c20                xcpMemCustomPoolDestroy
 .text.xcpMemAllocFromPool
                0x00085c4c       0x70 xcp_mem_default.o
                0x00085c4c                xcpMemAllocFromPool
 .text.xcpMemReset
                0x00085cbc       0x48 xcp_mem_default.o
                0x00085cbc                xcpMemReset
 .text.xcpDrvOpen
                0x00085d04       0x24 xcp_drv_rtiostream.o
                0x00085d04                xcpDrvOpen
 .text.xcpDrvIoctl
                0x00085d28       0x14 xcp_drv_rtiostream.o
                0x00085d28                xcpDrvIoctl
 .text.xcpDrvSend
                0x00085d3c       0x9c xcp_drv_rtiostream.o
                0x00085d3c                xcpDrvSend
 .text.xcpDrvRecv
                0x00085dd8       0x9c xcp_drv_rtiostream.o
                0x00085dd8                xcpDrvRecv
 .text.xcpDrvClose
                0x00085e74       0x28 xcp_drv_rtiostream.o
                0x00085e74                xcpDrvClose
 .text.xcpSxiChecksum
                0x00085e9c       0x1a xcp_frame_serial.o
                0x00085e9c                xcpSxiChecksum
 *fill*         0x00085eb6        0x2 
 .text.xcpFrameInit
                0x00085eb8       0x38 xcp_frame_serial.o
                0x00085eb8                xcpFrameInit
 .text.xcpFrameMsgSend
                0x00085ef0       0x98 xcp_frame_serial.o
                0x00085ef0                xcpFrameMsgSend
 .text.xcpFrameMsgRecv
                0x00085f88       0xb4 xcp_frame_serial.o
                0x00085f88                xcpFrameMsgRecv
 .text.xcpFrameCreateMsg
                0x0008603c       0x1c xcp_frame_serial.o
                0x0008603c                xcpFrameCreateMsg
 .text.xcpFrameExtractPacket
                0x00086058       0x80 xcp_frame_serial.o
                0x00086058                xcpFrameExtractPacket
 .text.xcpFrameHeaderSize
                0x000860d8        0x4 xcp_frame_serial.o
                0x000860d8                xcpFrameHeaderSize
 .text.xcpFrameTailSize
                0x000860dc        0x4 xcp_frame_serial.o
                0x000860dc                xcpFrameTailSize
 .text.xcpFrameMaxDtoSize
                0x000860e0        0x6 xcp_frame_serial.o
                0x000860e0                xcpFrameMaxDtoSize
 .text.xcpFrameMaxCtoSize
                0x000860e6        0x4 xcp_frame_serial.o
                0x000860e6                xcpFrameMaxCtoSize
 *fill*         0x000860ea        0x2 
 .text.xcpFrameRestart
                0x000860ec       0x1c xcp_frame_serial.o
                0x000860ec                xcpFrameRestart
 .text.xcpFrameSetCtoReservedMemPoolId
                0x00086108        0xc xcp_frame_serial.o
                0x00086108                xcpFrameSetCtoReservedMemPoolId
 .text.xcpFrameReset
                0x00086114       0x30 xcp_frame_serial.o
                0x00086114                xcpFrameReset
 .text.xcpTransportGetInitParameters
                0x00086144        0xc xcp_ext_param_default_serial.o
                0x00086144                xcpTransportGetInitParameters
 .text.xcpGetInitParameters
                0x00086150        0xc xcp_ext_param_default_serial.o
                0x00086150                xcpGetInitParameters
 .text.double2ascii_Outputs_wrapper
                0x0008615c        0x8 double2ascii_wrapper.o
                0x0008615c                double2ascii_Outputs_wrapper
 .text.__halt   0x00086164        0x2 arm_m3_cortex_handler.o
                0x00086164                DACC_Handler
                0x00086164                DebugMon_Handler
                0x00086164                DMAC_Handler
                0x00086164                TRNG_Handler
                0x00086164                HardFault_Handler
                0x00086164                TC2_Handler
                0x00086164                TWI1_Handler
                0x00086164                NMI_Handler
                0x00086164                TC7_Handler
                0x00086164                ADC_Handler
                0x00086164                SMC_Handler
                0x00086164                RTT_Handler
                0x00086164                EFC1_Handler
                0x00086164                PIOB_Handler
                0x00086164                RTC_Handler
                0x00086164                UsageFault_Handler
                0x00086164                TC6_Handler
                0x00086164                WDT_Handler
                0x00086164                CAN0_Handler
                0x00086164                TC4_Handler
                0x00086164                TC1_Handler
                0x00086164                HSMCI_Handler
                0x00086164                TC3_Handler
                0x00086164                TWI0_Handler
                0x00086164                PIOA_Handler
                0x00086164                SSC_Handler
                0x00086164                EFC0_Handler
                0x00086164                PMC_Handler
                0x00086164                PWM_Handler
                0x00086164                CAN1_Handler
                0x00086164                MemManage_Handler
                0x00086164                SUPC_Handler
                0x00086164                USART2_Handler
                0x00086164                PIOD_Handler
                0x00086164                EMAC_Handler
                0x00086164                PIOC_Handler
                0x00086164                BusFault_Handler
                0x00086164                RSTC_Handler
                0x00086164                TC0_Handler
                0x00086164                TC5_Handler
                0x00086164                SPI0_Handler
 .text.SysTick_Handler
                0x00086166       0x16 arm_m3_cortex_handler.o
                0x00086166                SysTick_Handler
 .text.MW_Arduino_Init
                0x0008617c       0x14 MW_ArduinoHWInit.o
                0x0008617c                MW_Arduino_Init
 .text.MW_Arduino_Terminate
                0x00086190        0x2 MW_ArduinoHWInit.o
                0x00086190                MW_Arduino_Terminate
 *fill*         0x00086192        0x2 
 .text.Serial_begin
                0x00086194       0x34 io_wrappers.o
                0x00086194                Serial_begin
 .text._ZL13Scheduler_Isrv
                0x000861c8       0x14 arduinoARMScheduler.o
 .text.TC8_Handler
                0x000861dc       0x20 arduinoARMScheduler.o
                0x000861dc                TC8_Handler
 .text.Setup_SchedulerTimer
                0x000861fc       0x84 arduinoARMScheduler.o
                0x000861fc                Setup_SchedulerTimer
 .text.configureArduinoARMTimer
                0x00086280       0x40 arduinoARMScheduler.o
                0x00086280                configureArduinoARMTimer
 .text.disable_rt_OneStep
                0x000862c0       0x14 arduinoARMScheduler.o
                0x000862c0                disable_rt_OneStep
 .text.MW_Arduino_Loop
                0x000862d4        0x4 arduinoARMScheduler.o
                0x000862d4                MW_Arduino_Loop
 .text.PendSV_Handler
                0x000862d8       0x3c m3m4m4f_multitasking.o
                0x000862d8                PendSV_Handler
 .text.SVC_Handler
                0x00086314       0x4c m3m4m4f_multitasking.o
                0x00086314                SVC_Handler
 .text.rtIOStreamResync
                0x00086360        0xc rtiostream_serial_daemon.o
                0x00086360                rtIOStreamResync
 .text.rtIOStreamSend
                0x0008636c       0x1c rtiostream_serial_daemon.o
                0x0008636c                rtIOStreamSend
 .text.rtIOStreamClose
                0x00086388        0xe rtiostream_serial_daemon.o
                0x00086388                rtIOStreamClose
 *fill*         0x00086396        0x2 
 .text.rtIOStreamOpen
                0x00086398       0x24 rtiostream_serial_daemon.o
                0x00086398                rtIOStreamOpen
 .text.rtIOStreamRecv
                0x000863bc       0x5c rtiostream_serial_daemon.o
                0x000863bc                rtIOStreamRecv
 .text.sys_arch_protect
                0x00086418        0x8 sys_arch.o
                0x00086418                sys_arch_protect
 .text.sys_arch_unprotect
                0x00086420        0x6 sys_arch.o
                0x00086420                sys_arch_unprotect
 *fill*         0x00086426        0x2 
 .text.rt_OneStep
                0x00086428      0x160 ert_main.o
                0x00086428                rt_OneStep
 .text.startup.main
                0x00086588       0xec ert_main.o
                0x00086588                main
 .text.__empty  0x00086674        0x2 C:/Users/ricci/DOCUME~1/MATLAB/R2021b/ARDUIN~1/ARDUIN~2/FASTER~1/libcore.a(hooks.o)
                0x00086674                yield
 .text.__false  0x00086676        0x4 C:/Users/ricci/DOCUME~1/MATLAB/R2021b/ARDUIN~1/ARDUIN~2/FASTER~1/libcore.a(hooks.o)
                0x00086676                sysTickHook
 .text.ltoa     0x0008667a       0x6e C:/Users/ricci/DOCUME~1/MATLAB/R2021b/ARDUIN~1/ARDUIN~2/FASTER~1/libcore.a(itoa.o)
                0x0008667a                ltoa
 .text.itoa     0x000866e8        0x4 C:/Users/ricci/DOCUME~1/MATLAB/R2021b/ARDUIN~1/ARDUIN~2/FASTER~1/libcore.a(itoa.o)
                0x000866e8                itoa
 .text._sbrk    0x000866ec       0x1c C:/Users/ricci/DOCUME~1/MATLAB/R2021b/ARDUIN~1/ARDUIN~2/FASTER~1/libcore.a(syscalls_sam3.o)
                0x000866ec                _sbrk
 .text.link     0x00086708        0x6 C:/Users/ricci/DOCUME~1/MATLAB/R2021b/ARDUIN~1/ARDUIN~2/FASTER~1/libcore.a(syscalls_sam3.o)
                0x00086708                link
 .text._close   0x0008670e        0x6 C:/Users/ricci/DOCUME~1/MATLAB/R2021b/ARDUIN~1/ARDUIN~2/FASTER~1/libcore.a(syscalls_sam3.o)
                0x0008670e                _close
 .text._fstat   0x00086714        0xa C:/Users/ricci/DOCUME~1/MATLAB/R2021b/ARDUIN~1/ARDUIN~2/FASTER~1/libcore.a(syscalls_sam3.o)
                0x00086714                _fstat
 .text._isatty  0x0008671e        0x4 C:/Users/ricci/DOCUME~1/MATLAB/R2021b/ARDUIN~1/ARDUIN~2/FASTER~1/libcore.a(syscalls_sam3.o)
                0x0008671e                _isatty
 .text._lseek   0x00086722        0x4 C:/Users/ricci/DOCUME~1/MATLAB/R2021b/ARDUIN~1/ARDUIN~2/FASTER~1/libcore.a(syscalls_sam3.o)
                0x00086722                _lseek
 .text._read    0x00086726        0x4 C:/Users/ricci/DOCUME~1/MATLAB/R2021b/ARDUIN~1/ARDUIN~2/FASTER~1/libcore.a(syscalls_sam3.o)
                0x00086726                _read
 *fill*         0x0008672a        0x2 
 .text._write   0x0008672c       0x24 C:/Users/ricci/DOCUME~1/MATLAB/R2021b/ARDUIN~1/ARDUIN~2/FASTER~1/libcore.a(syscalls_sam3.o)
                0x0008672c                _write
 .text._exit    0x00086750        0x2 C:/Users/ricci/DOCUME~1/MATLAB/R2021b/ARDUIN~1/ARDUIN~2/FASTER~1/libcore.a(syscalls_sam3.o)
                0x00086750                _exit
 .text._kill    0x00086752        0x2 C:/Users/ricci/DOCUME~1/MATLAB/R2021b/ARDUIN~1/ARDUIN~2/FASTER~1/libcore.a(syscalls_sam3.o)
                0x00086752                _kill
 .text._getpid  0x00086754        0x6 C:/Users/ricci/DOCUME~1/MATLAB/R2021b/ARDUIN~1/ARDUIN~2/FASTER~1/libcore.a(syscalls_sam3.o)
                0x00086754                _getpid
 .text.millis   0x0008675a        0x4 C:/Users/ricci/DOCUME~1/MATLAB/R2021b/ARDUIN~1/ARDUIN~2/FASTER~1/libcore.a(wiring.o)
                0x0008675a                millis
 .text.delay    0x0008675e       0x1c C:/Users/ricci/DOCUME~1/MATLAB/R2021b/ARDUIN~1/ARDUIN~2/FASTER~1/libcore.a(wiring.o)
                0x0008675e                delay
 .text.mapResolution
                0x0008677a       0x12 C:/Users/ricci/DOCUME~1/MATLAB/R2021b/ARDUIN~1/ARDUIN~2/FASTER~1/libcore.a(wiring_analog.o)
 .text.analogRead
                0x0008678c       0x9c C:/Users/ricci/DOCUME~1/MATLAB/R2021b/ARDUIN~1/ARDUIN~2/FASTER~1/libcore.a(wiring_analog.o)
                0x0008678c                analogRead
 .text.analogOutputInit
                0x00086828        0x2 C:/Users/ricci/DOCUME~1/MATLAB/R2021b/ARDUIN~1/ARDUIN~2/FASTER~1/libcore.a(wiring_analog.o)
                0x00086828                analogOutputInit
 *fill*         0x0008682a        0x2 
 .text.pinMode  0x0008682c      0x108 C:/Users/ricci/DOCUME~1/MATLAB/R2021b/ARDUIN~1/ARDUIN~2/FASTER~1/libcore.a(wiring_digital.o)
                0x0008682c                pinMode
 .text.digitalWrite
                0x00086934       0x70 C:/Users/ricci/DOCUME~1/MATLAB/R2021b/ARDUIN~1/ARDUIN~2/FASTER~1/libcore.a(wiring_digital.o)
                0x00086934                digitalWrite
 .text.digitalRead
                0x000869a4       0x44 C:/Users/ricci/DOCUME~1/MATLAB/R2021b/ARDUIN~1/ARDUIN~2/FASTER~1/libcore.a(wiring_digital.o)
                0x000869a4                digitalRead
 .text._ZN5Print5writeEPKhj
                0x000869e8       0x22 C:/Users/ricci/DOCUME~1/MATLAB/R2021b/ARDUIN~1/ARDUIN~2/FASTER~1/libcore.a(Print.o)
                0x000869e8                Print::write(unsigned char const*, unsigned int)
 .text._ZN5Print5printEmi.part.3
                0x00086a0a        0xc C:/Users/ricci/DOCUME~1/MATLAB/R2021b/ARDUIN~1/ARDUIN~2/FASTER~1/libcore.a(Print.o)
 .text._ZN5Print5writeEPKc
                0x00086a16       0x1e C:/Users/ricci/DOCUME~1/MATLAB/R2021b/ARDUIN~1/ARDUIN~2/FASTER~1/libcore.a(Print.o)
                0x00086a16                Print::write(char const*)
 .text._ZN5Print5printEPKc
                0x00086a34        0x8 C:/Users/ricci/DOCUME~1/MATLAB/R2021b/ARDUIN~1/ARDUIN~2/FASTER~1/libcore.a(Print.o)
                0x00086a34                Print::print(char const*)
 .text._ZN5Print5printEc
                0x00086a3c        0xa C:/Users/ricci/DOCUME~1/MATLAB/R2021b/ARDUIN~1/ARDUIN~2/FASTER~1/libcore.a(Print.o)
                0x00086a3c                Print::print(char)
 *fill*         0x00086a46        0x2 
 .text._ZN5Print7printlnEv
                0x00086a48       0x10 C:/Users/ricci/DOCUME~1/MATLAB/R2021b/ARDUIN~1/ARDUIN~2/FASTER~1/libcore.a(Print.o)
                0x00086a48                Print::println()
 .text._ZN5Print11printNumberEmh
                0x00086a58       0x3e C:/Users/ricci/DOCUME~1/MATLAB/R2021b/ARDUIN~1/ARDUIN~2/FASTER~1/libcore.a(Print.o)
                0x00086a58                Print::printNumber(unsigned long, unsigned char)
 .text._ZN5Print5printEli
                0x00086a96       0x3c C:/Users/ricci/DOCUME~1/MATLAB/R2021b/ARDUIN~1/ARDUIN~2/FASTER~1/libcore.a(Print.o)
                0x00086a96                Print::print(long, int)
 .text._ZN5Print5printEii
                0x00086ad2        0x4 C:/Users/ricci/DOCUME~1/MATLAB/R2021b/ARDUIN~1/ARDUIN~2/FASTER~1/libcore.a(Print.o)
                0x00086ad2                Print::print(int, int)
 .text._ZN5Print7printlnEii
                0x00086ad6       0x14 C:/Users/ricci/DOCUME~1/MATLAB/R2021b/ARDUIN~1/ARDUIN~2/FASTER~1/libcore.a(Print.o)
                0x00086ad6                Print::println(int, int)
 .text._ZN5Print7printlnEli
                0x00086aea       0x14 C:/Users/ricci/DOCUME~1/MATLAB/R2021b/ARDUIN~1/ARDUIN~2/FASTER~1/libcore.a(Print.o)
                0x00086aea                Print::println(long, int)
 .text._ZN5Print5printEmi
                0x00086afe        0xc C:/Users/ricci/DOCUME~1/MATLAB/R2021b/ARDUIN~1/ARDUIN~2/FASTER~1/libcore.a(Print.o)
                0x00086afe                Print::print(unsigned long, int)
 .text._ZN5Print5printEhi
                0x00086b0a        0x4 C:/Users/ricci/DOCUME~1/MATLAB/R2021b/ARDUIN~1/ARDUIN~2/FASTER~1/libcore.a(Print.o)
                0x00086b0a                Print::print(unsigned char, int)
 .text._ZN5Print7printlnEhi
                0x00086b0e       0x14 C:/Users/ricci/DOCUME~1/MATLAB/R2021b/ARDUIN~1/ARDUIN~2/FASTER~1/libcore.a(Print.o)
                0x00086b0e                Print::println(unsigned char, int)
 .text._ZN5Print7printlnEmi
                0x00086b22       0x14 C:/Users/ricci/DOCUME~1/MATLAB/R2021b/ARDUIN~1/ARDUIN~2/FASTER~1/libcore.a(Print.o)
                0x00086b22                Print::println(unsigned long, int)
 *fill*         0x00086b36        0x2 
 .text._ZN5Print10printFloatEdh
                0x00086b38      0x148 C:/Users/ricci/DOCUME~1/MATLAB/R2021b/ARDUIN~1/ARDUIN~2/FASTER~1/libcore.a(Print.o)
                0x00086b38                Print::printFloat(double, unsigned char)
 .text._ZN5Print5printEdi
                0x00086c80        0xa C:/Users/ricci/DOCUME~1/MATLAB/R2021b/ARDUIN~1/ARDUIN~2/FASTER~1/libcore.a(Print.o)
                0x00086c80                Print::print(double, int)
 .text._ZN5Print7printlnEdi
                0x00086c8a       0x1c C:/Users/ricci/DOCUME~1/MATLAB/R2021b/ARDUIN~1/ARDUIN~2/FASTER~1/libcore.a(Print.o)
                0x00086c8a                Print::println(double, int)
 *fill*         0x00086ca6        0x2 
 .text.tickReset
                0x00086ca8       0x20 C:/Users/ricci/DOCUME~1/MATLAB/R2021b/ARDUIN~1/ARDUIN~2/FASTER~1/libcore.a(Reset.o)
                0x00086ca8                tickReset
 .text._ZN6Stream9timedReadEv
                0x00086cc8       0x2a C:/Users/ricci/DOCUME~1/MATLAB/R2021b/ARDUIN~1/ARDUIN~2/FASTER~1/libcore.a(Stream.o)
                0x00086cc8                Stream::timedRead()
 .text._ZN6Stream9readBytesEPcj
                0x00086cf2       0x22 C:/Users/ricci/DOCUME~1/MATLAB/R2021b/ARDUIN~1/ARDUIN~2/FASTER~1/libcore.a(Stream.o)
                0x00086cf2                Stream::readBytes(char*, unsigned int)
 .text._ZN9UARTClasscvbEv
                0x00086d14        0x4 C:/Users/ricci/DOCUME~1/MATLAB/R2021b/ARDUIN~1/ARDUIN~2/FASTER~1/libcore.a(UARTClass.o)
                0x00086d14                UARTClass::operator bool()
 .text._ZN9UARTClass9availableEv
                0x00086d18       0x12 C:/Users/ricci/DOCUME~1/MATLAB/R2021b/ARDUIN~1/ARDUIN~2/FASTER~1/libcore.a(UARTClass.o)
                0x00086d18                UARTClass::available()
 .text._ZN9UARTClass4peekEv
                0x00086d2a       0x1c C:/Users/ricci/DOCUME~1/MATLAB/R2021b/ARDUIN~1/ARDUIN~2/FASTER~1/libcore.a(UARTClass.o)
                0x00086d2a                UARTClass::peek()
 .text._ZN9UARTClass4readEv
                0x00086d46       0x2a C:/Users/ricci/DOCUME~1/MATLAB/R2021b/ARDUIN~1/ARDUIN~2/FASTER~1/libcore.a(UARTClass.o)
                0x00086d46                UARTClass::read()
 .text._ZN9UARTClass5flushEv
                0x00086d70       0x18 C:/Users/ricci/DOCUME~1/MATLAB/R2021b/ARDUIN~1/ARDUIN~2/FASTER~1/libcore.a(UARTClass.o)
                0x00086d70                UARTClass::flush()
 .text._ZN9UARTClass5writeEh
                0x00086d88       0x54 C:/Users/ricci/DOCUME~1/MATLAB/R2021b/ARDUIN~1/ARDUIN~2/FASTER~1/libcore.a(UARTClass.o)
                0x00086d88                UARTClass::write(unsigned char)
 .text._ZN9UARTClass3endEv
                0x00086ddc       0x3c C:/Users/ricci/DOCUME~1/MATLAB/R2021b/ARDUIN~1/ARDUIN~2/FASTER~1/libcore.a(UARTClass.o)
                0x00086ddc                UARTClass::end()
 .text._ZN9UARTClassC2EP4Uart4IRQnmP10RingBufferS4_
                0x00086e18       0x24 C:/Users/ricci/DOCUME~1/MATLAB/R2021b/ARDUIN~1/ARDUIN~2/FASTER~1/libcore.a(UARTClass.o)
                0x00086e18                UARTClass::UARTClass(Uart*, IRQn, unsigned long, RingBuffer*, RingBuffer*)
                0x00086e18                UARTClass::UARTClass(Uart*, IRQn, unsigned long, RingBuffer*, RingBuffer*)
 .text._ZN9UARTClass4initEmm
                0x00086e3c       0x70 C:/Users/ricci/DOCUME~1/MATLAB/R2021b/ARDUIN~1/ARDUIN~2/FASTER~1/libcore.a(UARTClass.o)
                0x00086e3c                UARTClass::init(unsigned long, unsigned long)
 .text._ZN9UARTClass5beginEm
                0x00086eac        0x8 C:/Users/ricci/DOCUME~1/MATLAB/R2021b/ARDUIN~1/ARDUIN~2/FASTER~1/libcore.a(UARTClass.o)
                0x00086eac                UARTClass::begin(unsigned long)
 .text._ZN9UARTClass10IrqHandlerEv
                0x00086eb4       0x5a C:/Users/ricci/DOCUME~1/MATLAB/R2021b/ARDUIN~1/ARDUIN~2/FASTER~1/libcore.a(UARTClass.o)
                0x00086eb4                UARTClass::IrqHandler()
 .text._ZN10USARTClass5beginEm
                0x00086f0e        0x8 C:/Users/ricci/DOCUME~1/MATLAB/R2021b/ARDUIN~1/ARDUIN~2/FASTER~1/libcore.a(USARTClass.o)
                0x00086f0e                USARTClass::begin(unsigned long)
 *fill*         0x00086f16        0x2 
 .text._ZN10USARTClassC2EP5Usart4IRQnmP10RingBufferS4_
                0x00086f18       0x24 C:/Users/ricci/DOCUME~1/MATLAB/R2021b/ARDUIN~1/ARDUIN~2/FASTER~1/libcore.a(USARTClass.o)
                0x00086f18                USARTClass::USARTClass(Usart*, IRQn, unsigned long, RingBuffer*, RingBuffer*)
                0x00086f18                USARTClass::USARTClass(Usart*, IRQn, unsigned long, RingBuffer*, RingBuffer*)
 .text._Z15watchdogDisablev
                0x00086f3c        0xc C:/Users/ricci/DOCUME~1/MATLAB/R2021b/ARDUIN~1/ARDUIN~2/FASTER~1/libcore.a(watchdog.o)
                0x00086f3c                watchdogDisable()
 .text.UART_Handler
                0x00086f48        0xc C:/Users/ricci/DOCUME~1/MATLAB/R2021b/ARDUIN~1/ARDUIN~2/FASTER~1/libcore.a(variant.o)
                0x00086f48                UART_Handler
 .text.USART0_Handler
                0x00086f54        0xc C:/Users/ricci/DOCUME~1/MATLAB/R2021b/ARDUIN~1/ARDUIN~2/FASTER~1/libcore.a(variant.o)
                0x00086f54                USART0_Handler
 .text.USART1_Handler
                0x00086f60        0xc C:/Users/ricci/DOCUME~1/MATLAB/R2021b/ARDUIN~1/ARDUIN~2/FASTER~1/libcore.a(variant.o)
                0x00086f60                USART1_Handler
 .text.USART3_Handler
                0x00086f6c        0xc C:/Users/ricci/DOCUME~1/MATLAB/R2021b/ARDUIN~1/ARDUIN~2/FASTER~1/libcore.a(variant.o)
                0x00086f6c                USART3_Handler
 .text.init     0x00086f78      0x128 C:/Users/ricci/DOCUME~1/MATLAB/R2021b/ARDUIN~1/ARDUIN~2/FASTER~1/libcore.a(variant.o)
                0x00086f78                init
 .text.startup._GLOBAL__sub_I_g_APinDescription
                0x000870a0       0xd4 C:/Users/ricci/DOCUME~1/MATLAB/R2021b/ARDUIN~1/ARDUIN~2/FASTER~1/libcore.a(variant.o)
 .text._ZN10RingBufferC2Ev
                0x00087174       0x1a C:/Users/ricci/DOCUME~1/MATLAB/R2021b/ARDUIN~1/ARDUIN~2/FASTER~1/libcore.a(RingBuffer.o)
                0x00087174                RingBuffer::RingBuffer()
                0x00087174                RingBuffer::RingBuffer()
 .text._ZN10RingBuffer10store_charEh
                0x0008718e       0x1e C:/Users/ricci/DOCUME~1/MATLAB/R2021b/ARDUIN~1/ARDUIN~2/FASTER~1/libcore.a(RingBuffer.o)
                0x0008718e                RingBuffer::store_char(unsigned char)
 .text.PIO_PullUp
                0x000871ac        0xa C:/ProgramData/MATLAB/SupportPackages/R2021b/aIDE/portable/packages/arduino/hardware/sam/1.6.12/variants/arduino_due_x/libsam_sam3x8e_gcc_rel.a(pio.o)
                0x000871ac                PIO_PullUp
 .text.PIO_Get  0x000871b6       0x14 C:/ProgramData/MATLAB/SupportPackages/R2021b/aIDE/portable/packages/arduino/hardware/sam/1.6.12/variants/arduino_due_x/libsam_sam3x8e_gcc_rel.a(pio.o)
                0x000871b6                PIO_Get
 .text.PIO_SetPeripheral
                0x000871ca       0x26 C:/ProgramData/MATLAB/SupportPackages/R2021b/aIDE/portable/packages/arduino/hardware/sam/1.6.12/variants/arduino_due_x/libsam_sam3x8e_gcc_rel.a(pio.o)
                0x000871ca                PIO_SetPeripheral
 .text.PIO_SetInput
                0x000871f0       0x26 C:/ProgramData/MATLAB/SupportPackages/R2021b/aIDE/portable/packages/arduino/hardware/sam/1.6.12/variants/arduino_due_x/libsam_sam3x8e_gcc_rel.a(pio.o)
                0x000871f0                PIO_SetInput
 .text.PIO_SetOutput
                0x00087216       0x24 C:/ProgramData/MATLAB/SupportPackages/R2021b/aIDE/portable/packages/arduino/hardware/sam/1.6.12/variants/arduino_due_x/libsam_sam3x8e_gcc_rel.a(pio.o)
                0x00087216                PIO_SetOutput
 *fill*         0x0008723a        0x2 
 .text.PIO_Configure
                0x0008723c       0x64 C:/ProgramData/MATLAB/SupportPackages/R2021b/aIDE/portable/packages/arduino/hardware/sam/1.6.12/variants/arduino_due_x/libsam_sam3x8e_gcc_rel.a(pio.o)
                0x0008723c                PIO_Configure
 .text.PIO_GetOutputDataStatus
                0x000872a0       0x14 C:/ProgramData/MATLAB/SupportPackages/R2021b/aIDE/portable/packages/arduino/hardware/sam/1.6.12/variants/arduino_due_x/libsam_sam3x8e_gcc_rel.a(pio.o)
                0x000872a0                PIO_GetOutputDataStatus
 .text.pmc_enable_periph_clk
                0x000872b4       0x44 C:/ProgramData/MATLAB/SupportPackages/R2021b/aIDE/portable/packages/arduino/hardware/sam/1.6.12/variants/arduino_due_x/libsam_sam3x8e_gcc_rel.a(pmc.o)
                0x000872b4                pmc_enable_periph_clk
 .text.pmc_disable_periph_clk
                0x000872f8       0x40 C:/ProgramData/MATLAB/SupportPackages/R2021b/aIDE/portable/packages/arduino/hardware/sam/1.6.12/variants/arduino_due_x/libsam_sam3x8e_gcc_rel.a(pmc.o)
                0x000872f8                pmc_disable_periph_clk
 .text.pmc_set_writeprotect
                0x00087338       0x1c C:/ProgramData/MATLAB/SupportPackages/R2021b/aIDE/portable/packages/arduino/hardware/sam/1.6.12/variants/arduino_due_x/libsam_sam3x8e_gcc_rel.a(pmc.o)
                0x00087338                pmc_set_writeprotect
 .text.TC_Configure
                0x00087354       0x38 C:/ProgramData/MATLAB/SupportPackages/R2021b/aIDE/portable/packages/arduino/hardware/sam/1.6.12/variants/arduino_due_x/libsam_sam3x8e_gcc_rel.a(tc.o)
                0x00087354                TC_Configure
 .text.TC_Start
                0x0008738c       0x2c C:/ProgramData/MATLAB/SupportPackages/R2021b/aIDE/portable/packages/arduino/hardware/sam/1.6.12/variants/arduino_due_x/libsam_sam3x8e_gcc_rel.a(tc.o)
                0x0008738c                TC_Start
 .text.TC_GetStatus
                0x000873b8        0x8 C:/ProgramData/MATLAB/SupportPackages/R2021b/aIDE/portable/packages/arduino/hardware/sam/1.6.12/variants/arduino_due_x/libsam_sam3x8e_gcc_rel.a(tc.o)
                0x000873b8                TC_GetStatus
 .text.TC_SetRC
                0x000873c0        0x8 C:/ProgramData/MATLAB/SupportPackages/R2021b/aIDE/portable/packages/arduino/hardware/sam/1.6.12/variants/arduino_due_x/libsam_sam3x8e_gcc_rel.a(tc.o)
                0x000873c0                TC_SetRC
 .text.TimeTick_Increment
                0x000873c8       0x10 C:/ProgramData/MATLAB/SupportPackages/R2021b/aIDE/portable/packages/arduino/hardware/sam/1.6.12/variants/arduino_due_x/libsam_sam3x8e_gcc_rel.a(timetick.o)
                0x000873c8                TimeTick_Increment
 .text.GetTickCount
                0x000873d8        0xc C:/ProgramData/MATLAB/SupportPackages/R2021b/aIDE/portable/packages/arduino/hardware/sam/1.6.12/variants/arduino_due_x/libsam_sam3x8e_gcc_rel.a(timetick.o)
                0x000873d8                GetTickCount
 .text.WDT_Disable
                0x000873e4        0x8 C:/ProgramData/MATLAB/SupportPackages/R2021b/aIDE/portable/packages/arduino/hardware/sam/1.6.12/variants/arduino_due_x/libsam_sam3x8e_gcc_rel.a(wdt.o)
                0x000873e4                WDT_Disable
 .text.SystemInit
                0x000873ec       0x88 C:/ProgramData/MATLAB/SupportPackages/R2021b/aIDE/portable/packages/arduino/hardware/sam/1.6.12/variants/arduino_due_x/libsam_sam3x8e_gcc_rel.a(system_sam3xa.o)
                0x000873ec                SystemInit
 .text.adc_init
                0x00087474       0x98 C:/ProgramData/MATLAB/SupportPackages/R2021b/aIDE/portable/packages/arduino/hardware/sam/1.6.12/variants/arduino_due_x/libsam_sam3x8e_gcc_rel.a(adc.o)
                0x00087474                adc_init
 .text.adc_configure_trigger
                0x0008750c        0xe C:/ProgramData/MATLAB/SupportPackages/R2021b/aIDE/portable/packages/arduino/hardware/sam/1.6.12/variants/arduino_due_x/libsam_sam3x8e_gcc_rel.a(adc.o)
                0x0008750c                adc_configure_trigger
 .text.adc_configure_timing
                0x0008751a       0x1a C:/ProgramData/MATLAB/SupportPackages/R2021b/aIDE/portable/packages/arduino/hardware/sam/1.6.12/variants/arduino_due_x/libsam_sam3x8e_gcc_rel.a(adc.o)
                0x0008751a                adc_configure_timing
 .text.adc_start
                0x00087534        0x6 C:/ProgramData/MATLAB/SupportPackages/R2021b/aIDE/portable/packages/arduino/hardware/sam/1.6.12/variants/arduino_due_x/libsam_sam3x8e_gcc_rel.a(adc.o)
                0x00087534                adc_start
 .text.adc_enable_channel
                0x0008753a        0xa C:/ProgramData/MATLAB/SupportPackages/R2021b/aIDE/portable/packages/arduino/hardware/sam/1.6.12/variants/arduino_due_x/libsam_sam3x8e_gcc_rel.a(adc.o)
                0x0008753a                adc_enable_channel
 .text.adc_disable_channel
                0x00087544        0xa C:/ProgramData/MATLAB/SupportPackages/R2021b/aIDE/portable/packages/arduino/hardware/sam/1.6.12/variants/arduino_due_x/libsam_sam3x8e_gcc_rel.a(adc.o)
                0x00087544                adc_disable_channel
 .text.adc_disable_all_channel
                0x0008754e        0x8 C:/ProgramData/MATLAB/SupportPackages/R2021b/aIDE/portable/packages/arduino/hardware/sam/1.6.12/variants/arduino_due_x/libsam_sam3x8e_gcc_rel.a(adc.o)
                0x0008754e                adc_disable_all_channel
 .text.adc_get_channel_status
                0x00087556        0xa C:/ProgramData/MATLAB/SupportPackages/R2021b/aIDE/portable/packages/arduino/hardware/sam/1.6.12/variants/arduino_due_x/libsam_sam3x8e_gcc_rel.a(adc.o)
                0x00087556                adc_get_channel_status
 .text.adc_get_latest_value
                0x00087560        0x4 C:/ProgramData/MATLAB/SupportPackages/R2021b/aIDE/portable/packages/arduino/hardware/sam/1.6.12/variants/arduino_due_x/libsam_sam3x8e_gcc_rel.a(adc.o)
                0x00087560                adc_get_latest_value
 .text.adc_disable_interrupt
                0x00087564        0x4 C:/ProgramData/MATLAB/SupportPackages/R2021b/aIDE/portable/packages/arduino/hardware/sam/1.6.12/variants/arduino_due_x/libsam_sam3x8e_gcc_rel.a(adc.o)
                0x00087564                adc_disable_interrupt
 .text.adc_get_status
                0x00087568        0x4 C:/ProgramData/MATLAB/SupportPackages/R2021b/aIDE/portable/packages/arduino/hardware/sam/1.6.12/variants/arduino_due_x/libsam_sam3x8e_gcc_rel.a(adc.o)
                0x00087568                adc_get_status
 *fill*         0x0008756c        0x4 
 .text.ceil     0x00087570      0x120 c:/programdata/matlab/supportpackages/r2021b/aide/portable/packages/arduino/tools/arm-none-eabi-gcc/4.8.3-2014q1/bin/../lib/gcc/arm-none-eabi/4.8.3/../../../../arm-none-eabi/lib/armv7-m\libm.a(lib_a-s_ceil.o)
                0x00087570                ceil
 .text.floor    0x00087690      0x120 c:/programdata/matlab/supportpackages/r2021b/aide/portable/packages/arduino/tools/arm-none-eabi-gcc/4.8.3-2014q1/bin/../lib/gcc/arm-none-eabi/4.8.3/../../../../arm-none-eabi/lib/armv7-m\libm.a(lib_a-s_floor.o)
                0x00087690                floor
 .text.__fpclassifyd
                0x000877b0       0x50 c:/programdata/matlab/supportpackages/r2021b/aide/portable/packages/arduino/tools/arm-none-eabi-gcc/4.8.3-2014q1/bin/../lib/gcc/arm-none-eabi/4.8.3/../../../../arm-none-eabi/lib/armv7-m\libm.a(lib_a-s_fpclassify.o)
                0x000877b0                __fpclassifyd
 .text.frexp    0x00087800       0x74 c:/programdata/matlab/supportpackages/r2021b/aide/portable/packages/arduino/tools/arm-none-eabi-gcc/4.8.3-2014q1/bin/../lib/gcc/arm-none-eabi/4.8.3/../../../../arm-none-eabi/lib/armv7-m\libm.a(lib_a-s_frexp.o)
                0x00087800                frexp
 .text.ldexp    0x00087874       0x54 c:/programdata/matlab/supportpackages/r2021b/aide/portable/packages/arduino/tools/arm-none-eabi-gcc/4.8.3-2014q1/bin/../lib/gcc/arm-none-eabi/4.8.3/../../../../arm-none-eabi/lib/armv7-m\libm.a(lib_a-s_ldexp.o)
                0x00087874                ldexp
 .text.scalbn   0x000878c8      0x100 c:/programdata/matlab/supportpackages/r2021b/aide/portable/packages/arduino/tools/arm-none-eabi-gcc/4.8.3-2014q1/bin/../lib/gcc/arm-none-eabi/4.8.3/../../../../arm-none-eabi/lib/armv7-m\libm.a(lib_a-s_scalbn.o)
                0x000878c8                scalbn
 .text.fmod     0x000879c8       0xb4 c:/programdata/matlab/supportpackages/r2021b/aide/portable/packages/arduino/tools/arm-none-eabi-gcc/4.8.3-2014q1/bin/../lib/gcc/arm-none-eabi/4.8.3/../../../../arm-none-eabi/lib/armv7-m\libm.a(lib_a-w_fmod.o)
                0x000879c8                fmod
 .text.__ieee754_fmod
                0x00087a7c      0x278 c:/programdata/matlab/supportpackages/r2021b/aide/portable/packages/arduino/tools/arm-none-eabi-gcc/4.8.3-2014q1/bin/../lib/gcc/arm-none-eabi/4.8.3/../../../../arm-none-eabi/lib/armv7-m\libm.a(lib_a-e_fmod.o)
                0x00087a7c                __ieee754_fmod
 .text.copysign
                0x00087cf4       0x14 c:/programdata/matlab/supportpackages/r2021b/aide/portable/packages/arduino/tools/arm-none-eabi-gcc/4.8.3-2014q1/bin/../lib/gcc/arm-none-eabi/4.8.3/../../../../arm-none-eabi/lib/armv7-m\libm.a(lib_a-s_copysign.o)
                0x00087cf4                copysign
 .text.finite   0x00087d08        0xc c:/programdata/matlab/supportpackages/r2021b/aide/portable/packages/arduino/tools/arm-none-eabi-gcc/4.8.3-2014q1/bin/../lib/gcc/arm-none-eabi/4.8.3/../../../../arm-none-eabi/lib/armv7-m\libm.a(lib_a-s_finite.o)
                0x00087d08                finite
 .text.matherr  0x00087d14        0x4 c:/programdata/matlab/supportpackages/r2021b/aide/portable/packages/arduino/tools/arm-none-eabi-gcc/4.8.3-2014q1/bin/../lib/gcc/arm-none-eabi/4.8.3/../../../../arm-none-eabi/lib/armv7-m\libm.a(lib_a-s_matherr.o)
                0x00087d14                matherr
 .text          0x00087d18      0x370 c:/programdata/matlab/supportpackages/r2021b/aide/portable/packages/arduino/tools/arm-none-eabi-gcc/4.8.3-2014q1/bin/../lib/gcc/arm-none-eabi/4.8.3/armv7-m\libgcc.a(_arm_addsubdf3.o)
                0x00087d18                __aeabi_drsub
                0x00087d20                __aeabi_dsub
                0x00087d20                __subdf3
                0x00087d24                __aeabi_dadd
                0x00087d24                __adddf3
                0x00087f9c                __floatunsidf
                0x00087f9c                __aeabi_ui2d
                0x00087fbc                __floatsidf
                0x00087fbc                __aeabi_i2d
                0x00087fe0                __aeabi_f2d
                0x00087fe0                __extendsfdf2
                0x0008801c                __floatundidf
                0x0008801c                __aeabi_ul2d
                0x0008802c                __floatdidf
                0x0008802c                __aeabi_l2d
 .text          0x00088088      0x424 c:/programdata/matlab/supportpackages/r2021b/aide/portable/packages/arduino/tools/arm-none-eabi-gcc/4.8.3-2014q1/bin/../lib/gcc/arm-none-eabi/4.8.3/armv7-m\libgcc.a(_arm_muldivdf3.o)
                0x00088088                __aeabi_dmul
                0x00088088                __muldf3
                0x000882dc                __divdf3
                0x000882dc                __aeabi_ddiv
 .text          0x000884ac      0x110 c:/programdata/matlab/supportpackages/r2021b/aide/portable/packages/arduino/tools/arm-none-eabi-gcc/4.8.3-2014q1/bin/../lib/gcc/arm-none-eabi/4.8.3/armv7-m\libgcc.a(_arm_cmpdf2.o)
                0x000884ac                __gtdf2
                0x000884ac                __gedf2
                0x000884b4                __ltdf2
                0x000884b4                __ledf2
                0x000884bc                __nedf2
                0x000884bc                __eqdf2
                0x000884bc                __cmpdf2
                0x00088538                __aeabi_cdrcmple
                0x00088548                __aeabi_cdcmpeq
                0x00088548                __aeabi_cdcmple
                0x00088558                __aeabi_dcmpeq
                0x0008856c                __aeabi_dcmplt
                0x00088580                __aeabi_dcmple
                0x00088594                __aeabi_dcmpge
                0x000885a8                __aeabi_dcmpgt
 .text          0x000885bc       0x50 c:/programdata/matlab/supportpackages/r2021b/aide/portable/packages/arduino/tools/arm-none-eabi-gcc/4.8.3-2014q1/bin/../lib/gcc/arm-none-eabi/4.8.3/armv7-m\libgcc.a(_arm_fixdfsi.o)
                0x000885bc                __aeabi_d2iz
                0x000885bc                __fixdfsi
 .text          0x0008860c       0x40 c:/programdata/matlab/supportpackages/r2021b/aide/portable/packages/arduino/tools/arm-none-eabi-gcc/4.8.3-2014q1/bin/../lib/gcc/arm-none-eabi/4.8.3/armv7-m\libgcc.a(_arm_fixunsdfsi.o)
                0x0008860c                __aeabi_d2uiz
                0x0008860c                __fixunsdfsi
 .text          0x0008864c       0xa0 c:/programdata/matlab/supportpackages/r2021b/aide/portable/packages/arduino/tools/arm-none-eabi-gcc/4.8.3-2014q1/bin/../lib/gcc/arm-none-eabi/4.8.3/armv7-m\libgcc.a(_arm_truncdfsf2.o)
                0x0008864c                __truncdfsf2
                0x0008864c                __aeabi_d2f
 .text.__assert_func
                0x000886ec       0x3c c:/programdata/matlab/supportpackages/r2021b/aide/portable/packages/arduino/tools/arm-none-eabi-gcc/4.8.3-2014q1/bin/../lib/gcc/arm-none-eabi/4.8.3/../../../../arm-none-eabi/lib/armv7-m\libg.a(lib_a-assert.o)
                0x000886ec                __assert_func
 .text.__errno  0x00088728        0xc c:/programdata/matlab/supportpackages/r2021b/aide/portable/packages/arduino/tools/arm-none-eabi-gcc/4.8.3-2014q1/bin/../lib/gcc/arm-none-eabi/4.8.3/../../../../arm-none-eabi/lib/armv7-m\libg.a(lib_a-errno.o)
                0x00088728                __errno
 .text.fiprintf
                0x00088734       0x28 c:/programdata/matlab/supportpackages/r2021b/aide/portable/packages/arduino/tools/arm-none-eabi-gcc/4.8.3-2014q1/bin/../lib/gcc/arm-none-eabi/4.8.3/../../../../arm-none-eabi/lib/armv7-m\libg.a(lib_a-fiprintf.o)
                0x00088734                fiprintf
 .text.__libc_init_array
                0x0008875c       0x50 c:/programdata/matlab/supportpackages/r2021b/aide/portable/packages/arduino/tools/arm-none-eabi-gcc/4.8.3-2014q1/bin/../lib/gcc/arm-none-eabi/4.8.3/../../../../arm-none-eabi/lib/armv7-m\libg.a(lib_a-init.o)
                0x0008875c                __libc_init_array
 .text.malloc   0x000887ac       0x10 c:/programdata/matlab/supportpackages/r2021b/aide/portable/packages/arduino/tools/arm-none-eabi-gcc/4.8.3-2014q1/bin/../lib/gcc/arm-none-eabi/4.8.3/../../../../arm-none-eabi/lib/armv7-m\libg.a(lib_a-malloc.o)
                0x000887ac                malloc
 .text._malloc_r
                0x000887bc      0x538 c:/programdata/matlab/supportpackages/r2021b/aide/portable/packages/arduino/tools/arm-none-eabi-gcc/4.8.3-2014q1/bin/../lib/gcc/arm-none-eabi/4.8.3/../../../../arm-none-eabi/lib/armv7-m\libg.a(lib_a-mallocr.o)
                0x000887bc                _malloc_r
 .text.memcmp   0x00088cf4       0x68 c:/programdata/matlab/supportpackages/r2021b/aide/portable/packages/arduino/tools/arm-none-eabi-gcc/4.8.3-2014q1/bin/../lib/gcc/arm-none-eabi/4.8.3/../../../../arm-none-eabi/lib/armv7-m\libg.a(lib_a-memcmp.o)
                0x00088cf4                memcmp
 .text          0x00088d5c       0xec c:/programdata/matlab/supportpackages/r2021b/aide/portable/packages/arduino/tools/arm-none-eabi-gcc/4.8.3-2014q1/bin/../lib/gcc/arm-none-eabi/4.8.3/../../../../arm-none-eabi/lib/armv7-m\libg.a(lib_a-memcpy.o)
                0x00088d5c                memcpy
 .text.memmove  0x00088e48       0xcc c:/programdata/matlab/supportpackages/r2021b/aide/portable/packages/arduino/tools/arm-none-eabi-gcc/4.8.3-2014q1/bin/../lib/gcc/arm-none-eabi/4.8.3/../../../../arm-none-eabi/lib/armv7-m\libg.a(lib_a-memmove.o)
                0x00088e48                memmove
 .text.memset   0x00088f14       0x94 c:/programdata/matlab/supportpackages/r2021b/aide/portable/packages/arduino/tools/arm-none-eabi-gcc/4.8.3-2014q1/bin/../lib/gcc/arm-none-eabi/4.8.3/../../../../arm-none-eabi/lib/armv7-m\libg.a(lib_a-memset.o)
                0x00088f14                memset
 .text.__malloc_lock
                0x00088fa8        0x4 c:/programdata/matlab/supportpackages/r2021b/aide/portable/packages/arduino/tools/arm-none-eabi-gcc/4.8.3-2014q1/bin/../lib/gcc/arm-none-eabi/4.8.3/../../../../arm-none-eabi/lib/armv7-m\libg.a(lib_a-mlock.o)
                0x00088fa8                __malloc_lock
 .text.__malloc_unlock
                0x00088fac        0x4 c:/programdata/matlab/supportpackages/r2021b/aide/portable/packages/arduino/tools/arm-none-eabi-gcc/4.8.3-2014q1/bin/../lib/gcc/arm-none-eabi/4.8.3/../../../../arm-none-eabi/lib/armv7-m\libg.a(lib_a-mlock.o)
                0x00088fac                __malloc_unlock
 .text._realloc_r
                0x00088fb0      0x3c0 c:/programdata/matlab/supportpackages/r2021b/aide/portable/packages/arduino/tools/arm-none-eabi-gcc/4.8.3-2014q1/bin/../lib/gcc/arm-none-eabi/4.8.3/../../../../arm-none-eabi/lib/armv7-m\libg.a(lib_a-reallocr.o)
                0x00088fb0                _realloc_r
 .text._sbrk_r  0x00089370       0x24 c:/programdata/matlab/supportpackages/r2021b/aide/portable/packages/arduino/tools/arm-none-eabi-gcc/4.8.3-2014q1/bin/../lib/gcc/arm-none-eabi/4.8.3/../../../../arm-none-eabi/lib/armv7-m\libg.a(lib_a-sbrkr.o)
                0x00089370                _sbrk_r
 .text.sprintf  0x00089394       0x4c c:/programdata/matlab/supportpackages/r2021b/aide/portable/packages/arduino/tools/arm-none-eabi-gcc/4.8.3-2014q1/bin/../lib/gcc/arm-none-eabi/4.8.3/../../../../arm-none-eabi/lib/armv7-m\libg.a(lib_a-sprintf.o)
                0x00089394                sprintf
 .text.sscanf   0x000893e0       0x5c c:/programdata/matlab/supportpackages/r2021b/aide/portable/packages/arduino/tools/arm-none-eabi-gcc/4.8.3-2014q1/bin/../lib/gcc/arm-none-eabi/4.8.3/../../../../arm-none-eabi/lib/armv7-m\libg.a(lib_a-sscanf.o)
                0x000893e0                sscanf
 .text.__sread  0x0008943c       0x24 c:/programdata/matlab/supportpackages/r2021b/aide/portable/packages/arduino/tools/arm-none-eabi-gcc/4.8.3-2014q1/bin/../lib/gcc/arm-none-eabi/4.8.3/../../../../arm-none-eabi/lib/armv7-m\libg.a(lib_a-stdio.o)
                0x0008943c                __sread
 .text.__seofread
                0x00089460        0x4 c:/programdata/matlab/supportpackages/r2021b/aide/portable/packages/arduino/tools/arm-none-eabi-gcc/4.8.3-2014q1/bin/../lib/gcc/arm-none-eabi/4.8.3/../../../../arm-none-eabi/lib/armv7-m\libg.a(lib_a-stdio.o)
                0x00089460                __seofread
 .text.__swrite
                0x00089464       0x38 c:/programdata/matlab/supportpackages/r2021b/aide/portable/packages/arduino/tools/arm-none-eabi-gcc/4.8.3-2014q1/bin/../lib/gcc/arm-none-eabi/4.8.3/../../../../arm-none-eabi/lib/armv7-m\libg.a(lib_a-stdio.o)
                0x00089464                __swrite
 .text.__sseek  0x0008949c       0x20 c:/programdata/matlab/supportpackages/r2021b/aide/portable/packages/arduino/tools/arm-none-eabi-gcc/4.8.3-2014q1/bin/../lib/gcc/arm-none-eabi/4.8.3/../../../../arm-none-eabi/lib/armv7-m\libg.a(lib_a-stdio.o)
                0x0008949c                __sseek
 .text.__sclose
                0x000894bc        0x8 c:/programdata/matlab/supportpackages/r2021b/aide/portable/packages/arduino/tools/arm-none-eabi-gcc/4.8.3-2014q1/bin/../lib/gcc/arm-none-eabi/4.8.3/../../../../arm-none-eabi/lib/armv7-m\libg.a(lib_a-stdio.o)
                0x000894bc                __sclose
 .text.strlen   0x000894c4       0x60 c:/programdata/matlab/supportpackages/r2021b/aide/portable/packages/arduino/tools/arm-none-eabi-gcc/4.8.3-2014q1/bin/../lib/gcc/arm-none-eabi/4.8.3/../../../../arm-none-eabi/lib/armv7-m\libg.a(lib_a-strlen.o)
                0x000894c4                strlen
 .text.strncmp  0x00089524       0xb4 c:/programdata/matlab/supportpackages/r2021b/aide/portable/packages/arduino/tools/arm-none-eabi-gcc/4.8.3-2014q1/bin/../lib/gcc/arm-none-eabi/4.8.3/../../../../arm-none-eabi/lib/armv7-m\libg.a(lib_a-strncmp.o)
                0x00089524                strncmp
 .text.sulp     0x000895d8       0x40 c:/programdata/matlab/supportpackages/r2021b/aide/portable/packages/arduino/tools/arm-none-eabi-gcc/4.8.3-2014q1/bin/../lib/gcc/arm-none-eabi/4.8.3/../../../../arm-none-eabi/lib/armv7-m\libg.a(lib_a-strtod.o)
 .text._strtod_r
                0x00089618      0xf38 c:/programdata/matlab/supportpackages/r2021b/aide/portable/packages/arduino/tools/arm-none-eabi-gcc/4.8.3-2014q1/bin/../lib/gcc/arm-none-eabi/4.8.3/../../../../arm-none-eabi/lib/armv7-m\libg.a(lib_a-strtod.o)
                0x00089618                _strtod_r
 .text._strtol_r
                0x0008a550      0x114 c:/programdata/matlab/supportpackages/r2021b/aide/portable/packages/arduino/tools/arm-none-eabi-gcc/4.8.3-2014q1/bin/../lib/gcc/arm-none-eabi/4.8.3/../../../../arm-none-eabi/lib/armv7-m\libg.a(lib_a-strtol.o)
                0x0008a550                _strtol_r
 .text._svfprintf_r
                0x0008a664     0x14e0 c:/programdata/matlab/supportpackages/r2021b/aide/portable/packages/arduino/tools/arm-none-eabi-gcc/4.8.3-2014q1/bin/../lib/gcc/arm-none-eabi/4.8.3/../../../../arm-none-eabi/lib/armv7-m\libg.a(lib_a-svfprintf.o)
                0x0008a664                _svfprintf_r
 .text.__ssvfscanf_r
                0x0008bb44      0xe78 c:/programdata/matlab/supportpackages/r2021b/aide/portable/packages/arduino/tools/arm-none-eabi-gcc/4.8.3-2014q1/bin/../lib/gcc/arm-none-eabi/4.8.3/../../../../arm-none-eabi/lib/armv7-m\libg.a(lib_a-svfscanf.o)
                0x0008bb44                __ssvfscanf_r
 .text.kill     0x0008c9bc       0x10 c:/programdata/matlab/supportpackages/r2021b/aide/portable/packages/arduino/tools/arm-none-eabi-gcc/4.8.3-2014q1/bin/../lib/gcc/arm-none-eabi/4.8.3/../../../../arm-none-eabi/lib/armv7-m\libg.a(lib_a-syskill.o)
                0x0008c9bc                kill
 .text.__sprint_r.part.0
                0x0008c9cc       0x78 c:/programdata/matlab/supportpackages/r2021b/aide/portable/packages/arduino/tools/arm-none-eabi-gcc/4.8.3-2014q1/bin/../lib/gcc/arm-none-eabi/4.8.3/../../../../arm-none-eabi/lib/armv7-m\libg.a(lib_a-vfiprintf.o)
 .text._vfiprintf_r
                0x0008ca44      0xc54 c:/programdata/matlab/supportpackages/r2021b/aide/portable/packages/arduino/tools/arm-none-eabi-gcc/4.8.3-2014q1/bin/../lib/gcc/arm-none-eabi/4.8.3/../../../../arm-none-eabi/lib/armv7-m\libg.a(lib_a-vfiprintf.o)
                0x0008ca44                _vfiprintf_r
 .text.__sbprintf
                0x0008d698       0x7c c:/programdata/matlab/supportpackages/r2021b/aide/portable/packages/arduino/tools/arm-none-eabi-gcc/4.8.3-2014q1/bin/../lib/gcc/arm-none-eabi/4.8.3/../../../../arm-none-eabi/lib/armv7-m\libg.a(lib_a-vfiprintf.o)
 .text._write_r
                0x0008d714       0x28 c:/programdata/matlab/supportpackages/r2021b/aide/portable/packages/arduino/tools/arm-none-eabi-gcc/4.8.3-2014q1/bin/../lib/gcc/arm-none-eabi/4.8.3/../../../../arm-none-eabi/lib/armv7-m\libg.a(lib_a-writer.o)
                0x0008d714                _write_r
 .text.__swsetup_r
                0x0008d73c       0xc4 c:/programdata/matlab/supportpackages/r2021b/aide/portable/packages/arduino/tools/arm-none-eabi-gcc/4.8.3-2014q1/bin/../lib/gcc/arm-none-eabi/4.8.3/../../../../arm-none-eabi/lib/armv7-m\libg.a(lib_a-wsetup.o)
                0x0008d73c                __swsetup_r
 .text.startup.register_fini
                0x0008d800       0x14 c:/programdata/matlab/supportpackages/r2021b/aide/portable/packages/arduino/tools/arm-none-eabi-gcc/4.8.3-2014q1/bin/../lib/gcc/arm-none-eabi/4.8.3/../../../../arm-none-eabi/lib/armv7-m\libg.a(lib_a-__call_atexit.o)
 .text.abort    0x0008d814       0x10 c:/programdata/matlab/supportpackages/r2021b/aide/portable/packages/arduino/tools/arm-none-eabi-gcc/4.8.3-2014q1/bin/../lib/gcc/arm-none-eabi/4.8.3/../../../../arm-none-eabi/lib/armv7-m\libg.a(lib_a-abort.o)
                0x0008d814                abort
 .text.atexit   0x0008d824        0xc c:/programdata/matlab/supportpackages/r2021b/aide/portable/packages/arduino/tools/arm-none-eabi-gcc/4.8.3-2014q1/bin/../lib/gcc/arm-none-eabi/4.8.3/../../../../arm-none-eabi/lib/armv7-m\libg.a(lib_a-atexit.o)
                0x0008d824                atexit
 .text._close_r
                0x0008d830       0x24 c:/programdata/matlab/supportpackages/r2021b/aide/portable/packages/arduino/tools/arm-none-eabi-gcc/4.8.3-2014q1/bin/../lib/gcc/arm-none-eabi/4.8.3/../../../../arm-none-eabi/lib/armv7-m\libg.a(lib_a-closer.o)
                0x0008d830                _close_r
 .text.quorem   0x0008d854      0x134 c:/programdata/matlab/supportpackages/r2021b/aide/portable/packages/arduino/tools/arm-none-eabi-gcc/4.8.3-2014q1/bin/../lib/gcc/arm-none-eabi/4.8.3/../../../../arm-none-eabi/lib/armv7-m\libg.a(lib_a-dtoa.o)
 .text._dtoa_r  0x0008d988      0xe38 c:/programdata/matlab/supportpackages/r2021b/aide/portable/packages/arduino/tools/arm-none-eabi-gcc/4.8.3-2014q1/bin/../lib/gcc/arm-none-eabi/4.8.3/../../../../arm-none-eabi/lib/armv7-m\libg.a(lib_a-dtoa.o)
                0x0008d988                _dtoa_r
 .text.__sflush_r
                0x0008e7c0      0x148 c:/programdata/matlab/supportpackages/r2021b/aide/portable/packages/arduino/tools/arm-none-eabi-gcc/4.8.3-2014q1/bin/../lib/gcc/arm-none-eabi/4.8.3/../../../../arm-none-eabi/lib/armv7-m\libg.a(lib_a-fflush.o)
                0x0008e7c0                __sflush_r
 .text._fflush_r
                0x0008e908       0x2c c:/programdata/matlab/supportpackages/r2021b/aide/portable/packages/arduino/tools/arm-none-eabi-gcc/4.8.3-2014q1/bin/../lib/gcc/arm-none-eabi/4.8.3/../../../../arm-none-eabi/lib/armv7-m\libg.a(lib_a-fflush.o)
                0x0008e908                _fflush_r
 .text._cleanup_r
                0x0008e934        0xc c:/programdata/matlab/supportpackages/r2021b/aide/portable/packages/arduino/tools/arm-none-eabi-gcc/4.8.3-2014q1/bin/../lib/gcc/arm-none-eabi/4.8.3/../../../../arm-none-eabi/lib/armv7-m\libg.a(lib_a-findfp.o)
                0x0008e934                _cleanup_r
 .text.__sinit  0x0008e940       0xf4 c:/programdata/matlab/supportpackages/r2021b/aide/portable/packages/arduino/tools/arm-none-eabi-gcc/4.8.3-2014q1/bin/../lib/gcc/arm-none-eabi/4.8.3/../../../../arm-none-eabi/lib/armv7-m\libg.a(lib_a-findfp.o)
                0x0008e940                __sinit
 .text.__sfp_lock_acquire
                0x0008ea34        0x4 c:/programdata/matlab/supportpackages/r2021b/aide/portable/packages/arduino/tools/arm-none-eabi-gcc/4.8.3-2014q1/bin/../lib/gcc/arm-none-eabi/4.8.3/../../../../arm-none-eabi/lib/armv7-m\libg.a(lib_a-findfp.o)
                0x0008ea34                __sfp_lock_acquire
 .text.__sfp_lock_release
                0x0008ea38        0x4 c:/programdata/matlab/supportpackages/r2021b/aide/portable/packages/arduino/tools/arm-none-eabi-gcc/4.8.3-2014q1/bin/../lib/gcc/arm-none-eabi/4.8.3/../../../../arm-none-eabi/lib/armv7-m\libg.a(lib_a-findfp.o)
                0x0008ea38                __sfp_lock_release
 .text.__libc_fini_array
                0x0008ea3c       0x30 c:/programdata/matlab/supportpackages/r2021b/aide/portable/packages/arduino/tools/arm-none-eabi-gcc/4.8.3-2014q1/bin/../lib/gcc/arm-none-eabi/4.8.3/../../../../arm-none-eabi/lib/armv7-m\libg.a(lib_a-fini.o)
                0x0008ea3c                __libc_fini_array
 .text._fputwc_r
                0x0008ea6c       0xc0 c:/programdata/matlab/supportpackages/r2021b/aide/portable/packages/arduino/tools/arm-none-eabi-gcc/4.8.3-2014q1/bin/../lib/gcc/arm-none-eabi/4.8.3/../../../../arm-none-eabi/lib/armv7-m\libg.a(lib_a-fputwc.o)
                0x0008ea6c                _fputwc_r
 .text._malloc_trim_r
                0x0008eb2c       0x9c c:/programdata/matlab/supportpackages/r2021b/aide/portable/packages/arduino/tools/arm-none-eabi-gcc/4.8.3-2014q1/bin/../lib/gcc/arm-none-eabi/4.8.3/../../../../arm-none-eabi/lib/armv7-m\libg.a(lib_a-freer.o)
                0x0008eb2c                _malloc_trim_r
 .text._free_r  0x0008ebc8      0x198 c:/programdata/matlab/supportpackages/r2021b/aide/portable/packages/arduino/tools/arm-none-eabi-gcc/4.8.3-2014q1/bin/../lib/gcc/arm-none-eabi/4.8.3/../../../../arm-none-eabi/lib/armv7-m\libg.a(lib_a-freer.o)
                0x0008ebc8                _free_r
 .text.__sfvwrite_r
                0x0008ed60      0x314 c:/programdata/matlab/supportpackages/r2021b/aide/portable/packages/arduino/tools/arm-none-eabi-gcc/4.8.3-2014q1/bin/../lib/gcc/arm-none-eabi/4.8.3/../../../../arm-none-eabi/lib/armv7-m\libg.a(lib_a-fvwrite.o)
                0x0008ed60                __sfvwrite_r
 .text._fwalk   0x0008f074       0x48 c:/programdata/matlab/supportpackages/r2021b/aide/portable/packages/arduino/tools/arm-none-eabi-gcc/4.8.3-2014q1/bin/../lib/gcc/arm-none-eabi/4.8.3/../../../../arm-none-eabi/lib/armv7-m\libg.a(lib_a-fwalk.o)
                0x0008f074                _fwalk
 .text.rshift   0x0008f0bc       0xa0 c:/programdata/matlab/supportpackages/r2021b/aide/portable/packages/arduino/tools/arm-none-eabi-gcc/4.8.3-2014q1/bin/../lib/gcc/arm-none-eabi/4.8.3/../../../../arm-none-eabi/lib/armv7-m\libg.a(lib_a-gdtoa-gethex.o)
 .text.__gethex
                0x0008f15c      0x52c c:/programdata/matlab/supportpackages/r2021b/aide/portable/packages/arduino/tools/arm-none-eabi-gcc/4.8.3-2014q1/bin/../lib/gcc/arm-none-eabi/4.8.3/../../../../arm-none-eabi/lib/armv7-m\libg.a(lib_a-gdtoa-gethex.o)
                0x0008f15c                __gethex
 .text.__hexnan
                0x0008f688      0x194 c:/programdata/matlab/supportpackages/r2021b/aide/portable/packages/arduino/tools/arm-none-eabi-gcc/4.8.3-2014q1/bin/../lib/gcc/arm-none-eabi/4.8.3/../../../../arm-none-eabi/lib/armv7-m\libg.a(lib_a-gdtoa-hexnan.o)
                0x0008f688                __hexnan
 .text.iswspace
                0x0008f81c       0x1c c:/programdata/matlab/supportpackages/r2021b/aide/portable/packages/arduino/tools/arm-none-eabi-gcc/4.8.3-2014q1/bin/../lib/gcc/arm-none-eabi/4.8.3/../../../../arm-none-eabi/lib/armv7-m\libg.a(lib_a-iswspace.o)
                0x0008f81c                iswspace
 .text.__locale_charset
                0x0008f838        0x8 c:/programdata/matlab/supportpackages/r2021b/aide/portable/packages/arduino/tools/arm-none-eabi-gcc/4.8.3-2014q1/bin/../lib/gcc/arm-none-eabi/4.8.3/../../../../arm-none-eabi/lib/armv7-m\libg.a(lib_a-locale.o)
                0x0008f838                __locale_charset
 .text.__locale_mb_cur_max
                0x0008f840        0xc c:/programdata/matlab/supportpackages/r2021b/aide/portable/packages/arduino/tools/arm-none-eabi-gcc/4.8.3-2014q1/bin/../lib/gcc/arm-none-eabi/4.8.3/../../../../arm-none-eabi/lib/armv7-m\libg.a(lib_a-locale.o)
                0x0008f840                __locale_mb_cur_max
 .text._localeconv_r
                0x0008f84c        0x8 c:/programdata/matlab/supportpackages/r2021b/aide/portable/packages/arduino/tools/arm-none-eabi-gcc/4.8.3-2014q1/bin/../lib/gcc/arm-none-eabi/4.8.3/../../../../arm-none-eabi/lib/armv7-m\libg.a(lib_a-locale.o)
                0x0008f84c                _localeconv_r
 .text._lseek_r
                0x0008f854       0x28 c:/programdata/matlab/supportpackages/r2021b/aide/portable/packages/arduino/tools/arm-none-eabi-gcc/4.8.3-2014q1/bin/../lib/gcc/arm-none-eabi/4.8.3/../../../../arm-none-eabi/lib/armv7-m\libg.a(lib_a-lseekr.o)
                0x0008f854                _lseek_r
 .text.__smakebuf_r
                0x0008f87c       0xe0 c:/programdata/matlab/supportpackages/r2021b/aide/portable/packages/arduino/tools/arm-none-eabi-gcc/4.8.3-2014q1/bin/../lib/gcc/arm-none-eabi/4.8.3/../../../../arm-none-eabi/lib/armv7-m\libg.a(lib_a-makebuf.o)
                0x0008f87c                __smakebuf_r
 .text._mbrtowc_r
                0x0008f95c       0x5c c:/programdata/matlab/supportpackages/r2021b/aide/portable/packages/arduino/tools/arm-none-eabi-gcc/4.8.3-2014q1/bin/../lib/gcc/arm-none-eabi/4.8.3/../../../../arm-none-eabi/lib/armv7-m\libg.a(lib_a-mbrtowc.o)
                0x0008f95c                _mbrtowc_r
 .text.__ascii_mbtowc
                0x0008f9b8       0x2c c:/programdata/matlab/supportpackages/r2021b/aide/portable/packages/arduino/tools/arm-none-eabi-gcc/4.8.3-2014q1/bin/../lib/gcc/arm-none-eabi/4.8.3/../../../../arm-none-eabi/lib/armv7-m\libg.a(lib_a-mbtowc_r.o)
                0x0008f9b8                __ascii_mbtowc
 .text.memchr   0x0008f9e4       0x94 c:/programdata/matlab/supportpackages/r2021b/aide/portable/packages/arduino/tools/arm-none-eabi-gcc/4.8.3-2014q1/bin/../lib/gcc/arm-none-eabi/4.8.3/../../../../arm-none-eabi/lib/armv7-m\libg.a(lib_a-memchr-stub.o)
                0x0008f9e4                memchr
 .text._Balloc  0x0008fa78       0x4c c:/programdata/matlab/supportpackages/r2021b/aide/portable/packages/arduino/tools/arm-none-eabi-gcc/4.8.3-2014q1/bin/../lib/gcc/arm-none-eabi/4.8.3/../../../../arm-none-eabi/lib/armv7-m\libg.a(lib_a-mprec.o)
                0x0008fa78                _Balloc
 .text._Bfree   0x0008fac4       0x14 c:/programdata/matlab/supportpackages/r2021b/aide/portable/packages/arduino/tools/arm-none-eabi-gcc/4.8.3-2014q1/bin/../lib/gcc/arm-none-eabi/4.8.3/../../../../arm-none-eabi/lib/armv7-m\libg.a(lib_a-mprec.o)
                0x0008fac4                _Bfree
 .text.__multadd
                0x0008fad8       0x94 c:/programdata/matlab/supportpackages/r2021b/aide/portable/packages/arduino/tools/arm-none-eabi-gcc/4.8.3-2014q1/bin/../lib/gcc/arm-none-eabi/4.8.3/../../../../arm-none-eabi/lib/armv7-m\libg.a(lib_a-mprec.o)
                0x0008fad8                __multadd
 .text.__s2b    0x0008fb6c       0x98 c:/programdata/matlab/supportpackages/r2021b/aide/portable/packages/arduino/tools/arm-none-eabi-gcc/4.8.3-2014q1/bin/../lib/gcc/arm-none-eabi/4.8.3/../../../../arm-none-eabi/lib/armv7-m\libg.a(lib_a-mprec.o)
                0x0008fb6c                __s2b
 .text.__hi0bits
                0x0008fc04       0x40 c:/programdata/matlab/supportpackages/r2021b/aide/portable/packages/arduino/tools/arm-none-eabi-gcc/4.8.3-2014q1/bin/../lib/gcc/arm-none-eabi/4.8.3/../../../../arm-none-eabi/lib/armv7-m\libg.a(lib_a-mprec.o)
                0x0008fc04                __hi0bits
 .text.__lo0bits
                0x0008fc44       0x5c c:/programdata/matlab/supportpackages/r2021b/aide/portable/packages/arduino/tools/arm-none-eabi-gcc/4.8.3-2014q1/bin/../lib/gcc/arm-none-eabi/4.8.3/../../../../arm-none-eabi/lib/armv7-m\libg.a(lib_a-mprec.o)
                0x0008fc44                __lo0bits
 .text.__i2b    0x0008fca0       0x14 c:/programdata/matlab/supportpackages/r2021b/aide/portable/packages/arduino/tools/arm-none-eabi-gcc/4.8.3-2014q1/bin/../lib/gcc/arm-none-eabi/4.8.3/../../../../arm-none-eabi/lib/armv7-m\libg.a(lib_a-mprec.o)
                0x0008fca0                __i2b
 .text.__multiply
                0x0008fcb4      0x13c c:/programdata/matlab/supportpackages/r2021b/aide/portable/packages/arduino/tools/arm-none-eabi-gcc/4.8.3-2014q1/bin/../lib/gcc/arm-none-eabi/4.8.3/../../../../arm-none-eabi/lib/armv7-m\libg.a(lib_a-mprec.o)
                0x0008fcb4                __multiply
 .text.__pow5mult
                0x0008fdf0       0x9c c:/programdata/matlab/supportpackages/r2021b/aide/portable/packages/arduino/tools/arm-none-eabi-gcc/4.8.3-2014q1/bin/../lib/gcc/arm-none-eabi/4.8.3/../../../../arm-none-eabi/lib/armv7-m\libg.a(lib_a-mprec.o)
                0x0008fdf0                __pow5mult
 .text.__lshift
                0x0008fe8c       0xbc c:/programdata/matlab/supportpackages/r2021b/aide/portable/packages/arduino/tools/arm-none-eabi-gcc/4.8.3-2014q1/bin/../lib/gcc/arm-none-eabi/4.8.3/../../../../arm-none-eabi/lib/armv7-m\libg.a(lib_a-mprec.o)
                0x0008fe8c                __lshift
 .text.__mcmp   0x0008ff48       0x48 c:/programdata/matlab/supportpackages/r2021b/aide/portable/packages/arduino/tools/arm-none-eabi-gcc/4.8.3-2014q1/bin/../lib/gcc/arm-none-eabi/4.8.3/../../../../arm-none-eabi/lib/armv7-m\libg.a(lib_a-mprec.o)
                0x0008ff48                __mcmp
 .text.__mdiff  0x0008ff90       0xd8 c:/programdata/matlab/supportpackages/r2021b/aide/portable/packages/arduino/tools/arm-none-eabi-gcc/4.8.3-2014q1/bin/../lib/gcc/arm-none-eabi/4.8.3/../../../../arm-none-eabi/lib/armv7-m\libg.a(lib_a-mprec.o)
                0x0008ff90                __mdiff
 .text.__ulp    0x00090068       0x40 c:/programdata/matlab/supportpackages/r2021b/aide/portable/packages/arduino/tools/arm-none-eabi-gcc/4.8.3-2014q1/bin/../lib/gcc/arm-none-eabi/4.8.3/../../../../arm-none-eabi/lib/armv7-m\libg.a(lib_a-mprec.o)
                0x00090068                __ulp
 .text.__b2d    0x000900a8       0xb8 c:/programdata/matlab/supportpackages/r2021b/aide/portable/packages/arduino/tools/arm-none-eabi-gcc/4.8.3-2014q1/bin/../lib/gcc/arm-none-eabi/4.8.3/../../../../arm-none-eabi/lib/armv7-m\libg.a(lib_a-mprec.o)
                0x000900a8                __b2d
 .text.__d2b    0x00090160       0xbc c:/programdata/matlab/supportpackages/r2021b/aide/portable/packages/arduino/tools/arm-none-eabi-gcc/4.8.3-2014q1/bin/../lib/gcc/arm-none-eabi/4.8.3/../../../../arm-none-eabi/lib/armv7-m\libg.a(lib_a-mprec.o)
                0x00090160                __d2b
 .text.__ratio  0x0009021c       0x50 c:/programdata/matlab/supportpackages/r2021b/aide/portable/packages/arduino/tools/arm-none-eabi-gcc/4.8.3-2014q1/bin/../lib/gcc/arm-none-eabi/4.8.3/../../../../arm-none-eabi/lib/armv7-m\libg.a(lib_a-mprec.o)
                0x0009021c                __ratio
 .text.__copybits
                0x0009026c       0x48 c:/programdata/matlab/supportpackages/r2021b/aide/portable/packages/arduino/tools/arm-none-eabi-gcc/4.8.3-2014q1/bin/../lib/gcc/arm-none-eabi/4.8.3/../../../../arm-none-eabi/lib/armv7-m\libg.a(lib_a-mprec.o)
                0x0009026c                __copybits
 .text.__any_on
                0x000902b4       0x60 c:/programdata/matlab/supportpackages/r2021b/aide/portable/packages/arduino/tools/arm-none-eabi-gcc/4.8.3-2014q1/bin/../lib/gcc/arm-none-eabi/4.8.3/../../../../arm-none-eabi/lib/armv7-m\libg.a(lib_a-mprec.o)
                0x000902b4                __any_on
 .text._read_r  0x00090314       0x28 c:/programdata/matlab/supportpackages/r2021b/aide/portable/packages/arduino/tools/arm-none-eabi-gcc/4.8.3-2014q1/bin/../lib/gcc/arm-none-eabi/4.8.3/../../../../arm-none-eabi/lib/armv7-m\libg.a(lib_a-readr.o)
                0x00090314                _read_r
 .text.__sccl   0x0009033c       0x70 c:/programdata/matlab/supportpackages/r2021b/aide/portable/packages/arduino/tools/arm-none-eabi-gcc/4.8.3-2014q1/bin/../lib/gcc/arm-none-eabi/4.8.3/../../../../arm-none-eabi/lib/armv7-m\libg.a(lib_a-sccl.o)
                0x0009033c                __sccl
 .text.nanf     0x000903ac        0x8 c:/programdata/matlab/supportpackages/r2021b/aide/portable/packages/arduino/tools/arm-none-eabi-gcc/4.8.3-2014q1/bin/../lib/gcc/arm-none-eabi/4.8.3/../../../../arm-none-eabi/lib/armv7-m\libg.a(lib_a-sf_nan.o)
                0x000903ac                nanf
 .text._raise_r
                0x000903b4       0x58 c:/programdata/matlab/supportpackages/r2021b/aide/portable/packages/arduino/tools/arm-none-eabi-gcc/4.8.3-2014q1/bin/../lib/gcc/arm-none-eabi/4.8.3/../../../../arm-none-eabi/lib/armv7-m\libg.a(lib_a-signal.o)
                0x000903b4                _raise_r
 .text.raise    0x0009040c       0x10 c:/programdata/matlab/supportpackages/r2021b/aide/portable/packages/arduino/tools/arm-none-eabi-gcc/4.8.3-2014q1/bin/../lib/gcc/arm-none-eabi/4.8.3/../../../../arm-none-eabi/lib/armv7-m\libg.a(lib_a-signal.o)
                0x0009040c                raise
 .text._kill_r  0x0009041c       0x28 c:/programdata/matlab/supportpackages/r2021b/aide/portable/packages/arduino/tools/arm-none-eabi-gcc/4.8.3-2014q1/bin/../lib/gcc/arm-none-eabi/4.8.3/../../../../arm-none-eabi/lib/armv7-m\libg.a(lib_a-signalr.o)
                0x0009041c                _kill_r
 .text._getpid_r
                0x00090444        0x4 c:/programdata/matlab/supportpackages/r2021b/aide/portable/packages/arduino/tools/arm-none-eabi-gcc/4.8.3-2014q1/bin/../lib/gcc/arm-none-eabi/4.8.3/../../../../arm-none-eabi/lib/armv7-m\libg.a(lib_a-signalr.o)
                0x00090444                _getpid_r
 .text._strtoll_r
                0x00090448      0x19c c:/programdata/matlab/supportpackages/r2021b/aide/portable/packages/arduino/tools/arm-none-eabi-gcc/4.8.3-2014q1/bin/../lib/gcc/arm-none-eabi/4.8.3/../../../../arm-none-eabi/lib/armv7-m\libg.a(lib_a-strtoll_r.o)
                0x00090448                _strtoll_r
 .text._strtoul_r
                0x000905e4      0x130 c:/programdata/matlab/supportpackages/r2021b/aide/portable/packages/arduino/tools/arm-none-eabi-gcc/4.8.3-2014q1/bin/../lib/gcc/arm-none-eabi/4.8.3/../../../../arm-none-eabi/lib/armv7-m\libg.a(lib_a-strtoul.o)
                0x000905e4                _strtoul_r
 .text._strtoull_r
                0x00090714      0x190 c:/programdata/matlab/supportpackages/r2021b/aide/portable/packages/arduino/tools/arm-none-eabi-gcc/4.8.3-2014q1/bin/../lib/gcc/arm-none-eabi/4.8.3/../../../../arm-none-eabi/lib/armv7-m\libg.a(lib_a-strtoull_r.o)
                0x00090714                _strtoull_r
 .text.__ssprint_r
                0x000908a4      0x100 c:/programdata/matlab/supportpackages/r2021b/aide/portable/packages/arduino/tools/arm-none-eabi-gcc/4.8.3-2014q1/bin/../lib/gcc/arm-none-eabi/4.8.3/../../../../arm-none-eabi/lib/armv7-m\libg.a(lib_a-svfiprintf.o)
                0x000908a4                __ssprint_r
 .text._sungetc_r
                0x000909a4       0x80 c:/programdata/matlab/supportpackages/r2021b/aide/portable/packages/arduino/tools/arm-none-eabi-gcc/4.8.3-2014q1/bin/../lib/gcc/arm-none-eabi/4.8.3/../../../../arm-none-eabi/lib/armv7-m\libg.a(lib_a-svfiscanf.o)
                0x000909a4                _sungetc_r
 .text.__ssrefill_r
                0x00090a24       0x3c c:/programdata/matlab/supportpackages/r2021b/aide/portable/packages/arduino/tools/arm-none-eabi-gcc/4.8.3-2014q1/bin/../lib/gcc/arm-none-eabi/4.8.3/../../../../arm-none-eabi/lib/armv7-m\libg.a(lib_a-svfiscanf.o)
                0x00090a24                __ssrefill_r
 .text._sfread_r
                0x00090a60       0x80 c:/programdata/matlab/supportpackages/r2021b/aide/portable/packages/arduino/tools/arm-none-eabi-gcc/4.8.3-2014q1/bin/../lib/gcc/arm-none-eabi/4.8.3/../../../../arm-none-eabi/lib/armv7-m\libg.a(lib_a-svfiscanf.o)
                0x00090a60                _sfread_r
 .text.__submore
                0x00090ae0       0x7c c:/programdata/matlab/supportpackages/r2021b/aide/portable/packages/arduino/tools/arm-none-eabi-gcc/4.8.3-2014q1/bin/../lib/gcc/arm-none-eabi/4.8.3/../../../../arm-none-eabi/lib/armv7-m\libg.a(lib_a-ungetc.o)
                0x00090ae0                __submore
 .text.__swbuf_r
                0x00090b5c       0xa8 c:/programdata/matlab/supportpackages/r2021b/aide/portable/packages/arduino/tools/arm-none-eabi-gcc/4.8.3-2014q1/bin/../lib/gcc/arm-none-eabi/4.8.3/../../../../arm-none-eabi/lib/armv7-m\libg.a(lib_a-wbuf.o)
                0x00090b5c                __swbuf_r
 .text._wcrtomb_r
                0x00090c04       0x50 c:/programdata/matlab/supportpackages/r2021b/aide/portable/packages/arduino/tools/arm-none-eabi-gcc/4.8.3-2014q1/bin/../lib/gcc/arm-none-eabi/4.8.3/../../../../arm-none-eabi/lib/armv7-m\libg.a(lib_a-wcrtomb.o)
                0x00090c04                _wcrtomb_r
 .text.__ascii_wctomb
                0x00090c54       0x1c c:/programdata/matlab/supportpackages/r2021b/aide/portable/packages/arduino/tools/arm-none-eabi-gcc/4.8.3-2014q1/bin/../lib/gcc/arm-none-eabi/4.8.3/../../../../arm-none-eabi/lib/armv7-m\libg.a(lib_a-wctomb_r.o)